shard 4/6: 248 configurations, 165 items
[4 k=2 kc=1] (x (λ⊤.(0 0))) @ x≡(λ⊤.(0 0));[] — 5 d, 2 c, 100 runs, 1820 calls, CYCLE +0, C +0, V +0  [0s]
[10 k=2 kc=1] (x x) @ w≡(⊤ ⊤), x≡(λ⊤.(0 (0 w)));[] — 52 d, 10 c, 1000 runs, 26871 calls, CYCLE +0, C +0, V +0  [3s]
[16 k=2 kc=1] (x x) @ w≡((λ⊤.0) ⊤), x≡(λ⊤.((0 0) w));[] — 52 d, 13 c, 1000 runs, 33035 calls, CYCLE +0, C +0, V +0  [7s]
[22 k=2 kc=1] x @ w≡((λ⊤.0) ⊤), x≡(λ⊤.(0 (0 w)));[x] — 13 d, 60 c, 1000 runs, 15098 calls, CYCLE +0, C +0, V +0  [9s]
[28 k=2 kc=1] x @ w≤⊤, x≡(λ⊤.(0 0));[w] — 5 d, 9 c, 1000 runs, 7063 calls, CYCLE +0, C +0, V +0  [9s]
[34 k=2 kc=1] ((λ⊤.0) ((λ⊤.0) x)) @ x≡(⊤ ⊤);[] — 165 d, 3 c, 1000 runs, 18206 calls, CYCLE +0, C +0, V +0  [10s]
[40 k=2 kc=1] (λ⊤.0) @ x≡(((⊤ ⊤) (⊤ ⊤)) ((⊤ ⊤) (⊤ ⊤)));[((λ⊤.((λ⊤.0) (0 0))) x)] — 205 d, 3485 c, 1000 runs, 38237 calls, CYCLE +0, C +0, V +0  [23s]
[46 k=2 kc=1] (x (λ⊤.((0 0) v))) @ v≡(⊤ ⊤), x≡(λ⊤.(0 0));[] — 15 d, 4 c, 1000 runs, 25486 calls, CYCLE +0, C +0, V +0  [26s]
[52 k=2 kc=1] (v1 ((⊤ ⊤) (⊤ ⊤))) @ v0≡⊤, v1≡(λ⊤.(λ0.((v0 ⊤) v0)));[(v0 ⊤)] — 84 d, 47 c, 1000 runs, 20305 calls, CYCLE +0, C +0, V +0  [28s]
[58 k=2 kc=1] (λv0.((v0 (λv0.v0)) v1)) @ v0≤((⊤ ⊤) ⊤), v1≡(((λv0.(λv0.(λ0.⊤))) ⊤) ⊤);[(λv1.(λ⊤.0))] — 5 d, 52 c, 1000 runs, 19018 calls, CYCLE +0, C +0, V +0  [32s]
[64 k=2 kc=1] (⊤ v1) @ v0≡(⊤ (λ⊤.(0 0))), v1≡(v0 v0), v2≤(⊤ (λv0.((λv1.v0) v0)));[] — 11 d, 2297 c, 1000 runs, 9181 calls, CYCLE +0, C +0, V +0  [34s]
[70 k=2 kc=1] (λv0.(⊤ ⊤)) @ v0≡(λ⊤.(λ0.1)), v1≡(λv0.(⊤ (0 (⊤ v0)))), v2≡(v1 (⊤ ⊤));[(λv2.v1), (λ⊤.(λ0.v2))] — 4 d, 10649 c, 1000 runs, 7291 calls, CYCLE +0, C +0, V +0  [36s]
[76 k=2 kc=1] (λ(v0 ⊤).(λv2.((0 v1) (λ0.v1)))) @ v0≡((⊤ ⊤) (⊤ ⊤)), v1≡(λv0.(λ0.(⊤ (λv0.(λ1.3))))), v2≡⊤;[((v2 v2) v2)] — 9610 d, 1368 c, 1000 runs, 49187 calls, CYCLE +0, C +0, V +0  [52s]
[82 k=2 kc=1] (⊤ (λv1.((0 v0) 0))) @ v0≡(λ⊤.(⊤ (λ⊤.⊤))), v1≡(λ⊤.v0);[] — 13 d, 10 c, 1000 runs, 16407 calls, CYCLE +0, C +0, V +0  [53s]
[88 k=2 kc=1] (λ⊤.(λ0.((λv0.((1 2) 2)) v1))) @ v0≤(⊤ ⊤), v1≡((λ⊤.⊤) (λ⊤.((v0 0) ⊤)));[] — 6 d, 7 c, 1000 runs, 20412 calls, CYCLE +0, C +0, V +0  [55s]
[94 k=2 kc=1] (λ(v0 v0).((0 (λv0.0)) (λ⊤.1))) @ v0≤⊤;[(v0 (λv0.⊤))] — 4 d, 4 c, 256 runs, 5248 calls, CYCLE +0, C +0, V +0  [56s]
[100 k=2 kc=1] (λ⊤.v1) @ v0≡(⊤ (⊤ ((λ⊤.⊤) (⊤ ⊤)))), v1≡(λ⊤.((λv0.⊤) ⊤));[] — 9 d, 57 c, 1000 runs, 13100 calls, CYCLE +0, C +0, V +0  [58s]
[106 k=2 kc=1] (λv0.(λ⊤.((λ⊤.1) v0))) @ v0≡(λ⊤.(λ⊤.⊤));[] — 8 d, 2 c, 256 runs, 3904 calls, CYCLE +0, C +0, V +0  [58s]
[112 k=2 kc=1] (λ⊤.v1) @ v0≡((λ⊤.⊤) ⊤), v1≡v0, v2≤(⊤ v0);[] — 4 d, 41 c, 1000 runs, 7228 calls, CYCLE +0, C +0, V +0  [58s]
[118 k=2 kc=1] ((v1 v0) v2) @ v0≤⊤, v1≡((λv0.0) v0), v2≡⊤;[⊤, (⊤ (λv1.v2))] — 8 d, 132 c, 1000 runs, 10090 calls, CYCLE +0, C +0, V +0  [59s]
[124 k=2 kc=1] (v0 v0) @ v0≡(λ⊤.(λ0.⊤));[(λ⊤.(⊤ v0)), v0] — 6 d, 25 c, 1000 runs, 12854 calls, CYCLE +0, C +0, V +0  [60s]
[130 k=2 kc=1] (λ(v0 v0).((0 (0 (λv0.(λ1.2)))) ⊤)) @ v0≡⊤;[] — 8 d, 2 c, 256 runs, 4416 calls, CYCLE +0, C +0, V +0  [60s]
[136 k=2 kc=1] ((λ⊤.(λv1.1)) ⊤) @ v0≤((⊤ ⊤) (⊤ ((⊤ ⊤) ⊤))), v1≡(λv0.(λv0.0));[⊤] — 6 d, 29 c, 1000 runs, 10367 calls, CYCLE +0, C +0, V +0  [61s]
[142 k=2 kc=1] ((λv0.⊤) ⊤) @ v0≡(⊤ (λ⊤.(λ0.1)));[⊤, ⊤] — 4 d, 15 c, 1000 runs, 5697 calls, CYCLE +0, C +0, V +0  [61s]
[148 k=2 kc=1] ((⊤ v0) (λ⊤.0)) @ v0≡((λ⊤.0) ((⊤ ⊤) (λ⊤.⊤)));[(λ⊤.(0 v0))] — 10 d, 54 c, 1000 runs, 16952 calls, CYCLE +0, C +0, V +0  [63s]
[154 k=2 kc=1] ((λv1.((v2 ⊤) (v1 (v0 ⊤)))) v2) @ v0≡(λ⊤.(⊤ (λ0.1))), v1≡(v0 (λ⊤.((0 0) (λ⊤.v0)))), v2≤(v0 (⊤ v0));[] — 660 d, 337 c, 1000 runs, 52365 calls, CYCLE +0, C +0, V +0  [81s]
[160 k=2 kc=1] (v0 v1) @ v0≡⊤, v1≡v0;[] — 6 d, 5 c, 900 runs, 4755 calls, CYCLE +0, C +0, V +0  [81s]
[166 k=2 kc=1] (v0 (λv1.(λ0.(λv0.⊤)))) @ v0≡(λ⊤.(0 0)), v1≡((⊤ (⊤ ⊤)) (⊤ v0));[v1] — 100 d, 179 c, 1000 runs, 41597 calls, CYCLE +0, C +0, V +0  [90s]
[172 k=2 kc=1] (((λv1.v2) v1) v0) @ v0≤(λ⊤.((0 ⊤) ⊤)), v1≡(λv0.⊤), v2≤(⊤ v0);[(λ⊤.⊤)] — 6 d, 26 c, 1000 runs, 9286 calls, CYCLE +0, C +0, V +0  [91s]
[178 k=2 kc=1] (v2 ⊤) @ v0≡(⊤ ((⊤ (⊤ (⊤ ⊤))) ⊤)), v1≡⊤, v2≡(λ⊤.(λv0.((λ⊤.v1) ⊤)));[] — 25 d, 169 c, 1000 runs, 15932 calls, CYCLE +0, C +0, V +0  [94s]
[184 k=2 kc=1] (λv0.(λv0.(λv1.(v0 v1)))) @ v0≤⊤, v1≡v0;[(λ⊤.(λ⊤.1)), ⊤] — 4 d, 19 c, 1000 runs, 10480 calls, CYCLE +0, C +0, V +0  [94s]
[190 k=2 kc=1] ((λ⊤.(v0 (0 0))) ⊤) @ v0≡(λ⊤.⊤);[⊤] — 8 d, 5 c, 1000 runs, 12812 calls, CYCLE +0, C +0, V +0  [95s]
[196 k=2 kc=1] ((v0 (v1 (v0 (v1 v1)))) v0) @ v0≡(λ⊤.⊤), v1≡(λv0.((⊤ (v0 v0)) v0));[] skipped (74088 d, 41 c)
[202 k=2 kc=1] (λv0.((⊤ (λv0.(0 (λ1.2)))) v2)) @ v0≡((⊤ (⊤ (λ⊤.⊤))) ⊤), v1≤(λv0.(v0 ⊤)), v2≤((v0 (v0 (λv1.(λv0.0)))) ⊤);[(λv1.0), (v2 ⊤)] skipped (68 d, 39299 c)
[208 k=2 kc=1] ((λv0.(λv1.0)) (v0 ⊤)) @ v0≡(λ⊤.(0 (⊤ ⊤))), v1≡v0;[] — 80 d, 10 c, 1000 runs, 22556 calls, CYCLE +0, C +0, V +0  [97s]
[214 k=2 kc=1] ((((v0 (λ⊤.v0)) v0) v0) (λ⊤.0)) @ v0≡(⊤ (⊤ ⊤));[] — 256 d, 4 c, 1000 runs, 20986 calls, CYCLE +0, C +0, V +0  [98s]
[220 k=2 kc=1] ((λv0.(λ⊤.0)) (λv0.((0 v1) v2))) @ v0≡(λ⊤.((0 ⊤) (λ⊤.0))), v1≡(λ⊤.(((λ⊤.1) (λ0.1)) 0)), v2≡(v1 (λv0.(v0 v0)));[(v1 v0)] — 3150 d, 1759 c, 1000 runs, 84834 calls, CYCLE +0, C +0, V +0  [163s]
[226 k=2 kc=1] (λ(v0 v0).(λ⊤.(λ⊤.((v0 (λ2.⊤)) 1)))) @ v0≡((⊤ ⊤) (λ⊤.(⊤ (0 0))));[] — 125 d, 5 c, 1000 runs, 33909 calls, CYCLE +0, C +0, V +0  [168s]
[232 k=2 kc=1] (λ(v1 v1).((⊤ (λ0.((v1 ⊤) ⊤))) 0)) @ v0≤((⊤ ⊤) (⊤ ⊤)), v1≡(λv0.⊤);[(⊤ (v0 v0))] — 84 d, 32 c, 1000 runs, 22485 calls, CYCLE +0, C +0, V +0  [170s]
[238 k=2 kc=1] (v0 v0) @ v0≡⊤;[(λ⊤.(λv0.⊤)), ⊤] — 4 d, 12 c, 1000 runs, 4471 calls, CYCLE +0, C +0, V +0  [170s]
[244 k=2 kc=1] ((λv1.v2) v2) @ v0≡((λ⊤.(λ0.((1 ⊤) 1))) ⊤), v1≡(v0 v0), v2≡(((λv0.0) v1) ((v0 ⊤) v1));[((v0 v1) v1), ⊤] skipped (10086 d, 104217 c)
[2 k=2 kc=2] x @ x≡(λ⊤.(0 0));[x] — 5 d, 7 c, 1000 runs, 8627 calls, CYCLE +0, C +0, V +0  [171s]
[8 k=2 kc=2] (x x) @ w≡(⊤ ⊤), x≡(λ⊤.((0 0) w));[w] — 52 d, 73 c, 1000 runs, 26840 calls, CYCLE +0, C +0, V +0  [174s]
[14 k=2 kc=2] x @ w≡(⊤ ⊤), x≡(λ⊤.((0 0) w)), y≡x;[y] — 13 d, 264 c, 1000 runs, 13446 calls, CYCLE +0, C +0, V +0  [176s]
[20 k=2 kc=2] x @ w≡((λ⊤.0) ⊤), x≡(λ⊤.((0 0) w));[x, w] — 13 d, 777 c, 1000 runs, 19535 calls, CYCLE +0, C +0, V +0  [180s]
[26 k=2 kc=2] y @ w≡((λ⊤.0) ⊤), x≡(λ⊤.((0 0) w)), y≡x;[x] — 3 d, 729 c, 1000 runs, 9203 calls, CYCLE +0, C +0, V +0  [182s]
[32 k=2 kc=2] x @ w≡(((⊤ ⊤) (⊤ ⊤)) ((⊤ ⊤) (⊤ ⊤))), x≡((λ⊤.((λ⊤.0) (0 0))) w);[w] skipped (205 d, 20192346 c)
[38 k=2 kc=2] ((λ⊤.0) ((λ⊤.((λ⊤.0) (0 0))) x)) @ x≡(((⊤ ⊤) (⊤ ⊤)) ((⊤ ⊤) (⊤ ⊤)));[] skipped (memory)
[44 k=2 kc=2] v @ y≡(λ⊤.(0 0)), v≡(y ((⊤ ⊤) (⊤ ⊤)));[] — 9 d, 209 c, 1000 runs, 12062 calls, CYCLE +0, C +0, V +0  [204s]
[50 k=2 kc=2] (λ⊤.((v0 0) (λ⊤.(v0 v0)))) @ v0≡((⊤ (λ⊤.(⊤ ⊤))) ⊤);[⊤] — 128 d, 11 c, 1000 runs, 26291 calls, CYCLE +0, C +0, V +0  [206s]
[56 k=2 kc=2] (λv1.⊤) @ v0≡(⊤ ⊤), v1≡(⊤ ⊤);[(λv1.0), ⊤] — 3 d, 79 c, 1000 runs, 4313 calls, CYCLE +0, C +0, V +0  [207s]
[62 k=2 kc=2] ((λv2.v2) v1) @ v0≡((⊤ ⊤) (⊤ (λ⊤.0))), v1≡⊤, v2≤v1;[((v0 v1) ⊤), ⊤] — 4 d, 993 c, 1000 runs, 4514 calls, CYCLE +0, C +0, V +0  [207s]
[68 k=2 kc=2] (v1 (λv0.(λ⊤.(λ1.((λ0.v0) 0))))) @ v0≡(λ⊤.(λ⊤.(1 0))), v1≤(λv0.(λv0.(λ1.(1 (2 0)))));[(λv1.(v1 0))] — 8 d, 18 c, 1000 runs, 22425 calls, CYCLE +0, C +0, V +0  [212s]
[74 k=2 kc=2] ((⊤ v0) (λ⊤.(λ0.⊤))) @ v0≡((λ⊤.(0 (λ0.0))) (⊤ ⊤));[] — 20 d, 19 c, 1000 runs, 19978 calls, CYCLE +0, C +0, V +0  [215s]
[80 k=2 kc=2] (λ⊤.(λ0.1)) @ v0≡⊤;[v0] — 9 d, 7 c, 1000 runs, 8005 calls, CYCLE +0, C +0, V +0  [215s]
[86 k=2 kc=2] (λv0.(0 v2)) @ v0≡(⊤ ⊤), v1≡(v0 ((λ⊤.⊤) ⊤)), v2≡(((λv0.(⊤ v0)) v0) v0);[v0] — 1740 d, 28660 c, 1000 runs, 20489 calls, CYCLE +0, C +0, V +0  [220s]
[92 k=2 kc=2] ((λv0.(λv0.(λv0.0))) ⊤) @ v0≡⊤;[⊤, (⊤ ⊤)] — 36 d, 13 c, 1000 runs, 11354 calls, CYCLE +0, C +0, V +0  [220s]
[98 k=2 kc=2] (λ(⊤ ⊤).(λ(⊤ v0).((v0 (λ1.0)) (1 1)))) @ v0≡(λ⊤.(λ0.0));[v0] — 810 d, 7 c, 1000 runs, 40875 calls, CYCLE +0, C +0, V +0  [225s]
[104 k=2 kc=2] (((v0 v0) v0) v0) @ v0≡((λ⊤.0) ⊤);[] — 256 d, 4 c, 1000 runs, 24606 calls, CYCLE +0, C +0, V +0  [226s]
[110 k=2 kc=2] (λv0.(λ⊤.(λ0.(λ1.(λ1.(λ1.v0)))))) @ v0≤(λ⊤.((⊤ 0) 0));[(⊤ (λv0.⊤)), (⊤ (⊤ ⊤))] — 16 d, 47 c, 1000 runs, 17013 calls, CYCLE +0, C +0, V +0  [228s]
[116 k=2 kc=2] (⊤ (λ⊤.(λv1.(λ0.1)))) @ v0≡((⊤ ⊤) (λ⊤.(λ⊤.(λ1.1)))), v1≡(⊤ ⊤), v2≡(v1 (λ⊤.(λv1.(⊤ v1))));[] — 4 d, 253 c, 1000 runs, 6022 calls, CYCLE +0, C +0, V +0  [229s]
[122 k=2 kc=2] ((v0 (λv0.(λv0.(λ0.2)))) ⊤) @ v0≤⊤;[] — 1 d, 2 c, 4 runs, 44 calls, CYCLE +0, C +0, V +0  [229s]
[128 k=2 kc=2] (λv0.(⊤ (⊤ v0))) @ v0≤(λ⊤.((λ⊤.1) (λ0.⊤)));[(λ⊤.v0), (v0 ⊤)] — 3 d, 15 c, 1000 runs, 4036 calls, CYCLE +0, C +0, V +0  [229s]
[134 k=2 kc=2] (λ⊤.(0 (λv0.(v1 0)))) @ v0≡(⊤ ⊤), v1≡(λv0.(λv0.(1 v0))), v2≡((λv0.v0) (λv1.v1));[(λv2.(⊤ v0))] skipped (memory)
[140 k=2 kc=2] ((λv1.(λv1.0)) (λv2.(λv1.1))) @ v0≡(λ⊤.0), v1≡(λ⊤.v0), v2≡((⊤ (λv1.⊤)) v0);[(λv1.0), (λ⊤.v1)] — 1260 d, 1661 c, 1000 runs, 39703 calls, CYCLE +0, C +0, V +0  [251s]
[146 k=2 kc=2] ((λ⊤.(λv0.(λ1.0))) ⊤) @ v0≤⊤;[v0, (⊤ ⊤)] — 9 d, 13 c, 1000 runs, 10117 calls, CYCLE +0, C +0, V +0  [251s]
[152 k=2 kc=2] ((λ⊤.(λ0.v1)) ((λv1.v1) (λv2.v0))) @ v0≡((⊤ ⊤) ⊤), v1≡((λ⊤.⊤) ⊤), v2≡((λv0.v0) (λv1.⊤));[v2] skipped (439560 d, 10226 c)
[158 k=2 kc=2] (⊤ ⊤) @ v0≡((⊤ (λ⊤.⊤)) ⊤);[⊤] — 2 d, 8 c, 256 runs, 384 calls, CYCLE +0, C +0, V +0  [252s]
[164 k=2 kc=2] (λv0.(λ0.(λv0.⊤))) @ v0≡(⊤ ⊤);[(λv0.(⊤ v0)), v0] — 117 d, 171 c, 1000 runs, 16034 calls, CYCLE +0, C +0, V +0  [253s]
[170 k=2 kc=2] (λv0.0) @ v0≡((λ⊤.(λ0.(0 0))) ⊤);[((λv0.v0) v0), ((⊤ ⊤) v0)] — 57 d, 761 c, 1000 runs, 33150 calls, CYCLE +0, C +0, V +0  [261s]
[176 k=2 kc=2] (λ⊤.(((0 (⊤ ⊤)) v0) (v0 0))) @ v0≡(λ⊤.⊤);[⊤, v0] — 32 d, 11 c, 1000 runs, 17482 calls, CYCLE +0, C +0, V +0  [262s]
[182 k=2 kc=2] (λ(λ⊤.v0).(λ⊤.(λ⊤.(λ⊤.(λ⊤.v0))))) @ v0≤(⊤ (⊤ ⊤));[(λv0.v0)] — 1 d, 8 c, 64 runs, 832 calls, CYCLE +0, C +0, V +0  [262s]
[188 k=2 kc=2] ((λ⊤.⊤) (λv2.v2)) @ v0≡(λ⊤.⊤), v1≡(v0 ⊤), v2≡(λv1.(λv1.(v0 1)));[] — 162 d, 91 c, 1000 runs, 36123 calls, CYCLE +0, C +0, V +0  [271s]
[194 k=2 kc=2] ((λ⊤.v0) v0) @ v0≡⊤;[] — 8 d, 2 c, 256 runs, 1344 calls, CYCLE +0, C +0, V +0  [271s]
[200 k=2 kc=2] (λv0.0) @ v0≤(⊤ (λ⊤.0));[(v0 ⊤), ((v0 v0) ⊤)] — 2 d, 11 c, 484 runs, 2541 calls, CYCLE +0, C +0, V +0  [271s]
[206 k=2 kc=2] (λ⊤.(⊤ (λv0.v0))) @ v0≤(λ(⊤ ⊤).((λ0.1) ((λ0.0) ⊤)));[(λv0.v0)] — 2 d, 26 c, 1000 runs, 4024 calls, CYCLE +0, C +0, V +0  [271s]
[212 k=2 kc=2] ((⊤ ⊤) ⊤) @ v0≤(λ⊤.((0 0) 0));[(⊤ (λ⊤.0)), (λ⊤.0)] — 2 d, 16 c, 1000 runs, 3502 calls, CYCLE +0, C +0, V +0  [271s]
[218 k=2 kc=2] (v1 v0) @ v0≡(⊤ ⊤), v1≡((λv0.0) (v0 ⊤)), v2≡(((v0 ⊤) v1) (v1 ⊤));[(v0 v0)] skipped (66 d, 4784350 c)
[224 k=2 kc=2] (λ⊤.((λv0.v0) (λv0.(λ⊤.2)))) @ v0≡(⊤ (λ⊤.0));[((v0 v0) ⊤), ((λv0.v0) ⊤)] — 360 d, 390 c, 1000 runs, 24064 calls, CYCLE +0, C +0, V +0  [277s]
[230 k=2 kc=2] ((λ⊤.((v0 (0 ⊤)) (0 v0))) v0) @ v0≤((⊤ ((⊤ ⊤) ⊤)) (⊤ ⊤));[] — 4 d, 7 c, 784 runs, 11368 calls, CYCLE +0, C +0, V +0  [278s]
[236 k=2 kc=2] (λv0.(⊤ 0)) @ v0≡(⊤ (⊤ (λ⊤.(λ0.(1 ⊤))))), v1≡(λ⊤.(λ⊤.(λ0.(λ0.2))));[] — 8 d, 5 c, 1000 runs, 6512 calls, CYCLE +0, C +0, V +0  [279s]
[242 k=2 kc=2] (λ⊤.(λ⊤.(1 (0 0)))) @ v0≡(((⊤ ⊤) (λ⊤.(λ⊤.⊤))) ⊤);[v0] — 4 d, 14 c, 1000 runs, 17675 calls, CYCLE +0, C +0, V +0  [281s]
[0 k=3 kc=1] ((λ⊤.(0 0)) (λ⊤.(0 0))) @ ε;[] — 20 d, 1 c, 300 runs, 8335 calls, CYCLE +0, C +17, V +51  [281s]
[6 k=3 kc=1] ((x x) w) @ w≡(⊤ ⊤), x≡(λ⊤.((0 0) w));[] — 336 d, 10 c, 300 runs, 10657 calls, CYCLE +0, C +0, V +0  [283s]
[12 k=3 kc=1] (y y) @ w≡(⊤ ⊤), x≡(λ⊤.((0 0) w)), y≡x;[] — 70 d, 21 c, 300 runs, 8320 calls, CYCLE +0, C +0, V +0  [284s]
[18 k=3 kc=1] x @ w≡((λ⊤.0) ⊤), x≡(λ⊤.((0 0) w));[x] — 37 d, 60 c, 300 runs, 7675 calls, CYCLE +0, C +0, V +0  [285s]
[24 k=3 kc=1] (y x) @ w≡((λ⊤.0) ⊤), x≡(λ⊤.((0 0) w)), y≡x;[] — 70 d, 27 c, 300 runs, 10385 calls, CYCLE +0, C +0, V +0  [287s]
[30 k=3 kc=1] (x x) @ w≡(((⊤ ⊤) (⊤ ⊤)) ((⊤ ⊤) (⊤ ⊤))), x≡((λ⊤.((λ⊤.0) (0 0))) w);[] skipped (memory)
[36 k=3 kc=1] ((λ⊤.0) ((λ⊤.0) x)) @ x≡(λ⊤.(0 0));[] — 80 d, 2 c, 300 runs, 8097 calls, CYCLE +0, C +0, V +0  [300s]
[42 k=3 kc=1] ((λ⊤.0) ((λ⊤.((λ⊤.0) (0 0))) x)) @ x≡(λ⊤.(0 0));[] skipped (43560 d, 2 c)
[48 k=3 kc=1] (λ⊤.0) @ v0≤(λ⊤.((λ0.(λ1.(2 ⊤))) 0));[v0, (λ⊤.0)] — 2 d, 15 c, 300 runs, 1121 calls, CYCLE +0, C +0, V +0  [300s]
[54 k=3 kc=1] (λv0.(λ(λ⊤.v0).(λ1.(λ1.(1 (λ3.1)))))) @ v0≡((⊤ ⊤) ⊤);[(⊤ v0), ⊤] — 450 d, 39 c, 300 runs, 8843 calls, CYCLE +0, C +0, V +0  [301s]
[60 k=3 kc=1] (⊤ ⊤) @ v0≡(λ⊤.(λ⊤.⊤));[v0] — 2 d, 7 c, 196 runs, 294 calls, CYCLE +0, C +0, V +0  [301s]
[66 k=3 kc=1] ((v1 (λv1.(0 (⊤ v2)))) v1) @ v0≤(⊤ ⊤), v1≡(λ⊤.(⊤ ⊤)), v2≡((λv1.⊤) v1);[((λ⊤.v2) ⊤)] — 378 d, 1003 c, 300 runs, 8501 calls, CYCLE +0, C +0, V +0  [303s]
[72 k=3 kc=1] (λv0.0) @ v0≡⊤, v1≡v0, v2≡(λ⊤.(⊤ (⊤ 0)));[v1] — 8 d, 96 c, 300 runs, 1795 calls, CYCLE +0, C +0, V +0  [303s]
[78 k=3 kc=1] (⊤ v2) @ v0≤(λ⊤.((λ⊤.⊤) (λ⊤.1))), v1≡(λ⊤.0), v2≡(((λv1.(0 v0)) v0) v1);[⊤] — 12 d, 172 c, 300 runs, 4189 calls, CYCLE +0, C +0, V +0  [304s]
[84 k=3 kc=1] (λ⊤.(λ⊤.(λ⊤.0))) @ v0≡(λ⊤.(λ0.(⊤ 1))), v1≡(λv0.(λ⊤.(1 (λ⊤.2))));[(v1 v1), v1] — 1 d, 190 c, 300 runs, 2100 calls, CYCLE +0, C +0, V +0  [304s]
[90 k=3 kc=1] (λv1.(((λ0.v1) v0) v0)) @ v0≡((⊤ ⊤) ⊤), v1≡v0;[(v1 ⊤)] — 864 d, 45 c, 300 runs, 8221 calls, CYCLE +0, C +0, V +0  [305s]
[96 k=3 kc=1] (λv0.(λ(λ⊤.v0).(1 (λ1.(1 (⊤ 0)))))) @ v0≡((λ⊤.(0 (0 ⊤))) ⊤);[(λ⊤.v0)] — 1800 d, 19 c, 300 runs, 17437 calls, CYCLE +0, C +0, V +0  [309s]
[102 k=3 kc=1] (v1 (v1 v0)) @ v0≤(λ⊤.(⊤ ⊤)), v1≡(((⊤ ⊤) ⊤) (v0 (⊤ ⊤)));[(v1 (⊤ ⊤))] — 25 d, 183 c, 300 runs, 6100 calls, CYCLE +0, C +0, V +0  [310s]
[108 k=3 kc=1] (λ⊤.⊤) @ v0≡(λ⊤.(⊤ (λ0.1)));[(λv0.v0)] — 1 d, 30 c, 300 runs, 900 calls, CYCLE +0, C +0, V +0  [310s]
[114 k=3 kc=1] (λv0.(v0 0)) @ v0≡(⊤ (⊤ ((λ⊤.(0 0)) ⊤)));[(λ⊤.(λ⊤.v0))] — 392 d, 41 c, 300 runs, 8817 calls, CYCLE +0, C +0, V +0  [311s]
[120 k=3 kc=1] (λv0.(λ0.(λ0.((⊤ v0) (λ2.⊤))))) @ v0≡(⊤ ((⊤ (λ⊤.(⊤ 0))) ⊤));[(v0 ⊤)] — 1080 d, 34 c, 300 runs, 10227 calls, CYCLE +0, C +0, V +0  [313s]
[126 k=3 kc=1] (v0 (λ⊤.v1)) @ v0≡⊤, v1≡(λ⊤.(v0 (0 (v0 ⊤)))), v2≤⊤;[] — 10 d, 10 c, 300 runs, 4771 calls, CYCLE +0, C +0, V +0  [313s]
[132 k=3 kc=1] (λ⊤.(λ0.((v0 1) (λ1.0)))) @ v0≡(λ⊤.⊤);[(⊤ (λv0.v0))] — 432 d, 13 c, 300 runs, 9430 calls, CYCLE +0, C +0, V +0  [314s]
[138 k=3 kc=1] (λv2.v1) @ v0≤(λ⊤.(λ⊤.0)), v1≡((⊤ ⊤) ⊤), v2≡(λv1.(λv0.(λ⊤.1)));[(⊤ v0)] — 12 d, 108 c, 300 runs, 4708 calls, CYCLE +0, C +0, V +0  [315s]
[144 k=3 kc=1] ((λ⊤.(0 v0)) v0) @ v0≡((λ⊤.(0 ⊤)) (⊤ ⊤)), v1≡v0;[((λv1.v1) v0)] — 891 d, 1916 c, 300 runs, 9272 calls, CYCLE +0, C +0, V +0  [316s]
[150 k=3 kc=1] (λv1.(λv1.(λ1.(λ0.(3 (λ1.4)))))) @ v0≡((λ⊤.(⊤ (λ0.0))) ⊤), v1≡(⊤ v0);[] — 49 d, 26 c, 300 runs, 7435 calls, CYCLE +0, C +0, V +0  [318s]
[156 k=3 kc=1] ((λ⊤.v0) (λv0.v0)) @ v0≤⊤;[] — 2 d, 2 c, 16 runs, 92 calls, CYCLE +0, C +0, V +0  [318s]
[162 k=3 kc=1] (λ⊤.(λv1.(λ⊤.(v0 v0)))) @ v0≡((⊤ ⊤) (λ⊤.⊤)), v1≡(v0 (⊤ v0)), v2≡(v0 (λv0.⊤));[] — 117 d, 334 c, 300 runs, 9177 calls, CYCLE +0, C +0, V +0  [321s]
[168 k=3 kc=1] (λv0.(λv0.(⊤ (v0 0)))) @ v0≡(λ(λ⊤.⊤).((0 ⊤) (0 (⊤ 0))));[] — 126 d, 3 c, 300 runs, 12197 calls, CYCLE +0, C +0, V +0  [323s]
[174 k=3 kc=1] (λ(⊤ v0).((λv0.(v0 v0)) (λ0.(⊤ 1)))) @ v0≡⊤;[(⊤ ⊤)] — 432 d, 8 c, 300 runs, 4980 calls, CYCLE +0, C +0, V +0  [323s]
[180 k=3 kc=1] (λv1.((λv1.(v1 1)) v1)) @ v0≡(⊤ (λ⊤.(⊤ (λ⊤.1)))), v1≡(λ(λv0.v0).((v0 v0) (λ0.(λv0.⊤))));[] skipped (memory)
[186 k=3 kc=1] ((v0 ⊤) (⊤ ⊤)) @ v0≡⊤;[] — 4 d, 2 c, 64 runs, 400 calls, CYCLE +0, C +0, V +0  [365s]
[192 k=3 kc=1] (v1 ⊤) @ v0≤(λ⊤.(λ0.(⊤ 0))), v1≡(λ⊤.(λ⊤.(λ⊤.v0))), v2≡(v0 (v0 ((⊤ v1) ⊤)));[v1] — 2 d, 78 c, 300 runs, 2384 calls, CYCLE +0, C +0, V +0  [365s]
[198 k=3 kc=1] (⊤ (v0 ⊤)) @ v0≡(⊤ (λ⊤.((0 0) (0 ⊤))));[] — 4 d, 3 c, 144 runs, 750 calls, CYCLE +0, C +0, V +0  [365s]
[204 k=3 kc=1] (λ⊤.(v1 v0)) @ v0≡⊤, v1≡(λv0.(⊤ (0 ⊤)));[] — 18 d, 9 c, 300 runs, 3716 calls, CYCLE +0, C +0, V +0  [366s]
[210 k=3 kc=1] ((λ⊤.⊤) (v0 (v0 ⊤))) @ v0≤((⊤ ⊤) ⊤);[] — 2 d, 3 c, 36 runs, 279 calls, CYCLE +0, C +0, V +0  [366s]
[216 k=3 kc=1] (((λv0.(λ⊤.0)) (λ⊤.v0)) ⊤) @ v0≡(λ⊤.(⊤ (0 (⊤ ⊤))));[(⊤ v0)] — 40 d, 27 c, 300 runs, 5785 calls, CYCLE +0, C +0, V +0  [366s]
[222 k=3 kc=1] (λv1.(λ⊤.v0)) @ v0≡(⊤ ⊤), v1≤((λv0.v0) v0);[(λv0.v0), (v0 ⊤)] — 3 d, 12133 c, 300 runs, 1946 calls, CYCLE +0, C +0, V +0  [366s]
[228 k=3 kc=1] (v2 (v1 v1)) @ v0≡(λ⊤.(λ0.(λ0.(λ1.2)))), v1≡(⊤ ⊤), v2≡(λv1.(⊤ v0));[(⊤ v0)] — 90 d, 445 c, 300 runs, 4851 calls, CYCLE +0, C +0, V +0  [367s]
[234 k=3 kc=1] ((⊤ ((⊤ v1) v0)) (⊤ (⊤ ⊤))) @ v0≡(⊤ (⊤ ⊤)), v1≡(v0 ⊤);[⊤] — 75 d, 62 c, 300 runs, 4327 calls, CYCLE +0, C +0, V +0  [367s]
[240 k=3 kc=1] (λ⊤.((v0 ⊤) (0 v0))) @ v0≡⊤;[(λ⊤.(λv0.v0))] — 20 d, 10 c, 300 runs, 4999 calls, CYCLE +0, C +0, V +0  [368s]
[246 k=3 kc=1] (v1 (λv1.((λv0.1) 0))) @ v0≡((⊤ ⊤) ((λ⊤.0) (⊤ ⊤))), v1≡(λv0.(λ⊤.((v0 v0) ⊤))), v2≡(λ⊤.0);[] skipped (memory)
[4 k=3 kc=2] (x (λ⊤.(0 0))) @ x≡(λ⊤.(0 0));[] — 11 d, 2 c, 300 runs, 7258 calls, CYCLE +0, C +0, V +0  [387s]
[10 k=3 kc=2] (x x) @ w≡(⊤ ⊤), x≡(λ⊤.(0 (0 w)));[] — 112 d, 10 c, 300 runs, 9612 calls, CYCLE +0, C +0, V +0  [389s]
[16 k=3 kc=2] (x x) @ w≡((λ⊤.0) ⊤), x≡(λ⊤.((0 0) w));[] — 185 d, 17 c, 300 runs, 12617 calls, CYCLE +0, C +0, V +0  [392s]
[22 k=3 kc=2] x @ w≡((λ⊤.0) ⊤), x≡(λ⊤.(0 (0 w)));[x] — 37 d, 113 c, 300 runs, 8202 calls, CYCLE +0, C +0, V +0  [393s]
[28 k=3 kc=2] x @ w≤⊤, x≡(λ⊤.(0 0));[w] — 5 d, 9 c, 300 runs, 2118 calls, CYCLE +0, C +0, V +0  [393s]
[34 k=3 kc=2] ((λ⊤.0) ((λ⊤.0) x)) @ x≡(⊤ ⊤);[] — 255 d, 3 c, 300 runs, 5838 calls, CYCLE +0, C +0, V +0  [394s]
[40 k=3 kc=2] (λ⊤.0) @ x≡(((⊤ ⊤) (⊤ ⊤)) ((⊤ ⊤) (⊤ ⊤)));[((λ⊤.((λ⊤.0) (0 0))) x)] skipped (33049 d, 561833 c)
[46 k=3 kc=2] (x (λ⊤.((0 0) v))) @ v≡(⊤ ⊤), x≡(λ⊤.(0 0));[] — 159 d, 4 c, 300 runs, 11758 calls, CYCLE +0, C +0, V +0  [397s]
[52 k=3 kc=2] (v1 ((⊤ ⊤) (⊤ ⊤))) @ v0≡⊤, v1≡(λ⊤.(λ0.((v0 ⊤) v0)));[(v0 ⊤)] — 84 d, 47 c, 300 runs, 6026 calls, CYCLE +0, C +0, V +0  [398s]
[58 k=3 kc=2] (λv0.((v0 (λv0.v0)) v1)) @ v0≤((⊤ ⊤) ⊤), v1≡(((λv0.(λv0.(λ0.⊤))) ⊤) ⊤);[(λv1.(λ⊤.0))] — 5 d, 78 c, 300 runs, 5773 calls, CYCLE +0, C +0, V +0  [399s]
[64 k=3 kc=2] (⊤ v1) @ v0≡(⊤ (λ⊤.(0 0))), v1≡(v0 v0), v2≤(⊤ (λv0.((λv1.v0) v0)));[] — 11 d, 8345 c, 300 runs, 2731 calls, CYCLE +0, C +0, V +0  [400s]
[70 k=3 kc=2] (λv0.(⊤ ⊤)) @ v0≡(λ⊤.(λ0.1)), v1≡(λv0.(⊤ (0 (⊤ v0)))), v2≡(v1 (⊤ ⊤));[(λv2.v1), (λ⊤.(λ0.v2))] skipped (4 d, 719347 c)
[76 k=3 kc=2] (λ(v0 ⊤).(λv2.((0 v1) (λ0.v1)))) @ v0≡((⊤ ⊤) (⊤ ⊤)), v1≡(λv0.(λ0.(⊤ (λv0.(λ1.3))))), v2≡⊤;[((v2 v2) v2)] — 9610 d, 1368 c, 300 runs, 14789 calls, CYCLE +0, C +0, V +0  [407s]
[82 k=3 kc=2] (⊤ (λv1.((0 v0) 0))) @ v0≡(λ⊤.(⊤ (λ⊤.⊤))), v1≡(λ⊤.v0);[] — 13 d, 10 c, 300 runs, 4997 calls, CYCLE +0, C +0, V +0  [408s]
[88 k=3 kc=2] (λ⊤.(λ0.((λv0.((1 2) 2)) v1))) @ v0≤(⊤ ⊤), v1≡((λ⊤.⊤) (λ⊤.((v0 0) ⊤)));[] — 6 d, 7 c, 300 runs, 6138 calls, CYCLE +0, C +0, V +0  [409s]
[94 k=3 kc=2] (λ(v0 v0).((0 (λv0.0)) (λ⊤.1))) @ v0≤⊤;[(v0 (λv0.⊤))] — 4 d, 4 c, 256 runs, 5248 calls, CYCLE +0, C +0, V +0  [409s]
[100 k=3 kc=2] (λ⊤.v1) @ v0≡(⊤ (⊤ ((λ⊤.⊤) (⊤ ⊤)))), v1≡(λ⊤.((λv0.⊤) ⊤));[] — 9 d, 57 c, 300 runs, 3838 calls, CYCLE +0, C +0, V +0  [410s]
[106 k=3 kc=2] (λv0.(λ⊤.((λ⊤.1) v0))) @ v0≡(λ⊤.(λ⊤.⊤));[] — 8 d, 2 c, 256 runs, 3904 calls, CYCLE +0, C +0, V +0  [410s]
[112 k=3 kc=2] (λ⊤.v1) @ v0≡((λ⊤.⊤) ⊤), v1≡v0, v2≤(⊤ v0);[] — 4 d, 41 c, 300 runs, 2116 calls, CYCLE +0, C +0, V +0  [410s]
[118 k=3 kc=2] ((v1 v0) v2) @ v0≤⊤, v1≡((λv0.0) v0), v2≡⊤;[⊤, (⊤ (λv1.v2))] — 8 d, 148 c, 300 runs, 2999 calls, CYCLE +0, C +0, V +0  [410s]
[124 k=3 kc=2] (v0 v0) @ v0≡(λ⊤.(λ0.⊤));[(λ⊤.(⊤ v0)), v0] — 8 d, 25 c, 300 runs, 4587 calls, CYCLE +0, C +0, V +0  [411s]
[130 k=3 kc=2] (λ(v0 v0).((0 (0 (λv0.(λ1.2)))) ⊤)) @ v0≡⊤;[] — 8 d, 2 c, 256 runs, 4416 calls, CYCLE +0, C +0, V +0  [411s]
[136 k=3 kc=2] ((λ⊤.(λv1.1)) ⊤) @ v0≤((⊤ ⊤) (⊤ ((⊤ ⊤) ⊤))), v1≡(λv0.(λv0.0));[⊤] — 6 d, 29 c, 300 runs, 3183 calls, CYCLE +0, C +0, V +0  [411s]
[142 k=3 kc=2] ((λv0.⊤) ⊤) @ v0≡(⊤ (λ⊤.(λ0.1)));[⊤, ⊤] — 4 d, 15 c, 300 runs, 1699 calls, CYCLE +0, C +0, V +0  [411s]
[148 k=3 kc=2] ((⊤ v0) (λ⊤.0)) @ v0≡((λ⊤.0) ((⊤ ⊤) (λ⊤.⊤)));[(λ⊤.(0 v0))] — 10 d, 90 c, 300 runs, 5063 calls, CYCLE +0, C +0, V +0  [412s]
[154 k=3 kc=2] ((λv1.((v2 ⊤) (v1 (v0 ⊤)))) v2) @ v0≡(λ⊤.(⊤ (λ0.1))), v1≡(v0 (λ⊤.((0 0) (λ⊤.v0)))), v2≤(v0 (⊤ v0));[] — 2280 d, 2421 c, 300 runs, 21863 calls, CYCLE +0, C +0, V +0  [427s]
[160 k=3 kc=2] (v0 v1) @ v0≡⊤, v1≡v0;[] — 6 d, 5 c, 300 runs, 1560 calls, CYCLE +0, C +0, V +0  [427s]
[166 k=3 kc=2] (v0 (λv1.(λ0.(λv0.⊤)))) @ v0≡(λ⊤.(0 0)), v1≡((⊤ (⊤ ⊤)) (⊤ v0));[v1] — 8720 d, 236 c, 300 runs, 19189 calls, CYCLE +0, C +0, V +0  [433s]
[172 k=3 kc=2] (((λv1.v2) v1) v0) @ v0≤(λ⊤.((0 ⊤) ⊤)), v1≡(λv0.⊤), v2≤(⊤ v0);[(λ⊤.⊤)] — 6 d, 26 c, 300 runs, 2864 calls, CYCLE +0, C +0, V +0  [433s]
[178 k=3 kc=2] (v2 ⊤) @ v0≡(⊤ ((⊤ (⊤ (⊤ ⊤))) ⊤)), v1≡⊤, v2≡(λ⊤.(λv0.((λ⊤.v1) ⊤)));[] — 25 d, 169 c, 300 runs, 4836 calls, CYCLE +0, C +0, V +0  [434s]
[184 k=3 kc=2] (λv0.(λv0.(λv1.(v0 v1)))) @ v0≤⊤, v1≡v0;[(λ⊤.(λ⊤.1)), ⊤] — 4 d, 19 c, 300 runs, 3150 calls, CYCLE +0, C +0, V +0  [435s]
[190 k=3 kc=2] ((λ⊤.(v0 (0 0))) ⊤) @ v0≡(λ⊤.⊤);[⊤] — 8 d, 5 c, 300 runs, 3832 calls, CYCLE +0, C +0, V +0  [435s]
[196 k=3 kc=2] ((v0 (v1 (v0 (v1 v1)))) v0) @ v0≡(λ⊤.⊤), v1≡(λv0.((⊤ (v0 v0)) v0));[] skipped (74088 d, 41 c)
[202 k=3 kc=2] (λv0.((⊤ (λv0.(0 (λ1.2)))) v2)) @ v0≡((⊤ (⊤ (λ⊤.⊤))) ⊤), v1≤(λv0.(v0 ⊤)), v2≤((v0 (v0 (λv1.(λv0.0)))) ⊤);[(λv1.0), (v2 ⊤)] skipped (68 d, 39299 c)
[208 k=3 kc=2] ((λv0.(λv1.0)) (v0 ⊤)) @ v0≡(λ⊤.(0 (⊤ ⊤))), v1≡v0;[] — 80 d, 10 c, 300 runs, 6681 calls, CYCLE +0, C +0, V +0  [436s]
[214 k=3 kc=2] ((((v0 (λ⊤.v0)) v0) v0) (λ⊤.0)) @ v0≡(⊤ (⊤ ⊤));[] — 256 d, 4 c, 300 runs, 6392 calls, CYCLE +0, C +0, V +0  [436s]
[220 k=3 kc=2] ((λv0.(λ⊤.0)) (λv0.((0 v1) v2))) @ v0≡(λ⊤.((0 ⊤) (λ⊤.0))), v1≡(λ⊤.(((λ⊤.1) (λ0.1)) 0)), v2≡(v1 (λv0.(v0 v0)));[(v1 v0)] skipped (478782 d, 266575 c)
[226 k=3 kc=2] (λ(v0 v0).(λ⊤.(λ⊤.((v0 (λ2.⊤)) 1)))) @ v0≡((⊤ ⊤) (λ⊤.(⊤ (0 0))));[] — 125 d, 5 c, 300 runs, 10129 calls, CYCLE +0, C +0, V +0  [439s]
[232 k=3 kc=2] (λ(v1 v1).((⊤ (λ0.((v1 ⊤) ⊤))) 0)) @ v0≤((⊤ ⊤) (⊤ ⊤)), v1≡(λv0.⊤);[(⊤ (v0 v0))] — 84 d, 32 c, 300 runs, 6847 calls, CYCLE +0, C +0, V +0  [440s]
[238 k=3 kc=2] (v0 v0) @ v0≡⊤;[(λ⊤.(λv0.⊤)), ⊤] — 4 d, 12 c, 300 runs, 1357 calls, CYCLE +0, C +0, V +0  [440s]
[244 k=3 kc=2] ((λv1.v2) v2) @ v0≡((λ⊤.(λ0.((1 ⊤) 1))) ⊤), v1≡(v0 v0), v2≡(((λv0.0) v1) ((v0 ⊤) v1));[((v0 v1) v1), ⊤] skipped (memory)
DONE
C_stored_piece_refetched 17
V_frame_position_revisit 51
calls 1705597
ext 146681
ext_fetch_stored 26498
fetched_stored_after_own_last_pull 26485
fetched_stored_before_own_last_pull 3178
int 3165
pulls 149846
runs 87340
skipped_memory 6
skipped_size 12
EXAMPLE C {'time': 10, 'depth': 7, 'side': 0, 'var': 'z0', 'var_bt': 0, 'kind': 'ext', 'fetched': ('stk', 1, 0, ('d1', ('p',)), ('orig', 0)), 'frame_from': ('orig', 0), 'frame_to': ('orig', 0), 'trigger': ('d2', ('o', 'F', 'o', 'e', 'F', 'o', 'e')), 'piece_root': ('d1', ('p',)), 'puller_root': ('d1', ('o', 'F', 'p')), 'psize': 5, 'osize': 6, 'stack': 1, 'ctx': 2}
    cfg: ((λ⊤.(0 0)) (λ⊤.(0 0))) @ ε;[] k= 3 kc= 1 quad= (0, 15, 0, 0) {'t1': '((λ⊤.(0 0)) (λ⊤.(0 0)))', 't2': '((λ⊤.((λ⊤.((λ⊤.(0 0)) 0)) (λ⊤.(0 0)))) (λ⊤.(0 0)))', 'c1': 'ε;[]', 'c2': 'ε;[]'}
    {'time': 5, 'depth': 3, 'side': 0, 'var': 'z0', 'var_bt': 0, 'kind': 'ext', 'fetched': ('stk', 1, 0, ('d1', ('p',)), ('orig', 0)), 'frame_from': ('orig', 0), 'frame_to': ('orig', 0), 'trigger': ('d2', ('o', 'F', 'o')), 'piece_root': ('d1', ('p',)), 'puller_root': ('d1', ('o', 'F', 'o')), 'psize': 5, 'osize': 12, 'stack': 1, 'ctx': 1}
    {'time': 9, 'depth': 6, 'side': 0, 'var': 'n55310', 'var_bt': 1, 'kind': 'ext', 'fetched': ('stk', 4, 0, ('d1', ('o', 'F', 'p')), ('orig', 0)), 'frame_from': ('orig', 0), 'frame_to': ('orig', 0), 'trigger': ('d2', ('o', 'F', 'o', 'e', 'F', 'o')), 'piece_root': ('d1', ('o', 'F', 'p')), 'puller_root': ('d1', ('p', 'F', 'o')), 'psize': 1, 'osize': 7, 'stack': 1, 'ctx': 2}
EXAMPLE V (0, ('orig', 0), ('d1', ('p',)))
    cfg: ((λ⊤.(0 0)) (λ⊤.(0 0))) @ ε;[] k= 3 kc= 1 quad= (0, 15, 0, 0) {'t1': '((λ⊤.(0 0)) (λ⊤.(0 0)))', 't2': '((λ⊤.((λ⊤.((λ⊤.(0 0)) 0)) (λ⊤.(0 0)))) (λ⊤.(0 0)))', 'c1': 'ε;[]', 'c2': 'ε;[]'}
    {'time': 5, 'depth': 3, 'side': 0, 'var': 'z0', 'var_bt': 0, 'kind': 'ext', 'fetched': ('stk', 1, 0, ('d1', ('p',)), ('orig', 0)), 'frame_from': ('orig', 0), 'frame_to': ('orig', 0), 'trigger': ('d2', ('o', 'F', 'o')), 'piece_root': ('d1', ('p',)), 'puller_root': ('d1', ('o', 'F', 'o')), 'psize': 5, 'osize': 12, 'stack': 1, 'ctx': 1}
    {'time': 9, 'depth': 6, 'side': 0, 'var': 'n55310', 'var_bt': 1, 'kind': 'ext', 'fetched': ('stk', 4, 0, ('d1', ('o', 'F', 'p')), ('orig', 0)), 'frame_from': ('orig', 0), 'frame_to': ('orig', 0), 'trigger': ('d2', ('o', 'F', 'o', 'e', 'F', 'o')), 'piece_root': ('d1', ('o', 'F', 'p')), 'puller_root': ('d1', ('p', 'F', 'o')), 'psize': 1, 'osize': 7, 'stack': 1, 'ctx': 2}
    {'time': 10, 'depth': 7, 'side': 0, 'var': 'z0', 'var_bt': 0, 'kind': 'ext', 'fetched': ('stk', 1, 0, ('d1', ('p',)), ('orig', 0)), 'frame_from': ('orig', 0), 'frame_to': ('orig', 0), 'trigger': ('d2', ('o', 'F', 'o', 'e', 'F', 'o', 'e')), 'piece_root': ('d1', ('p',)), 'puller_root': ('d1', ('o', 'F', 'p')), 'psize': 5, 'osize': 6, 'stack': 1, 'ctx': 2}
