shard 3/6: 248 configurations, 165 items
[3 k=2 kc=1] (λ⊤.(0 0)) @ x≡(λ⊤.(0 0));[x] — 9 d, 7 c, 1000 runs, 12807 calls, CYCLE +0, C +0, V +0  [1s]
[9 k=2 kc=1] x @ w≡(⊤ ⊤), x≡(λ⊤.((0 0) w));[x, w] — 13 d, 210 c, 1000 runs, 13614 calls, CYCLE +0, C +0, V +0  [2s]
[15 k=2 kc=1] y @ w≡(⊤ ⊤), x≡(λ⊤.((0 0) w)), y≡x;[x] — 3 d, 133 c, 1000 runs, 6798 calls, CYCLE +0, C +0, V +0  [3s]
[21 k=2 kc=1] (x x) @ w≡((λ⊤.0) ⊤), x≡(λ⊤.(0 (0 w)));[] — 52 d, 13 c, 1000 runs, 32564 calls, CYCLE +0, C +0, V +0  [7s]
[27 k=2 kc=1] (x w) @ w≤⊤, x≡(λ⊤.(0 0));[] — 5 d, 3 c, 225 runs, 2043 calls, CYCLE +0, C +0, V +0  [7s]
[33 k=2 kc=1] (x w) @ w≡(((⊤ ⊤) (⊤ ⊤)) ((⊤ ⊤) (⊤ ⊤))), x≡((λ⊤.((λ⊤.0) (0 0))) w);[] — 3485 d, 3469 c, 1000 runs, 47448 calls, CYCLE +0, C +0, V +0  [24s]
[39 k=2 kc=1] ((λ⊤.(0 0)) ((λ⊤.((λ⊤.0) (0 0))) x)) @ x≡(((⊤ ⊤) (⊤ ⊤)) ((⊤ ⊤) (⊤ ⊤)));[] skipped (memory)
[45 k=2 kc=1] (x (λ⊤.(0 v))) @ v≡(⊤ ⊤), x≡(λ⊤.(0 0));[] — 15 d, 4 c, 1000 runs, 20592 calls, CYCLE +0, C +0, V +0  [36s]
[51 k=2 kc=1] ((λ⊤.⊤) (λ⊤.0)) @ v0≡(λ⊤.0), v1≡((λ⊤.(0 v0)) (λv0.⊤));[v0] — 2 d, 135 c, 1000 runs, 5773 calls, CYCLE +0, C +0, V +0  [37s]
[57 k=2 kc=1] (λ⊤.(λ⊤.((0 v1) (λ1.v2)))) @ v0≡((⊤ ⊤) (⊤ ⊤)), v1≤(λv0.(λ⊤.((0 (v0 ⊤)) ⊤))), v2≡(λv0.(λv1.(λv0.v0)));[(λv0.v1)] skipped (756 d, 251381 c)
[63 k=2 kc=1] (λ⊤.(⊤ (λv0.1))) @ v0≡(λ⊤.(λ⊤.(λ⊤.2)));[v0] — 7 d, 7 c, 1000 runs, 13760 calls, CYCLE +0, C +0, V +0  [38s]
[69 k=2 kc=1] ((v2 ⊤) ((λv2.0) v1)) @ v0≤(⊤ (λ⊤.((0 0) (0 ⊤)))), v1≡(((λv0.⊤) v0) (λv0.⊤)), v2≡((v1 (⊤ v0)) ⊤);[⊤] — 609 d, 188 c, 1000 runs, 46457 calls, CYCLE +0, C +0, V +0  [51s]
[75 k=2 kc=1] (((⊤ v2) (v2 (v1 v0))) (λv0.v1)) @ v0≡((λ⊤.⊤) (λ⊤.⊤)), v1≤(((⊤ ⊤) v0) ⊤), v2≡⊤;[(v1 v0), v0] — 54 d, 1307 c, 1000 runs, 23179 calls, CYCLE +0, C +0, V +0  [54s]
[81 k=2 kc=1] ((λv0.0) v0) @ v0≡(((λ⊤.0) ⊤) (λ⊤.0));[v0] — 68 d, 19 c, 1000 runs, 27843 calls, CYCLE +0, C +0, V +0  [56s]
[87 k=2 kc=1] (λv0.(λv1.⊤)) @ v0≤((⊤ ⊤) (λ⊤.(0 ⊤))), v1≡⊤;[] — 2 d, 4 c, 64 runs, 368 calls, CYCLE +0, C +0, V +0  [56s]
[93 k=2 kc=1] (λ⊤.((0 v0) v1)) @ v0≡(λ⊤.((⊤ 0) 0)), v1≡(λv0.(λv0.(1 1)));[] — 30 d, 28 c, 1000 runs, 28835 calls, CYCLE +0, C +0, V +0  [61s]
[99 k=2 kc=1] (λv0.(λv0.v0)) @ v0≡⊤;[] — 8 d, 2 c, 256 runs, 1856 calls, CYCLE +0, C +0, V +0  [61s]
[105 k=2 kc=1] (λ⊤.((λv1.(λv1.v2)) v1)) @ v0≡⊤, v1≡((⊤ v0) (⊤ ⊤)), v2≡(v0 (λv1.(λv1.(1 (λv1.2)))));[] skipped (98392 d, 3251 c)
[111 k=2 kc=1] (v0 (v0 (⊤ v1))) @ v0≡((⊤ ⊤) ⊤), v1≤(λ⊤.(⊤ v0));[v1, (λv1.(v1 0))] — 18 d, 59 c, 1000 runs, 11913 calls, CYCLE +0, C +0, V +0  [64s]
[117 k=2 kc=1] (λv1.(v0 (v1 (λv1.1)))) @ v0≡((⊤ ⊤) ((⊤ ⊤) ⊤)), v1≡(λ⊤.(λv0.(0 (λ1.v0))));[] skipped (172380 d, 126 c)
[123 k=2 kc=1] ((v0 (λ⊤.⊤)) v0) @ v0≡(((λ⊤.(λ⊤.⊤)) ⊤) (λ⊤.⊤));[] — 9 d, 3 c, 729 runs, 17847 calls, CYCLE +0, C +0, V +0  [69s]
[129 k=2 kc=1] (λ(v0 v1).(λ⊤.(v1 (⊤ (0 v0))))) @ v0≡(λ⊤.(λ⊤.((λ⊤.⊤) (1 ⊤)))), v1≡(λ⊤.v0);[(λv1.v1)] — 320 d, 50 c, 1000 runs, 52449 calls, CYCLE +0, C +0, V +0  [80s]
[135 k=2 kc=1] (λv0.0) @ v0≤(λ⊤.(0 ⊤)), v1≤(v0 ((⊤ v0) (λv0.(0 ⊤))));[(λ⊤.0)] — 2 d, 16 c, 1000 runs, 5262 calls, CYCLE +0, C +0, V +0  [80s]
[141 k=2 kc=1] (λv0.0) @ v0≡(⊤ ⊤);[⊤] — 6 d, 8 c, 1000 runs, 5140 calls, CYCLE +0, C +0, V +0  [80s]
[147 k=2 kc=1] (λv2.(λv2.⊤)) @ v0≡((λ⊤.⊤) ⊤), v1≤((λv0.(⊤ 0)) v0), v2≤(λv0.(λv1.(1 ⊤)));[v0] — 1 d, 2905 c, 1000 runs, 5000 calls, CYCLE +0, C +0, V +0  [81s]
[153 k=2 kc=1] ((λv2.(λv0.(v2 (v2 v2)))) v1) @ v0≡(λ⊤.(0 ⊤)), v1≡(v0 (λ⊤.((λv0.(λv0.⊤)) ⊤))), v2≤(λv0.(λ0.(0 (v0 ⊤))));[v1] — 52 d, 848 c, 1000 runs, 32446 calls, CYCLE +0, C +0, V +0  [94s]
[159 k=2 kc=1] (λ⊤.(v1 v1)) @ v0≤(λ⊤.(λ0.0)), v1≡(λ⊤.((v0 v0) ⊤)), v2≡(λ⊤.v0);[⊤, v2] — 4 d, 38 c, 1000 runs, 15633 calls, CYCLE +0, C +0, V +0  [96s]
[165 k=2 kc=1] (λv0.(λ0.((0 (v1 v2)) v2))) @ v0≡(λ⊤.(λ0.⊤)), v1≡(λv0.0), v2≡v0;[(v0 v2)] — 450 d, 55 c, 1000 runs, 39771 calls, CYCLE +0, C +0, V +0  [102s]
[171 k=2 kc=1] (v1 (λ⊤.(v1 (λ⊤.(v0 v1))))) @ v0≡⊤, v1≡⊤;[] — 16 d, 3 c, 1000 runs, 13972 calls, CYCLE +0, C +0, V +0  [102s]
[177 k=2 kc=1] ((λv0.v1) (λ⊤.(v0 v0))) @ v0≡(λ⊤.⊤), v1≤(λv0.⊤);[(λv1.v1), (v0 v1)] — 12 d, 20 c, 1000 runs, 13534 calls, CYCLE +0, C +0, V +0  [103s]
[183 k=2 kc=1] (⊤ (λv0.(λ⊤.((1 v0) v1)))) @ v0≡⊤, v1≡⊤;[(v0 ⊤)] — 9 d, 14 c, 1000 runs, 10782 calls, CYCLE +0, C +0, V +0  [104s]
[189 k=2 kc=1] (λ⊤.(((v0 v0) (λv0.⊤)) 0)) @ v0≡(λ⊤.(λ0.(λ1.(λ⊤.0))));[(λ⊤.0), ⊤] — 72 d, 9 c, 1000 runs, 42268 calls, CYCLE +0, C +0, V +0  [109s]
[195 k=2 kc=1] ((⊤ (v0 ⊤)) (λv0.⊤)) @ v0≤⊤;[⊤] — 2 d, 5 c, 100 runs, 600 calls, CYCLE +0, C +0, V +0  [109s]
[201 k=2 kc=1] (v1 ((⊤ v0) v1)) @ v0≡⊤, v1≡(v0 v0);[(v0 ⊤)] — 75 d, 47 c, 1000 runs, 14823 calls, CYCLE +0, C +0, V +0  [110s]
[207 k=2 kc=1] (λv2.((λv0.0) (((λ0.⊤) v0) 0))) @ v0≡(λ⊤.((λ0.⊤) (λ0.1))), v1≡(v0 ((⊤ v0) (⊤ ⊤))), v2≡(v1 v0);[((λv2.v2) v1)] skipped (memory)
[213 k=2 kc=1] (λ(⊤ ⊤).(λ(λ⊤.v0).((v0 (1 v0)) (λ⊤.⊤)))) @ v0≡(⊤ (⊤ ⊤));[] — 128 d, 4 c, 1000 runs, 21671 calls, CYCLE +0, C +0, V +0  [145s]
[219 k=2 kc=1] ((v1 (⊤ (v1 (⊤ v0)))) v1) @ v0≡((⊤ ⊤) (⊤ (⊤ (λ⊤.0)))), v1≤(⊤ (λ⊤.0)), v2≡(λv1.((λv1.(λ0.1)) 0));[(v0 ⊤), (v2 (v1 ⊤))] — 9 d, 3042 c, 1000 runs, 12190 calls, CYCLE +0, C +0, V +0  [147s]
[225 k=2 kc=1] (v0 (λv0.(λ⊤.v0))) @ v0≡((λ⊤.(⊤ ⊤)) (⊤ ⊤));[(v0 (⊤ v0))] — 729 d, 819 c, 1000 runs, 21118 calls, CYCLE +0, C +0, V +0  [149s]
[231 k=2 kc=1] (λ⊤.v0) @ v0≡((λ⊤.(λ0.((0 ⊤) ⊤))) ⊤), v1≡(λv0.(λv0.v0)), v2≡((⊤ ⊤) v1);[v2, v2] — 7 d, 2837 c, 1000 runs, 15466 calls, CYCLE +0, C +0, V +0  [155s]
[237 k=2 kc=1] ((⊤ v1) (v2 v1)) @ v0≤(⊤ (λ⊤.⊤)), v1≤(v0 (v0 ⊤)), v2≤(λv1.(λ0.(λ⊤.v1)));[(⊤ (v2 v0)), (v0 ⊤)] — 2 d, 68 c, 1000 runs, 5518 calls, CYCLE +0, C +0, V +0  [155s]
[243 k=2 kc=1] (λv1.(0 ⊤)) @ v0≡⊤, v1≡((λv0.v0) ⊤);[(⊤ v0)] — 28 d, 94 c, 1000 runs, 12107 calls, CYCLE +0, C +0, V +0  [156s]
[1 k=2 kc=2] (x x) @ x≡(λ⊤.(0 0));[] — 10 d, 2 c, 400 runs, 6092 calls, CYCLE +0, C +0, V +0  [156s]
[7 k=2 kc=2] x @ w≡(⊤ ⊤), x≡(λ⊤.((0 0) w));[x] — 13 d, 65 c, 1000 runs, 14544 calls, CYCLE +0, C +0, V +0  [158s]
[13 k=2 kc=2] (y x) @ w≡(⊤ ⊤), x≡(λ⊤.((0 0) w)), y≡x;[] — 12 d, 41 c, 1000 runs, 17539 calls, CYCLE +0, C +0, V +0  [160s]
[19 k=2 kc=2] (x x) @ w≡((λ⊤.0) ⊤), x≡(λ⊤.((0 0) w));[w] — 52 d, 161 c, 1000 runs, 33470 calls, CYCLE +0, C +0, V +0  [165s]
[25 k=2 kc=2] x @ w≡((λ⊤.0) ⊤), x≡(λ⊤.((0 0) w)), y≡x;[y] — 13 d, 456 c, 1000 runs, 15883 calls, CYCLE +0, C +0, V +0  [168s]
[31 k=2 kc=2] x @ w≡(((⊤ ⊤) (⊤ ⊤)) ((⊤ ⊤) (⊤ ⊤))), x≡((λ⊤.((λ⊤.0) (0 0))) w);[x] skipped (memory)
[37 k=2 kc=2] ((λ⊤.(0 0)) ((λ⊤.0) x)) @ x≡(λ⊤.(0 0));[] — 392 d, 2 c, 1000 runs, 36495 calls, CYCLE +0, C +0, V +0  [184s]
[43 k=2 kc=2] (λ⊤.(0 0)) @ x≡(λ⊤.(0 0));[((λ⊤.((λ⊤.0) (0 0))) x)] — 625 d, 218 c, 1000 runs, 47856 calls, CYCLE +0, C +0, V +0  [197s]
[49 k=2 kc=2] ((λ⊤.v1) ((λ⊤.(λ0.1)) v0)) @ v0≡(λ⊤.((λ⊤.(λ0.(0 0))) ⊤)), v1≤(λ⊤.(λ⊤.(⊤ ⊤)));[((λv1.v1) v0), v1] — 54 d, 255 c, 1000 runs, 38310 calls, CYCLE +0, C +0, V +0  [208s]
[55 k=2 kc=2] ((λv1.v2) v0) @ v0≡(⊤ ⊤), v1≡v0, v2≡((λv1.⊤) ((v1 ⊤) (v1 ⊤)));[v1, (v0 v0)] skipped (195 d, 153161 c)
[61 k=2 kc=2] (λ(λ⊤.⊤).(λ(0 ⊤).((v0 v0) (λ⊤.(0 ⊤))))) @ v0≡(⊤ (⊤ (λ⊤.(⊤ 0))));[] — 25 d, 5 c, 1000 runs, 23463 calls, CYCLE +0, C +0, V +0  [210s]
[67 k=2 kc=2] ((v1 v1) (v2 (⊤ v0))) @ v0≡(λ⊤.⊤), v1≤(v0 (λv0.⊤)), v2≡(λv1.v0);[] — 9 d, 19 c, 1000 runs, 13629 calls, CYCLE +0, C +0, V +0  [212s]
[73 k=2 kc=2] (λv1.(v0 (λv0.v0))) @ v0≡((λ⊤.(0 ⊤)) ⊤), v1≤(λ⊤.(⊤ (λ0.(0 v0))));[(v1 (v1 ⊤)), (v1 (v1 v0))] — 64 d, 126 c, 1000 runs, 25947 calls, CYCLE +0, C +0, V +0  [218s]
[79 k=2 kc=2] (λv1.(λv1.0)) @ v0≤((⊤ ⊤) (⊤ (λ⊤.(⊤ 0)))), v1≡((⊤ v0) (λv0.(λv0.(λ1.2))));[((⊤ v0) v0)] — 9 d, 73 c, 1000 runs, 21915 calls, CYCLE +0, C +0, V +0  [222s]
[85 k=2 kc=2] (λ⊤.(λv0.(λ⊤.(v0 ⊤)))) @ v0≡((λ⊤.0) ((⊤ ⊤) ⊤));[(⊤ v0)] — 81 d, 107 c, 1000 runs, 27857 calls, CYCLE +0, C +0, V +0  [228s]
[91 k=2 kc=2] (λv0.(0 (λ0.(v1 1)))) @ v0≡(λ⊤.0), v1≤((λ⊤.v0) v0);[(⊤ v1)] — 54 d, 75 c, 1000 runs, 15173 calls, CYCLE +0, C +0, V +0  [229s]
[97 k=2 kc=2] (λv0.(λ⊤.((λv0.⊤) (0 ⊤)))) @ v0≡(λ⊤.((λ0.0) ⊤));[] — 20 d, 4 c, 1000 runs, 20579 calls, CYCLE +0, C +0, V +0  [230s]
[103 k=2 kc=2] ((v0 (λv1.(λ⊤.(v0 1)))) v1) @ v0≡(⊤ ⊤), v1≡(λv0.⊤);[v1, ((λ⊤.v0) ⊤)] — 144 d, 647 c, 1000 runs, 22082 calls, CYCLE +0, C +0, V +0  [232s]
[109 k=2 kc=2] ((v1 (λv1.v0)) ⊤) @ v0≡(⊤ ⊤), v1≤(v0 (λ⊤.⊤));[] — 3 d, 10 c, 900 runs, 7580 calls, CYCLE +0, C +0, V +0  [232s]
[115 k=2 kc=2] (((λv0.v0) (v0 ⊤)) ⊤) @ v0≡⊤;[] — 12 d, 2 c, 576 runs, 5728 calls, CYCLE +0, C +0, V +0  [233s]
[121 k=2 kc=2] (λv0.(λ⊤.0)) @ v0≡((⊤ ⊤) (λ⊤.0));[((λ⊤.⊤) v0)] — 3 d, 23 c, 1000 runs, 9969 calls, CYCLE +0, C +0, V +0  [233s]
[127 k=2 kc=2] (v0 (λv0.(λ⊤.1))) @ v0≡(λ⊤.(λ⊤.(1 (0 ⊤))));[((λ⊤.v0) v0)] — 14 d, 19 c, 1000 runs, 34441 calls, CYCLE +0, C +0, V +0  [240s]
[133 k=2 kc=2] ((λ⊤.v0) (λ⊤.0)) @ v0≡⊤;[(⊤ (λv0.0))] — 4 d, 9 c, 1000 runs, 6418 calls, CYCLE +0, C +0, V +0  [240s]
[139 k=2 kc=2] (v0 (⊤ (λv0.(λ0.v0)))) @ v0≡(⊤ (λ⊤.⊤)), v1≡(⊤ v0);[v0] — 30 d, 96 c, 1000 runs, 12656 calls, CYCLE +0, C +0, V +0  [241s]
[145 k=2 kc=2] (⊤ (λ⊤.(λ⊤.⊤))) @ v0≤((λ⊤.(⊤ ⊤)) ⊤);[((⊤ v0) ⊤), (v0 ⊤)] — 2 d, 41 c, 1000 runs, 2470 calls, CYCLE +0, C +0, V +0  [241s]
[151 k=2 kc=2] (λ⊤.(λv1.(⊤ (λv1.v1)))) @ v0≡(λ⊤.(λ0.(0 0))), v1≤(λ(v0 ⊤).(λ0.(λv0.((λ1.v0) v0))));[v0, (⊤ (λ⊤.⊤))] — 2 d, 2167 c, 1000 runs, 6072 calls, CYCLE +0, C +0, V +0  [243s]
[157 k=2 kc=2] (v1 v2) @ v0≤(((⊤ ⊤) ⊤) ⊤), v1≡(((⊤ (λv0.(v0 ⊤))) ⊤) v0), v2≡(v0 (v0 (λv0.(v1 ⊤))));[⊤] — 12 d, 95 c, 1000 runs, 22977 calls, CYCLE +0, C +0, V +0  [250s]
[163 k=2 kc=2] ((v1 v0) (v1 (v1 v1))) @ v0≡((λ⊤.0) (λ⊤.(0 0))), v1≡(λv0.((0 (v0 0)) v0));[] skipped (memory)
[169 k=2 kc=2] ((λ⊤.(⊤ ⊤)) (λ⊤.(⊤ 0))) @ v0≡(λ⊤.(λ⊤.((0 ⊤) 0)));[] — 8 d, 2 c, 256 runs, 1728 calls, CYCLE +0, C +0, V +0  [261s]
[175 k=2 kc=2] (v0 (v0 (λv0.(λv0.(λ1.(1 ⊤)))))) @ v0≡(λ⊤.⊤);[] — 16 d, 2 c, 1000 runs, 22003 calls, CYCLE +0, C +0, V +0  [263s]
[181 k=2 kc=2] (v0 (⊤ (v1 (v0 ⊤)))) @ v0≡(λ⊤.⊤), v1≡v0, v2≡(⊤ (λv1.0));[(v2 (λv1.⊤)), (λ⊤.(0 v1))] — 14 d, 1989 c, 1000 runs, 13323 calls, CYCLE +0, C +0, V +0  [264s]
[187 k=2 kc=2] (λ⊤.(λ(λv0.⊤).((λv0.(λ2.(λ1.⊤))) ⊤))) @ v0≡((λ⊤.0) ⊤);[(v0 v0), (λv0.(λv0.⊤))] — 320 d, 1092 c, 1000 runs, 34857 calls, CYCLE +0, C +0, V +0  [270s]
[193 k=2 kc=2] (v0 ⊤) @ v0≡((λ⊤.(λ0.(⊤ 1))) ⊤);[(λ⊤.(λ⊤.0))] — 8 d, 20 c, 1000 runs, 11103 calls, CYCLE +0, C +0, V +0  [271s]
[199 k=2 kc=2] ((λ⊤.((λ⊤.v2) ⊤)) ((v2 ⊤) ⊤)) @ v0≤⊤, v1≡(λ⊤.((0 v0) 0)), v2≡(λv1.((0 v0) (λv1.(⊤ ⊤))));[(v2 v2)] — 1156 d, 3850 c, 1000 runs, 71834 calls, CYCLE +0, C +0, V +0  [326s]
[205 k=2 kc=2] (⊤ ((λ⊤.⊤) ⊤)) @ v0≡(λ(λ⊤.⊤).((⊤ (0 0)) (0 ⊤))), v1≡(v0 v0);[(⊤ v0), (v1 ⊤)] — 3 d, 6348 c, 1000 runs, 3184 calls, CYCLE +0, C +0, V +0  [327s]
[211 k=2 kc=2] ((λ⊤.(λ⊤.((λ1.(λ2.2)) v0))) ⊤) @ v0≡(λ⊤.0);[] — 12 d, 2 c, 576 runs, 8896 calls, CYCLE +0, C +0, V +0  [328s]
[217 k=2 kc=2] (v0 ⊤) @ v0≡(⊤ (λ⊤.((0 (⊤ ⊤)) ⊤)));[] — 4 d, 4 c, 256 runs, 1968 calls, CYCLE +0, C +0, V +0  [328s]
[223 k=2 kc=2] (λ⊤.(v0 (λv2.(λ0.1)))) @ v0≡⊤, v1≡(λv0.(λ⊤.(λ⊤.(0 (λ⊤.0))))), v2≡((λv0.v1) (⊤ v1));[(λ⊤.(⊤ 0))] — 38 d, 1335 c, 1000 runs, 26920 calls, CYCLE +0, C +0, V +0  [341s]
[229 k=2 kc=2] (λ⊤.v0) @ v0≡(⊤ (λ⊤.(⊤ (λ0.1)))), v1≡(λv0.(0 v0));[] — 4 d, 65 c, 1000 runs, 6154 calls, CYCLE +0, C +0, V +0  [341s]
[235 k=2 kc=2] (λv0.⊤) @ v0≡((⊤ ⊤) (⊤ (λ⊤.⊤))), v1≡(λv0.(λ⊤.v0));[(λv1.(λ0.0)), v0] skipped (5 d, 38632 c)
[241 k=2 kc=2] (λ(⊤ v1).(((v0 ⊤) (⊤ (λ⊤.v1))) ⊤)) @ v0≡(⊤ ⊤), v1≡((λ⊤.(v0 v0)) v0), v2≤v0;[(λv2.(v2 v0))] — 9408 d, 1960 c, 1000 runs, 35661 calls, CYCLE +0, C +0, V +0  [347s]
[247 k=2 kc=2] (v0 (((λv0.v1) (⊤ v1)) (λv0.0))) @ v0≡((((λ⊤.0) ⊤) (λ⊤.0)) ⊤), v1≡(v0 (λv0.⊤));[v1, ⊤] — 8800 d, 2757 c, 1000 runs, 79540 calls, CYCLE +0, C +0, V +0  [384s]
[5 k=3 kc=1] (x x) @ w≡(⊤ ⊤), x≡(λ⊤.((0 0) w));[] — 112 d, 10 c, 300 runs, 9838 calls, CYCLE +0, C +0, V +0  [386s]
[11 k=3 kc=1] x @ w≡(⊤ ⊤), x≡(λ⊤.(0 (0 w)));[x] — 28 d, 45 c, 300 runs, 6132 calls, CYCLE +0, C +0, V +0  [387s]
[17 k=3 kc=1] ((x x) w) @ w≡((λ⊤.0) ⊤), x≡(λ⊤.((0 0) w));[] — 740 d, 13 c, 300 runs, 14236 calls, CYCLE +0, C +0, V +0  [390s]
[23 k=3 kc=1] (y y) @ w≡((λ⊤.0) ⊤), x≡(λ⊤.((0 0) w)), y≡x;[] — 70 d, 27 c, 300 runs, 10151 calls, CYCLE +0, C +0, V +0  [392s]
[29 k=3 kc=1] x @ w≡(((⊤ ⊤) (⊤ ⊤)) ((⊤ ⊤) (⊤ ⊤))), x≡((λ⊤.((λ⊤.0) (0 0))) w);[] skipped (33049 d, 3469 c)
[35 k=3 kc=1] ((λ⊤.(0 0)) ((λ⊤.0) x)) @ x≡(⊤ ⊤);[] — 3840 d, 3 c, 300 runs, 8907 calls, CYCLE +0, C +0, V +0  [393s]
[41 k=3 kc=1] (λ⊤.(0 0)) @ x≡(((⊤ ⊤) (⊤ ⊤)) ((⊤ ⊤) (⊤ ⊤)));[((λ⊤.((λ⊤.0) (0 0))) x)] skipped (memory)
[47 k=3 kc=1] (u u) @ w≡(λ⊤.0), u≡(λ⊤.(w 0));[] — 40 d, 5 c, 300 runs, 7773 calls, CYCLE +0, C +0, V +0  [406s]
[53 k=3 kc=1] (v2 ⊤) @ v0≤((⊤ ⊤) ⊤), v1≡(λv0.(λv0.(λv0.(λ2.(λ1.4))))), v2≤((λ⊤.(⊤ (λv0.1))) (λ⊤.⊤));[v2, (λv0.(v2 v1))] — 1 d, 168 c, 300 runs, 900 calls, CYCLE +0, C +0, V +0  [406s]
[59 k=3 kc=1] (λv0.((v0 v1) (λ⊤.((1 1) ⊤)))) @ v0≡(λ⊤.(0 0)), v1≡⊤;[] — 40 d, 3 c, 300 runs, 7584 calls, CYCLE +0, C +0, V +0  [407s]
[65 k=3 kc=1] (v1 v0) @ v0≡(λ⊤.⊤), v1≡(λ(λv0.0).((0 (0 (v0 ⊤))) ⊤)), v2≡((λv1.(λv0.(v0 v1))) v0);[(v2 ⊤), (λ⊤.(⊤ v2))] — 74 d, 12736 c, 300 runs, 8526 calls, CYCLE +0, C +0, V +0  [412s]
[71 k=3 kc=1] (λv1.((0 (λv0.⊤)) 0)) @ v0≤(λ⊤.(0 (λ0.0))), v1≤(λ⊤.(λ⊤.((λ0.⊤) v0))), v2≡((λv1.v0) (⊤ (v1 v0)));[(v2 (λv1.v0))] — 36 d, 146 c, 300 runs, 8238 calls, CYCLE +0, C +0, V +0  [415s]
[77 k=3 kc=1] (λ⊤.(0 0)) @ v0≡((⊤ ⊤) (λ⊤.0));[⊤] — 4 d, 8 c, 300 runs, 1959 calls, CYCLE +0, C +0, V +0  [415s]
[83 k=3 kc=1] ((λv2.(λv1.(λv1.2))) ⊤) @ v0≤(λ(⊤ ⊤).((⊤ ⊤) (⊤ (0 0)))), v1≡⊤, v2≡((λ⊤.(λ⊤.⊤)) ((⊤ v1) ⊤));[(v0 v1), (λ⊤.v1)] — 60 d, 1435 c, 300 runs, 5593 calls, CYCLE +0, C +0, V +0  [416s]
[89 k=3 kc=1] (λv1.(λ(λ⊤.v0).(λ0.(((λ⊤.v2) v1) 1)))) @ v0≤(λ⊤.(λ0.(λ1.2))), v1≡(λv0.(⊤ (λv0.(λ⊤.1)))), v2≡(λ⊤.(λ⊤.((0 (λ0.v1)) 0)));[(λv0.v1), v0] — 288 d, 385 c, 300 runs, 11270 calls, CYCLE +0, C +0, V +0  [422s]
[95 k=3 kc=1] ((λ⊤.(⊤ v0)) (v0 ⊤)) @ v0≡(λ⊤.⊤);[] — 12 d, 2 c, 300 runs, 2869 calls, CYCLE +0, C +0, V +0  [422s]
[101 k=3 kc=1] (λ⊤.((v0 0) (λ0.(λ0.1)))) @ v0≡(((⊤ ((⊤ ⊤) ⊤)) ⊤) ⊤);[(λv0.(λ0.v0)), (λv0.⊤)] — 1156 d, 324 c, 300 runs, 16095 calls, CYCLE +0, C +0, V +0  [427s]
[107 k=3 kc=1] (v0 v1) @ v0≡(λ⊤.(λ0.(λ1.(λ1.1)))), v1≤⊤, v2≡(λ⊤.v0);[(λv2.v0), (v2 v1)] — 61 d, 115 c, 300 runs, 9860 calls, CYCLE +0, C +0, V +0  [430s]
[113 k=3 kc=1] (λ⊤.(v0 (⊤ v1))) @ v0≡(⊤ ⊤), v1≡⊤;[v1, (λ⊤.⊤)] — 9 d, 42 c, 300 runs, 2254 calls, CYCLE +0, C +0, V +0  [430s]
[119 k=3 kc=1] (λ(λv0.v2).((λv1.(λ1.(v0 (v1 2)))) v2)) @ v0≡(λ⊤.0), v1≡((λv0.⊤) v0), v2≡⊤;[] — 2240 d, 14 c, 300 runs, 12060 calls, CYCLE +0, C +0, V +0  [432s]
[125 k=3 kc=1] (((λv0.0) ⊤) ((⊤ v0) v0)) @ v0≡(λ⊤.(((⊤ 0) ⊤) 0));[⊤] — 84 d, 8 c, 300 runs, 7649 calls, CYCLE +0, C +0, V +0  [432s]
[131 k=3 kc=1] (λv1.(v0 ⊤)) @ v0≡(⊤ (⊤ ⊤)), v1≡((λ⊤.(λ0.1)) v0);[((λv0.⊤) ⊤), (⊤ ⊤)] — 404 d, 3888 c, 300 runs, 6584 calls, CYCLE +0, C +0, V +0  [433s]
[137 k=3 kc=1] ((λv1.(⊤ 0)) (λv1.(λ⊤.v1))) @ v0≡((⊤ ⊤) ⊤), v1≤(λv0.((v0 (λ0.(λ1.1))) 0));[(⊤ (⊤ v1))] — 4 d, 157 c, 300 runs, 3062 calls, CYCLE +0, C +0, V +0  [433s]
[143 k=3 kc=1] ((λv0.⊤) (λ⊤.v0)) @ v0≤(λ⊤.(λ0.(λ1.(λ1.0)))), v1≡(v0 (⊤ ⊤)), v2≡(⊤ (((v0 ⊤) ⊤) v1));[] — 2 d, 21 c, 300 runs, 1726 calls, CYCLE +0, C +0, V +0  [434s]
[149 k=3 kc=1] (λ⊤.((v2 (λv1.v1)) v1)) @ v0≡(⊤ (λ⊤.(⊤ ⊤))), v1≡v0, v2≡(v0 ⊤);[] — 625 d, 69 c, 300 runs, 8031 calls, CYCLE +0, C +0, V +0  [435s]
[155 k=3 kc=1] (λv1.((λv0.v0) (0 0))) @ v0≡(λ⊤.(λ0.(1 ⊤))), v1≡(λv0.(λ0.(λ1.2)));[(λv1.v1)] — 1800 d, 25 c, 300 runs, 21930 calls, CYCLE +0, C +0, V +0  [442s]
[161 k=3 kc=1] ((v0 v1) ⊤) @ v0≡(⊤ ⊤), v1≤(λ⊤.(λv0.(⊤ 1)));[] — 3 d, 19 c, 300 runs, 1929 calls, CYCLE +0, C +0, V +0  [442s]
[167 k=3 kc=1] (v2 ((λ⊤.(v0 v1)) ⊤)) @ v0≤(((λ⊤.0) (⊤ ⊤)) ⊤), v1≤((v0 v0) v0), v2≡((⊤ (λ⊤.(λ⊤.1))) ⊤);[] — 6 d, 21 c, 300 runs, 3443 calls, CYCLE +0, C +0, V +0  [443s]
[173 k=3 kc=1] (λ(v1 ⊤).(λv0.(1 (λ0.(λ⊤.(v0 ⊤)))))) @ v0≡(⊤ ((⊤ ⊤) (λ⊤.⊤))), v1≤v0, v2≡((λ⊤.(λ⊤.(λ0.v1))) (v1 ⊤));[(⊤ v0), (λv2.(λv1.v2))] — 960 d, 2139 c, 300 runs, 14907 calls, CYCLE +0, C +0, V +0  [451s]
[179 k=3 kc=1] (v0 v0) @ v0≡(λ⊤.(λ⊤.(λ⊤.1)));[(λv0.(λv0.0))] — 12 d, 10 c, 300 runs, 8687 calls, CYCLE +0, C +0, V +0  [452s]
[185 k=3 kc=1] ((⊤ (⊤ v0)) ((λ⊤.(λv0.⊤)) ⊤)) @ v0≡(⊤ (λ⊤.⊤));[(λv0.(λ0.⊤))] — 30 d, 12 c, 300 runs, 3734 calls, CYCLE +0, C +0, V +0  [452s]
[191 k=3 kc=1] ((λ⊤.⊤) ⊤) @ v0≡((⊤ ⊤) (⊤ (⊤ ⊤)));[(λv0.(v0 ⊤))] — 2 d, 350 c, 300 runs, 1119 calls, CYCLE +0, C +0, V +0  [453s]
[197 k=3 kc=1] (λ⊤.0) @ v0≡(⊤ (λ⊤.(λ⊤.(λ⊤.0))));[(v0 v0)] — 10 d, 30 c, 300 runs, 3549 calls, CYCLE +0, C +0, V +0  [453s]
[203 k=3 kc=1] (λv1.(λv2.(v0 1))) @ v0≡(⊤ ⊤), v1≡(((λv0.(λv0.1)) (λv0.v0)) v0), v2≡⊤;[] — 15072 d, 1703 c, 300 runs, 9848 calls, CYCLE +0, C +0, V +0  [455s]
[209 k=3 kc=1] ((v0 (v0 v0)) (λv0.0)) @ v0≡((λ⊤.((λ⊤.(λ1.⊤)) ⊤)) ⊤);[((λ⊤.0) v0)] — 1225 d, 54 c, 300 runs, 14327 calls, CYCLE +0, C +0, V +0  [457s]
[215 k=3 kc=1] (⊤ (λv0.v1)) @ v0≡((λ⊤.(λ⊤.0)) ((λ⊤.⊤) ⊤)), v1≡v0;[(⊤ (λv1.⊤)), ((λ⊤.v1) ⊤)] — 31 d, 861 c, 300 runs, 6273 calls, CYCLE +0, C +0, V +0  [458s]
[221 k=3 kc=1] ((λv2.(λv2.v1)) (λv1.v0)) @ v0≤(λ⊤.⊤), v1≡⊤, v2≡(λv1.(v1 (λ0.(λv0.2))));[(λ⊤.⊤), (v1 (λv2.v0))] — 120 d, 102 c, 300 runs, 7989 calls, CYCLE +0, C +0, V +0  [460s]
[227 k=3 kc=1] (λv0.(λ⊤.(λv0.v0))) @ v0≡⊤;[(λv0.0), ⊤] — 8 d, 12 c, 300 runs, 2774 calls, CYCLE +0, C +0, V +0  [460s]
[233 k=3 kc=1] ((v1 v0) v1) @ v0≤((⊤ ⊤) ⊤), v1≡((λ⊤.⊤) (v0 v0)), v2≤(λ⊤.(⊤ ⊤));[(v0 v1), ⊤] — 9 d, 351 c, 300 runs, 4594 calls, CYCLE +0, C +0, V +0  [460s]
[239 k=3 kc=1] (v2 (⊤ ((v1 (⊤ v1)) (λ⊤.v1)))) @ v0≡(λ⊤.(0 (λ0.(⊤ ⊤)))), v1≡(λ⊤.(λ0.(λ0.1))), v2≡v0;[] — 7582 d, 13 c, 300 runs, 23272 calls, CYCLE +0, C +0, V +0  [471s]
[245 k=3 kc=1] (v0 ((λv0.(λ⊤.(λv0.1))) (λ⊤.v0))) @ v0≡((λ⊤.((λ0.⊤) 0)) (⊤ ⊤));[⊤, v0] skipped (551124 d, 321 c)
[3 k=3 kc=2] (λ⊤.(0 0)) @ x≡(λ⊤.(0 0));[x] — 18 d, 7 c, 300 runs, 5574 calls, CYCLE +0, C +0, V +0  [472s]
[9 k=3 kc=2] x @ w≡(⊤ ⊤), x≡(λ⊤.((0 0) w));[x, w] — 28 d, 356 c, 300 runs, 6753 calls, CYCLE +0, C +0, V +0  [473s]
[15 k=3 kc=2] y @ w≡(⊤ ⊤), x≡(λ⊤.((0 0) w)), y≡x;[x] — 14 d, 425 c, 300 runs, 4934 calls, CYCLE +0, C +0, V +0  [474s]
[21 k=3 kc=2] (x x) @ w≡((λ⊤.0) ⊤), x≡(λ⊤.(0 (0 w)));[] — 185 d, 17 c, 300 runs, 12240 calls, CYCLE +0, C +0, V +0  [476s]
[27 k=3 kc=2] (x w) @ w≤⊤, x≡(λ⊤.(0 0));[] — 5 d, 3 c, 225 runs, 2043 calls, CYCLE +0, C +0, V +0  [476s]
[33 k=3 kc=2] (x w) @ w≡(((⊤ ⊤) (⊤ ⊤)) ((⊤ ⊤) (⊤ ⊤))), x≡((λ⊤.((λ⊤.0) (0 0))) w);[] skipped (561833 d, 561817 c)
[39 k=3 kc=2] ((λ⊤.(0 0)) ((λ⊤.((λ⊤.0) (0 0))) x)) @ x≡(((⊤ ⊤) (⊤ ⊤)) ((⊤ ⊤) (⊤ ⊤)));[] skipped (memory)
[45 k=3 kc=2] (x (λ⊤.(0 v))) @ v≡(⊤ ⊤), x≡(λ⊤.(0 0));[] — 87 d, 4 c, 300 runs, 8548 calls, CYCLE +0, C +0, V +0  [488s]
[51 k=3 kc=2] ((λ⊤.⊤) (λ⊤.0)) @ v0≡(λ⊤.0), v1≡((λ⊤.(0 v0)) (λv0.⊤));[v0] — 2 d, 179 c, 300 runs, 1749 calls, CYCLE +0, C +0, V +0  [488s]
[57 k=3 kc=2] (λ⊤.(λ⊤.((0 v1) (λ1.v2)))) @ v0≡((⊤ ⊤) (⊤ ⊤)), v1≤(λv0.(λ⊤.((0 (v0 ⊤)) ⊤))), v2≡(λv0.(λv1.(λv0.v0)));[(λv0.v1)] skipped (756 d, 251381 c)
[63 k=3 kc=2] (λ⊤.(⊤ (λv0.1))) @ v0≡(λ⊤.(λ⊤.(λ⊤.2)));[v0] — 7 d, 7 c, 300 runs, 4074 calls, CYCLE +0, C +0, V +0  [489s]
[69 k=3 kc=2] ((v2 ⊤) ((λv2.0) v1)) @ v0≤(⊤ (λ⊤.((0 0) (0 ⊤)))), v1≡(((λv0.⊤) v0) (λv0.⊤)), v2≡((v1 (⊤ v0)) ⊤);[⊤] — 609 d, 188 c, 300 runs, 13761 calls, CYCLE +0, C +0, V +0  [492s]
[75 k=3 kc=2] (((⊤ v2) (v2 (v1 v0))) (λv0.v1)) @ v0≡((λ⊤.⊤) (λ⊤.⊤)), v1≤(((⊤ ⊤) v0) ⊤), v2≡⊤;[(v1 v0), v0] — 54 d, 1307 c, 300 runs, 7032 calls, CYCLE +0, C +0, V +0  [493s]
[81 k=3 kc=2] ((λv0.0) v0) @ v0≡(((λ⊤.0) ⊤) (λ⊤.0));[v0] — 84 d, 23 c, 300 runs, 8764 calls, CYCLE +0, C +0, V +0  [494s]
[87 k=3 kc=2] (λv0.(λv1.⊤)) @ v0≤((⊤ ⊤) (λ⊤.(0 ⊤))), v1≡⊤;[] — 2 d, 4 c, 64 runs, 368 calls, CYCLE +0, C +0, V +0  [494s]
[93 k=3 kc=2] (λ⊤.((0 v0) v1)) @ v0≡(λ⊤.((⊤ 0) 0)), v1≡(λv0.(λv0.(1 1)));[] — 30 d, 28 c, 300 runs, 8610 calls, CYCLE +0, C +0, V +0  [495s]
[99 k=3 kc=2] (λv0.(λv0.v0)) @ v0≡⊤;[] — 8 d, 2 c, 256 runs, 1856 calls, CYCLE +0, C +0, V +0  [495s]
[105 k=3 kc=2] (λ⊤.((λv1.(λv1.v2)) v1)) @ v0≡⊤, v1≡((⊤ v0) (⊤ ⊤)), v2≡(v0 (λv1.(λv1.(1 (λv1.2)))));[] skipped (269304 d, 8919 c)
[111 k=3 kc=2] (v0 (v0 (⊤ v1))) @ v0≡((⊤ ⊤) ⊤), v1≤(λ⊤.(⊤ v0));[v1, (λv1.(v1 0))] — 18 d, 59 c, 300 runs, 3547 calls, CYCLE +0, C +0, V +0  [502s]
[117 k=3 kc=2] (λv1.(v0 (v1 (λv1.1)))) @ v0≡((⊤ ⊤) ((⊤ ⊤) ⊤)), v1≡(λ⊤.(λv0.(0 (λ1.v0))));[] skipped (256880 d, 126 c)
[123 k=3 kc=2] ((v0 (λ⊤.⊤)) v0) @ v0≡(((λ⊤.(λ⊤.⊤)) ⊤) (λ⊤.⊤));[] — 9 d, 3 c, 300 runs, 7398 calls, CYCLE +0, C +0, V +0  [510s]
[129 k=3 kc=2] (λ(v0 v1).(λ⊤.(v1 (⊤ (0 v0))))) @ v0≡(λ⊤.(λ⊤.((λ⊤.⊤) (1 ⊤)))), v1≡(λ⊤.v0);[(λv1.v1)] — 448 d, 170 c, 300 runs, 16365 calls, CYCLE +0, C +0, V +0  [514s]
[135 k=3 kc=2] (λv0.0) @ v0≤(λ⊤.(0 ⊤)), v1≤(v0 ((⊤ v0) (λv0.(0 ⊤))));[(λ⊤.0)] — 2 d, 16 c, 300 runs, 1596 calls, CYCLE +0, C +0, V +0  [514s]
[141 k=3 kc=2] (λv0.0) @ v0≡(⊤ ⊤);[⊤] — 6 d, 8 c, 300 runs, 1540 calls, CYCLE +0, C +0, V +0  [514s]
[147 k=3 kc=2] (λv2.(λv2.⊤)) @ v0≡((λ⊤.⊤) ⊤), v1≤((λv0.(⊤ 0)) v0), v2≤(λv0.(λv1.(1 ⊤)));[v0] — 1 d, 4633 c, 300 runs, 1500 calls, CYCLE +0, C +0, V +0  [514s]
[153 k=3 kc=2] ((λv2.(λv0.(v2 (v2 v2)))) v1) @ v0≡(λ⊤.(0 ⊤)), v1≡(v0 (λ⊤.((λv0.(λv0.⊤)) ⊤))), v2≤(λv0.(λ0.(0 (v0 ⊤))));[v1] — 100 d, 8384 c, 300 runs, 12439 calls, CYCLE +0, C +0, V +0  [520s]
[159 k=3 kc=2] (λ⊤.(v1 v1)) @ v0≤(λ⊤.(λ0.0)), v1≡(λ⊤.((v0 v0) ⊤)), v2≡(λ⊤.v0);[⊤, v2] — 4 d, 38 c, 300 runs, 4678 calls, CYCLE +0, C +0, V +0  [520s]
[165 k=3 kc=2] (λv0.(λ0.((0 (v1 v2)) v2))) @ v0≡(λ⊤.(λ0.⊤)), v1≡(λv0.0), v2≡v0;[(v0 v2)] — 1260 d, 110 c, 300 runs, 13714 calls, CYCLE +0, C +0, V +0  [522s]
[171 k=3 kc=2] (v1 (λ⊤.(v1 (λ⊤.(v0 v1))))) @ v0≡⊤, v1≡⊤;[] — 16 d, 3 c, 300 runs, 4190 calls, CYCLE +0, C +0, V +0  [522s]
[177 k=3 kc=2] ((λv0.v1) (λ⊤.(v0 v0))) @ v0≡(λ⊤.⊤), v1≤(λv0.⊤);[(λv1.v1), (v0 v1)] — 12 d, 20 c, 300 runs, 4143 calls, CYCLE +0, C +0, V +0  [523s]
[183 k=3 kc=2] (⊤ (λv0.(λ⊤.((1 v0) v1)))) @ v0≡⊤, v1≡⊤;[(v0 ⊤)] — 9 d, 14 c, 300 runs, 3127 calls, CYCLE +0, C +0, V +0  [523s]
[189 k=3 kc=2] (λ⊤.(((v0 v0) (λv0.⊤)) 0)) @ v0≡(λ⊤.(λ0.(λ1.(λ⊤.0))));[(λ⊤.0), ⊤] — 152 d, 9 c, 300 runs, 15322 calls, CYCLE +0, C +0, V +0  [525s]
[195 k=3 kc=2] ((⊤ (v0 ⊤)) (λv0.⊤)) @ v0≤⊤;[⊤] — 2 d, 5 c, 100 runs, 600 calls, CYCLE +0, C +0, V +0  [525s]
[201 k=3 kc=2] (v1 ((⊤ v0) v1)) @ v0≡⊤, v1≡(v0 v0);[(v0 ⊤)] — 75 d, 47 c, 300 runs, 4444 calls, CYCLE +0, C +0, V +0  [525s]
[207 k=3 kc=2] (λv2.((λv0.0) (((λ0.⊤) v0) 0))) @ v0≡(λ⊤.((λ0.⊤) (λ0.1))), v1≡(v0 ((⊤ v0) (⊤ ⊤))), v2≡(v1 v0);[((λv2.v2) v1)] skipped (memory)
[213 k=3 kc=2] (λ(⊤ ⊤).(λ(λ⊤.v0).((v0 (1 v0)) (λ⊤.⊤)))) @ v0≡(⊤ (⊤ ⊤));[] — 128 d, 4 c, 300 runs, 6474 calls, CYCLE +0, C +0, V +0  [536s]
[219 k=3 kc=2] ((v1 (⊤ (v1 (⊤ v0)))) v1) @ v0≡((⊤ ⊤) (⊤ (⊤ (λ⊤.0)))), v1≤(⊤ (λ⊤.0)), v2≡(λv1.((λv1.(λ0.1)) 0));[(v0 ⊤), (v2 (v1 ⊤))] — 9 d, 6031 c, 300 runs, 3645 calls, CYCLE +0, C +0, V +0  [537s]
[225 k=3 kc=2] (v0 (λv0.(λ⊤.v0))) @ v0≡((λ⊤.(⊤ ⊤)) (⊤ ⊤));[(v0 (⊤ v0))] — 729 d, 819 c, 300 runs, 6334 calls, CYCLE +0, C +0, V +0  [537s]
[231 k=3 kc=2] (λ⊤.v0) @ v0≡((λ⊤.(λ0.((0 ⊤) ⊤))) ⊤), v1≡(λv0.(λv0.v0)), v2≡((⊤ ⊤) v1);[v2, v2] skipped (13 d, 76531 c)
[237 k=3 kc=2] ((⊤ v1) (v2 v1)) @ v0≤(⊤ (λ⊤.⊤)), v1≤(v0 (v0 ⊤)), v2≤(λv1.(λ0.(λ⊤.v1)));[(⊤ (v2 v0)), (v0 ⊤)] — 2 d, 68 c, 300 runs, 1660 calls, CYCLE +0, C +0, V +0  [538s]
[243 k=3 kc=2] (λv1.(0 ⊤)) @ v0≡⊤, v1≡((λv0.v0) ⊤);[(⊤ v0)] — 28 d, 94 c, 300 runs, 3668 calls, CYCLE +0, C +0, V +0  [538s]
DONE
calls 1962125
ext 162440
ext_fetch_stored 29963
fetched_stored_after_own_last_pull 31939
fetched_stored_before_own_last_pull 3259
int 5235
pulls 167675
runs 88383
skipped_memory 7
skipped_size 12
