shard 5/6: 248 configurations, 165 items
[5 k=2 kc=1] (x x) @ w≡(⊤ ⊤), x≡(λ⊤.((0 0) w));[] — 52 d, 10 c, 1000 runs, 27075 calls, CYCLE +0, C +0, V +0  [3s]
[11 k=2 kc=1] x @ w≡(⊤ ⊤), x≡(λ⊤.(0 (0 w)));[x] — 13 d, 45 c, 1000 runs, 12738 calls, CYCLE +0, C +0, V +0  [4s]
[17 k=2 kc=1] ((x x) w) @ w≡((λ⊤.0) ⊤), x≡(λ⊤.((0 0) w));[] — 208 d, 13 c, 1000 runs, 38923 calls, CYCLE +0, C +0, V +0  [9s]
[23 k=2 kc=1] (y y) @ w≡((λ⊤.0) ⊤), x≡(λ⊤.((0 0) w)), y≡x;[] — 9 d, 27 c, 1000 runs, 15973 calls, CYCLE +0, C +0, V +0  [11s]
[29 k=2 kc=1] x @ w≡(((⊤ ⊤) (⊤ ⊤)) ((⊤ ⊤) (⊤ ⊤))), x≡((λ⊤.((λ⊤.0) (0 0))) w);[] — 205 d, 3469 c, 1000 runs, 36464 calls, CYCLE +0, C +0, V +0  [24s]
[35 k=2 kc=1] ((λ⊤.(0 0)) ((λ⊤.0) x)) @ x≡(⊤ ⊤);[] — 1500 d, 3 c, 1000 runs, 27009 calls, CYCLE +0, C +0, V +0  [25s]
[41 k=2 kc=1] (λ⊤.(0 0)) @ x≡(((⊤ ⊤) (⊤ ⊤)) ((⊤ ⊤) (⊤ ⊤)));[((λ⊤.((λ⊤.0) (0 0))) x)] skipped (42025 d, 3485 c)
[47 k=2 kc=1] (u u) @ w≡(λ⊤.0), u≡(λ⊤.(w 0));[] — 15 d, 5 c, 1000 runs, 19108 calls, CYCLE +0, C +0, V +0  [27s]
[53 k=2 kc=1] (v2 ⊤) @ v0≤((⊤ ⊤) ⊤), v1≡(λv0.(λv0.(λv0.(λ2.(λ1.4))))), v2≤((λ⊤.(⊤ (λv0.1))) (λ⊤.⊤));[v2, (λv0.(v2 v1))] — 1 d, 168 c, 1000 runs, 3000 calls, CYCLE +0, C +0, V +0  [28s]
[59 k=2 kc=1] (λv0.((v0 v1) (λ⊤.((1 1) ⊤)))) @ v0≡(λ⊤.(0 0)), v1≡⊤;[] — 20 d, 3 c, 1000 runs, 23924 calls, CYCLE +0, C +0, V +0  [29s]
[65 k=2 kc=1] (v1 v0) @ v0≡(λ⊤.⊤), v1≡(λ(λv0.0).((0 (0 (v0 ⊤))) ⊤)), v2≡((λv1.(λv0.(v0 v1))) v0);[(v2 ⊤), (λ⊤.(⊤ v2))] — 34 d, 12736 c, 1000 runs, 25605 calls, CYCLE +0, C +0, V +0  [41s]
[71 k=2 kc=1] (λv1.((0 (λv0.⊤)) 0)) @ v0≤(λ⊤.(0 (λ0.0))), v1≤(λ⊤.(λ⊤.((λ0.⊤) v0))), v2≡((λv1.v0) (⊤ (v1 v0)));[(v2 (λv1.v0))] — 36 d, 146 c, 1000 runs, 27769 calls, CYCLE +0, C +0, V +0  [48s]
[77 k=2 kc=1] (λ⊤.(0 0)) @ v0≡((⊤ ⊤) (λ⊤.0));[⊤] — 4 d, 8 c, 1000 runs, 6494 calls, CYCLE +0, C +0, V +0  [48s]
[83 k=2 kc=1] ((λv2.(λv1.(λv1.2))) ⊤) @ v0≤(λ(⊤ ⊤).((⊤ ⊤) (⊤ (0 0)))), v1≡⊤, v2≡((λ⊤.(λ⊤.⊤)) ((⊤ v1) ⊤));[(v0 v1), (λ⊤.v1)] — 60 d, 1435 c, 1000 runs, 18638 calls, CYCLE +0, C +0, V +0  [51s]
[89 k=2 kc=1] (λv1.(λ(λ⊤.v0).(λ0.(((λ⊤.v2) v1) 1)))) @ v0≤(λ⊤.(λ0.(λ1.2))), v1≡(λv0.(⊤ (λv0.(λ⊤.1)))), v2≡(λ⊤.(λ⊤.((0 (λ0.v1)) 0)));[(λv0.v1), v0] — 288 d, 385 c, 1000 runs, 37532 calls, CYCLE +0, C +0, V +0  [67s]
[95 k=2 kc=1] ((λ⊤.(⊤ v0)) (v0 ⊤)) @ v0≡(λ⊤.⊤);[] — 12 d, 2 c, 576 runs, 5696 calls, CYCLE +0, C +0, V +0  [67s]
[101 k=2 kc=1] (λ⊤.((v0 0) (λ0.(λ0.1)))) @ v0≡(((⊤ ((⊤ ⊤) ⊤)) ⊤) ⊤);[(λv0.(λ0.v0)), (λv0.⊤)] — 1156 d, 324 c, 1000 runs, 54176 calls, CYCLE +0, C +0, V +0  [81s]
[107 k=2 kc=1] (v0 v1) @ v0≡(λ⊤.(λ0.(λ1.(λ1.1)))), v1≤⊤, v2≡(λ⊤.v0);[(λv2.v0), (v2 v1)] — 17 d, 115 c, 1000 runs, 22019 calls, CYCLE +0, C +0, V +0  [86s]
[113 k=2 kc=1] (λ⊤.(v0 (⊤ v1))) @ v0≡(⊤ ⊤), v1≡⊤;[v1, (λ⊤.⊤)] — 9 d, 42 c, 1000 runs, 7644 calls, CYCLE +0, C +0, V +0  [87s]
[119 k=2 kc=1] (λ(λv0.v2).((λv1.(λ1.(v0 (v1 2)))) v2)) @ v0≡(λ⊤.0), v1≡((λv0.⊤) v0), v2≡⊤;[] — 1344 d, 14 c, 1000 runs, 38864 calls, CYCLE +0, C +0, V +0  [92s]
[125 k=2 kc=1] (((λv0.0) ⊤) ((⊤ v0) v0)) @ v0≡(λ⊤.(((⊤ 0) ⊤) 0));[⊤] — 84 d, 8 c, 1000 runs, 25851 calls, CYCLE +0, C +0, V +0  [94s]
[131 k=2 kc=1] (λv1.(v0 ⊤)) @ v0≡(⊤ (⊤ ⊤)), v1≡((λ⊤.(λ0.1)) v0);[((λv0.⊤) ⊤), (⊤ ⊤)] — 68 d, 3888 c, 1000 runs, 19208 calls, CYCLE +0, C +0, V +0  [96s]
[137 k=2 kc=1] ((λv1.(⊤ 0)) (λv1.(λ⊤.v1))) @ v0≡((⊤ ⊤) ⊤), v1≤(λv0.((v0 (λ0.(λ1.1))) 0));[(⊤ (⊤ v1))] — 4 d, 157 c, 1000 runs, 9741 calls, CYCLE +0, C +0, V +0  [97s]
[143 k=2 kc=1] ((λv0.⊤) (λ⊤.v0)) @ v0≤(λ⊤.(λ0.(λ1.(λ1.0)))), v1≡(v0 (⊤ ⊤)), v2≡(⊤ (((v0 ⊤) ⊤) v1));[] — 2 d, 21 c, 1000 runs, 5786 calls, CYCLE +0, C +0, V +0  [98s]
[149 k=2 kc=1] (λ⊤.((v2 (λv1.v1)) v1)) @ v0≡(⊤ (λ⊤.(⊤ ⊤))), v1≡v0, v2≡(v0 ⊤);[] — 625 d, 69 c, 1000 runs, 26208 calls, CYCLE +0, C +0, V +0  [102s]
[155 k=2 kc=1] (λv1.((λv0.v0) (0 0))) @ v0≡(λ⊤.(λ0.(1 ⊤))), v1≡(λv0.(λ0.(λ1.2)));[(λv1.v1)] — 450 d, 25 c, 1000 runs, 57126 calls, CYCLE +0, C +0, V +0  [114s]
[161 k=2 kc=1] ((v0 v1) ⊤) @ v0≡(⊤ ⊤), v1≤(λ⊤.(λv0.(⊤ 1)));[] — 3 d, 19 c, 1000 runs, 6448 calls, CYCLE +0, C +0, V +0  [115s]
[167 k=2 kc=1] (v2 ((λ⊤.(v0 v1)) ⊤)) @ v0≤(((λ⊤.0) (⊤ ⊤)) ⊤), v1≤((v0 v0) v0), v2≡((⊤ (λ⊤.(λ⊤.1))) ⊤);[] — 6 d, 21 c, 1000 runs, 11818 calls, CYCLE +0, C +0, V +0  [116s]
[173 k=2 kc=1] (λ(v1 ⊤).(λv0.(1 (λ0.(λ⊤.(v0 ⊤)))))) @ v0≡(⊤ ((⊤ ⊤) (λ⊤.⊤))), v1≤v0, v2≡((λ⊤.(λ⊤.(λ0.v1))) (v1 ⊤));[(⊤ v0), (λv2.(λv1.v2))] — 960 d, 2139 c, 1000 runs, 49390 calls, CYCLE +0, C +0, V +0  [143s]
[179 k=2 kc=1] (v0 v0) @ v0≡(λ⊤.(λ⊤.(λ⊤.1)));[(λv0.(λv0.0))] — 6 d, 10 c, 1000 runs, 19274 calls, CYCLE +0, C +0, V +0  [145s]
[185 k=2 kc=1] ((⊤ (⊤ v0)) ((λ⊤.(λv0.⊤)) ⊤)) @ v0≡(⊤ (λ⊤.⊤));[(λv0.(λ0.⊤))] — 30 d, 12 c, 1000 runs, 12451 calls, CYCLE +0, C +0, V +0  [146s]
[191 k=2 kc=1] ((λ⊤.⊤) ⊤) @ v0≡((⊤ ⊤) (⊤ (⊤ ⊤)));[(λv0.(v0 ⊤))] — 2 d, 350 c, 1000 runs, 3724 calls, CYCLE +0, C +0, V +0  [146s]
[197 k=2 kc=1] (λ⊤.0) @ v0≡(⊤ (λ⊤.(λ⊤.(λ⊤.0))));[(v0 v0)] — 10 d, 30 c, 1000 runs, 11940 calls, CYCLE +0, C +0, V +0  [147s]
[203 k=2 kc=1] (λv1.(λv2.(v0 1))) @ v0≡(⊤ ⊤), v1≡(((λv0.(λv0.1)) (λv0.v0)) v0), v2≡⊤;[] — 3408 d, 1703 c, 1000 runs, 29541 calls, CYCLE +0, C +0, V +0  [153s]
[209 k=2 kc=1] ((v0 (v0 v0)) (λv0.0)) @ v0≡((λ⊤.((λ⊤.(λ1.⊤)) ⊤)) ⊤);[((λ⊤.0) v0)] — 1225 d, 54 c, 1000 runs, 47563 calls, CYCLE +0, C +0, V +0  [159s]
[215 k=2 kc=1] (⊤ (λv0.v1)) @ v0≡((λ⊤.(λ⊤.0)) ((λ⊤.⊤) ⊤)), v1≡v0;[(⊤ (λv1.⊤)), ((λ⊤.v1) ⊤)] — 31 d, 861 c, 1000 runs, 20847 calls, CYCLE +0, C +0, V +0  [162s]
[221 k=2 kc=1] ((λv2.(λv2.v1)) (λv1.v0)) @ v0≤(λ⊤.⊤), v1≡⊤, v2≡(λv1.(v1 (λ0.(λv0.2))));[(λ⊤.⊤), (v1 (λv2.v0))] — 120 d, 102 c, 1000 runs, 27022 calls, CYCLE +0, C +0, V +0  [166s]
[227 k=2 kc=1] (λv0.(λ⊤.(λv0.v0))) @ v0≡⊤;[(λv0.0), ⊤] — 8 d, 12 c, 1000 runs, 9222 calls, CYCLE +0, C +0, V +0  [167s]
[233 k=2 kc=1] ((v1 v0) v1) @ v0≤((⊤ ⊤) ⊤), v1≡((λ⊤.⊤) (v0 v0)), v2≤(λ⊤.(⊤ ⊤));[(v0 v1), ⊤] — 9 d, 351 c, 1000 runs, 15215 calls, CYCLE +0, C +0, V +0  [168s]
[239 k=2 kc=1] (v2 (⊤ ((v1 (⊤ v1)) (λ⊤.v1)))) @ v0≡(λ⊤.(0 (λ0.(⊤ ⊤)))), v1≡(λ⊤.(λ0.(λ0.1))), v2≡v0;[] — 316 d, 13 c, 1000 runs, 43013 calls, CYCLE +0, C +0, V +0  [181s]
[245 k=2 kc=1] (v0 ((λv0.(λ⊤.(λv0.1))) (λ⊤.v0))) @ v0≡((λ⊤.((λ0.⊤) 0)) (⊤ ⊤));[⊤, v0] skipped (551124 d, 321 c)
[3 k=2 kc=2] (λ⊤.(0 0)) @ x≡(λ⊤.(0 0));[x] — 9 d, 7 c, 1000 runs, 12946 calls, CYCLE +0, C +0, V +0  [183s]
[9 k=2 kc=2] x @ w≡(⊤ ⊤), x≡(λ⊤.((0 0) w));[x, w] — 13 d, 356 c, 1000 runs, 15487 calls, CYCLE +0, C +0, V +0  [185s]
[15 k=2 kc=2] y @ w≡(⊤ ⊤), x≡(λ⊤.((0 0) w)), y≡x;[x] — 3 d, 425 c, 1000 runs, 7499 calls, CYCLE +0, C +0, V +0  [186s]
[21 k=2 kc=2] (x x) @ w≡((λ⊤.0) ⊤), x≡(λ⊤.(0 (0 w)));[] — 52 d, 17 c, 1000 runs, 33060 calls, CYCLE +0, C +0, V +0  [192s]
[27 k=2 kc=2] (x w) @ w≤⊤, x≡(λ⊤.(0 0));[] — 5 d, 3 c, 225 runs, 2043 calls, CYCLE +0, C +0, V +0  [192s]
[33 k=2 kc=2] (x w) @ w≡(((⊤ ⊤) (⊤ ⊤)) ((⊤ ⊤) (⊤ ⊤))), x≡((λ⊤.((λ⊤.0) (0 0))) w);[] skipped (3485 d, 561817 c)
[39 k=2 kc=2] ((λ⊤.(0 0)) ((λ⊤.((λ⊤.0) (0 0))) x)) @ x≡(((⊤ ⊤) (⊤ ⊤)) ((⊤ ⊤) (⊤ ⊤)));[] skipped (memory)
[45 k=2 kc=2] (x (λ⊤.(0 v))) @ v≡(⊤ ⊤), x≡(λ⊤.(0 0));[] — 15 d, 4 c, 1000 runs, 20735 calls, CYCLE +0, C +0, V +0  [207s]
[51 k=2 kc=2] ((λ⊤.⊤) (λ⊤.0)) @ v0≡(λ⊤.0), v1≡((λ⊤.(0 v0)) (λv0.⊤));[v0] — 2 d, 179 c, 1000 runs, 5720 calls, CYCLE +0, C +0, V +0  [207s]
[57 k=2 kc=2] (λ⊤.(λ⊤.((0 v1) (λ1.v2)))) @ v0≡((⊤ ⊤) (⊤ ⊤)), v1≤(λv0.(λ⊤.((0 (v0 ⊤)) ⊤))), v2≡(λv0.(λv1.(λv0.v0)));[(λv0.v1)] skipped (756 d, 251381 c)
[63 k=2 kc=2] (λ⊤.(⊤ (λv0.1))) @ v0≡(λ⊤.(λ⊤.(λ⊤.2)));[v0] — 7 d, 7 c, 1000 runs, 13371 calls, CYCLE +0, C +0, V +0  [208s]
[69 k=2 kc=2] ((v2 ⊤) ((λv2.0) v1)) @ v0≤(⊤ (λ⊤.((0 0) (0 ⊤)))), v1≡(((λv0.⊤) v0) (λv0.⊤)), v2≡((v1 (⊤ v0)) ⊤);[⊤] — 609 d, 188 c, 1000 runs, 46610 calls, CYCLE +0, C +0, V +0  [226s]
[75 k=2 kc=2] (((⊤ v2) (v2 (v1 v0))) (λv0.v1)) @ v0≡((λ⊤.⊤) (λ⊤.⊤)), v1≤(((⊤ ⊤) v0) ⊤), v2≡⊤;[(v1 v0), v0] — 54 d, 1307 c, 1000 runs, 23429 calls, CYCLE +0, C +0, V +0  [229s]
[81 k=2 kc=2] ((λv0.0) v0) @ v0≡(((λ⊤.0) ⊤) (λ⊤.0));[v0] — 68 d, 23 c, 1000 runs, 28031 calls, CYCLE +0, C +0, V +0  [231s]
[87 k=2 kc=2] (λv0.(λv1.⊤)) @ v0≤((⊤ ⊤) (λ⊤.(0 ⊤))), v1≡⊤;[] — 2 d, 4 c, 64 runs, 368 calls, CYCLE +0, C +0, V +0  [231s]
[93 k=2 kc=2] (λ⊤.((0 v0) v1)) @ v0≡(λ⊤.((⊤ 0) 0)), v1≡(λv0.(λv0.(1 1)));[] — 30 d, 28 c, 1000 runs, 28759 calls, CYCLE +0, C +0, V +0  [237s]
[99 k=2 kc=2] (λv0.(λv0.v0)) @ v0≡⊤;[] — 8 d, 2 c, 256 runs, 1856 calls, CYCLE +0, C +0, V +0  [237s]
[105 k=2 kc=2] (λ⊤.((λv1.(λv1.v2)) v1)) @ v0≡⊤, v1≡((⊤ v0) (⊤ ⊤)), v2≡(v0 (λv1.(λv1.(1 (λv1.2)))));[] skipped (98392 d, 8919 c)
[111 k=2 kc=2] (v0 (v0 (⊤ v1))) @ v0≡((⊤ ⊤) ⊤), v1≤(λ⊤.(⊤ v0));[v1, (λv1.(v1 0))] — 18 d, 59 c, 1000 runs, 11782 calls, CYCLE +0, C +0, V +0  [240s]
[117 k=2 kc=2] (λv1.(v0 (v1 (λv1.1)))) @ v0≡((⊤ ⊤) ((⊤ ⊤) ⊤)), v1≡(λ⊤.(λv0.(0 (λ1.v0))));[] skipped (172380 d, 126 c)
[123 k=2 kc=2] ((v0 (λ⊤.⊤)) v0) @ v0≡(((λ⊤.(λ⊤.⊤)) ⊤) (λ⊤.⊤));[] — 9 d, 3 c, 729 runs, 17847 calls, CYCLE +0, C +0, V +0  [246s]
[129 k=2 kc=2] (λ(v0 v1).(λ⊤.(v1 (⊤ (0 v0))))) @ v0≡(λ⊤.(λ⊤.((λ⊤.⊤) (1 ⊤)))), v1≡(λ⊤.v0);[(λv1.v1)] — 320 d, 170 c, 1000 runs, 52323 calls, CYCLE +0, C +0, V +0  [262s]
[135 k=2 kc=2] (λv0.0) @ v0≤(λ⊤.(0 ⊤)), v1≤(v0 ((⊤ v0) (λv0.(0 ⊤))));[(λ⊤.0)] — 2 d, 16 c, 1000 runs, 5256 calls, CYCLE +0, C +0, V +0  [263s]
[141 k=2 kc=2] (λv0.0) @ v0≡(⊤ ⊤);[⊤] — 6 d, 8 c, 1000 runs, 5166 calls, CYCLE +0, C +0, V +0  [263s]
[147 k=2 kc=2] (λv2.(λv2.⊤)) @ v0≡((λ⊤.⊤) ⊤), v1≤((λv0.(⊤ 0)) v0), v2≤(λv0.(λv1.(1 ⊤)));[v0] — 1 d, 4633 c, 1000 runs, 5000 calls, CYCLE +0, C +0, V +0  [264s]
[153 k=2 kc=2] ((λv2.(λv0.(v2 (v2 v2)))) v1) @ v0≡(λ⊤.(0 ⊤)), v1≡(v0 (λ⊤.((λv0.(λv0.⊤)) ⊤))), v2≤(λv0.(λ0.(0 (v0 ⊤))));[v1] — 52 d, 8384 c, 1000 runs, 33495 calls, CYCLE +0, C +0, V +0  [282s]
[159 k=2 kc=2] (λ⊤.(v1 v1)) @ v0≤(λ⊤.(λ0.0)), v1≡(λ⊤.((v0 v0) ⊤)), v2≡(λ⊤.v0);[⊤, v2] — 4 d, 38 c, 1000 runs, 15724 calls, CYCLE +0, C +0, V +0  [284s]
[165 k=2 kc=2] (λv0.(λ0.((0 (v1 v2)) v2))) @ v0≡(λ⊤.(λ0.⊤)), v1≡(λv0.0), v2≡v0;[(v0 v2)] — 450 d, 110 c, 1000 runs, 40871 calls, CYCLE +0, C +0, V +0  [291s]
[171 k=2 kc=2] (v1 (λ⊤.(v1 (λ⊤.(v0 v1))))) @ v0≡⊤, v1≡⊤;[] — 16 d, 3 c, 1000 runs, 14000 calls, CYCLE +0, C +0, V +0  [292s]
[177 k=2 kc=2] ((λv0.v1) (λ⊤.(v0 v0))) @ v0≡(λ⊤.⊤), v1≤(λv0.⊤);[(λv1.v1), (v0 v1)] — 12 d, 20 c, 1000 runs, 13626 calls, CYCLE +0, C +0, V +0  [293s]
[183 k=2 kc=2] (⊤ (λv0.(λ⊤.((1 v0) v1)))) @ v0≡⊤, v1≡⊤;[(v0 ⊤)] — 9 d, 14 c, 1000 runs, 10711 calls, CYCLE +0, C +0, V +0  [293s]
[189 k=2 kc=2] (λ⊤.(((v0 v0) (λv0.⊤)) 0)) @ v0≡(λ⊤.(λ0.(λ1.(λ⊤.0))));[(λ⊤.0), ⊤] — 72 d, 9 c, 1000 runs, 42079 calls, CYCLE +0, C +0, V +0  [301s]
[195 k=2 kc=2] ((⊤ (v0 ⊤)) (λv0.⊤)) @ v0≤⊤;[⊤] — 2 d, 5 c, 100 runs, 600 calls, CYCLE +0, C +0, V +0  [301s]
[201 k=2 kc=2] (v1 ((⊤ v0) v1)) @ v0≡⊤, v1≡(v0 v0);[(v0 ⊤)] — 75 d, 47 c, 1000 runs, 14781 calls, CYCLE +0, C +0, V +0  [302s]
[207 k=2 kc=2] (λv2.((λv0.0) (((λ0.⊤) v0) 0))) @ v0≡(λ⊤.((λ0.⊤) (λ0.1))), v1≡(v0 ((⊤ v0) (⊤ ⊤))), v2≡(v1 v0);[((λv2.v2) v1)] skipped (memory)
[213 k=2 kc=2] (λ(⊤ ⊤).(λ(λ⊤.v0).((v0 (1 v0)) (λ⊤.⊤)))) @ v0≡(⊤ (⊤ ⊤));[] — 128 d, 4 c, 1000 runs, 21868 calls, CYCLE +0, C +0, V +0  [340s]
[219 k=2 kc=2] ((v1 (⊤ (v1 (⊤ v0)))) v1) @ v0≡((⊤ ⊤) (⊤ (⊤ (λ⊤.0)))), v1≤(⊤ (λ⊤.0)), v2≡(λv1.((λv1.(λ0.1)) 0));[(v0 ⊤), (v2 (v1 ⊤))] — 9 d, 6031 c, 1000 runs, 12373 calls, CYCLE +0, C +0, V +0  [343s]
[225 k=2 kc=2] (v0 (λv0.(λ⊤.v0))) @ v0≡((λ⊤.(⊤ ⊤)) (⊤ ⊤));[(v0 (⊤ v0))] — 729 d, 819 c, 1000 runs, 21041 calls, CYCLE +0, C +0, V +0  [345s]
[231 k=2 kc=2] (λ⊤.v0) @ v0≡((λ⊤.(λ0.((0 ⊤) ⊤))) ⊤), v1≡(λv0.(λv0.v0)), v2≡((⊤ ⊤) v1);[v2, v2] skipped (7 d, 76531 c)
[237 k=2 kc=2] ((⊤ v1) (v2 v1)) @ v0≤(⊤ (λ⊤.⊤)), v1≤(v0 (v0 ⊤)), v2≤(λv1.(λ0.(λ⊤.v1)));[(⊤ (v2 v0)), (v0 ⊤)] — 2 d, 68 c, 1000 runs, 5468 calls, CYCLE +0, C +0, V +0  [346s]
[243 k=2 kc=2] (λv1.(0 ⊤)) @ v0≡⊤, v1≡((λv0.v0) ⊤);[(⊤ v0)] — 28 d, 94 c, 1000 runs, 12239 calls, CYCLE +0, C +0, V +0  [346s]
[1 k=3 kc=1] (x x) @ x≡(λ⊤.(0 0));[] — 20 d, 2 c, 300 runs, 5762 calls, CYCLE +0, C +0, V +0  [347s]
[7 k=3 kc=1] x @ w≡(⊤ ⊤), x≡(λ⊤.((0 0) w));[x] — 28 d, 45 c, 300 runs, 6099 calls, CYCLE +0, C +0, V +0  [347s]
[13 k=3 kc=1] (y x) @ w≡(⊤ ⊤), x≡(λ⊤.((0 0) w)), y≡x;[] — 56 d, 21 c, 300 runs, 8341 calls, CYCLE +0, C +0, V +0  [349s]
[19 k=3 kc=1] (x x) @ w≡((λ⊤.0) ⊤), x≡(λ⊤.((0 0) w));[w] — 185 d, 97 c, 300 runs, 12335 calls, CYCLE +0, C +0, V +0  [351s]
[25 k=3 kc=1] x @ w≡((λ⊤.0) ⊤), x≡(λ⊤.((0 0) w)), y≡x;[y] — 37 d, 149 c, 300 runs, 5667 calls, CYCLE +0, C +0, V +0  [352s]
[31 k=3 kc=1] x @ w≡(((⊤ ⊤) (⊤ ⊤)) ((⊤ ⊤) (⊤ ⊤))), x≡((λ⊤.((λ⊤.0) (0 0))) w);[x] skipped (33049 d, 20608 c)
[37 k=3 kc=1] ((λ⊤.(0 0)) ((λ⊤.0) x)) @ x≡(λ⊤.(0 0));[] — 648 d, 2 c, 300 runs, 11867 calls, CYCLE +0, C +0, V +0  [353s]
[43 k=3 kc=1] (λ⊤.(0 0)) @ x≡(λ⊤.(0 0));[((λ⊤.((λ⊤.0) (0 0))) x)] — 11881 d, 50 c, 300 runs, 19521 calls, CYCLE +0, C +0, V +0  [358s]
[49 k=3 kc=1] ((λ⊤.v1) ((λ⊤.(λ0.1)) v0)) @ v0≡(λ⊤.((λ⊤.(λ0.(0 0))) ⊤)), v1≤(λ⊤.(λ⊤.(⊤ ⊤)));[((λv1.v1) v0), v1] — 96 d, 175 c, 300 runs, 12678 calls, CYCLE +0, C +0, V +0  [361s]
[55 k=3 kc=1] ((λv1.v2) v0) @ v0≡(⊤ ⊤), v1≡v0, v2≡((λv1.⊤) ((v1 ⊤) (v1 ⊤)));[v1, (v0 v0)] — 1215 d, 12141 c, 300 runs, 7013 calls, CYCLE +0, C +0, V +0  [362s]
[61 k=3 kc=1] (λ(λ⊤.⊤).(λ(0 ⊤).((v0 v0) (λ⊤.(0 ⊤))))) @ v0≡(⊤ (⊤ (λ⊤.(⊤ 0))));[] — 25 d, 5 c, 300 runs, 7109 calls, CYCLE +0, C +0, V +0  [363s]
[67 k=3 kc=1] ((v1 v1) (v2 (⊤ v0))) @ v0≡(λ⊤.⊤), v1≤(v0 (λv0.⊤)), v2≡(λv1.v0);[] — 9 d, 19 c, 300 runs, 4117 calls, CYCLE +0, C +0, V +0  [363s]
[73 k=3 kc=1] (λv1.(v0 (λv0.v0))) @ v0≡((λ⊤.(0 ⊤)) ⊤), v1≤(λ⊤.(⊤ (λ0.(0 v0))));[(v1 (v1 ⊤)), (v1 (v1 v0))] — 64 d, 85 c, 300 runs, 7768 calls, CYCLE +0, C +0, V +0  [365s]
[79 k=3 kc=1] (λv1.(λv1.0)) @ v0≤((⊤ ⊤) (⊤ (λ⊤.(⊤ 0)))), v1≡((⊤ v0) (λv0.(λv0.(λ1.2))));[((⊤ v0) v0)] — 9 d, 73 c, 300 runs, 6540 calls, CYCLE +0, C +0, V +0  [366s]
[85 k=3 kc=1] (λ⊤.(λv0.(λ⊤.(v0 ⊤)))) @ v0≡((λ⊤.0) ((⊤ ⊤) ⊤));[(⊤ v0)] — 81 d, 71 c, 300 runs, 8234 calls, CYCLE +0, C +0, V +0  [368s]
[91 k=3 kc=1] (λv0.(0 (λ0.(v1 1)))) @ v0≡(λ⊤.0), v1≤((λ⊤.v0) v0);[(⊤ v1)] — 54 d, 75 c, 300 runs, 4599 calls, CYCLE +0, C +0, V +0  [368s]
[97 k=3 kc=1] (λv0.(λ⊤.((λv0.⊤) (0 ⊤)))) @ v0≡(λ⊤.((λ0.0) ⊤));[] — 20 d, 4 c, 300 runs, 6195 calls, CYCLE +0, C +0, V +0  [368s]
[103 k=3 kc=1] ((v0 (λv1.(λ⊤.(v0 1)))) v1) @ v0≡(⊤ ⊤), v1≡(λv0.⊤);[v1, ((λ⊤.v0) ⊤)] — 144 d, 375 c, 300 runs, 6591 calls, CYCLE +0, C +0, V +0  [369s]
[109 k=3 kc=1] ((v1 (λv1.v0)) ⊤) @ v0≡(⊤ ⊤), v1≤(v0 (λ⊤.⊤));[] — 3 d, 10 c, 300 runs, 2526 calls, CYCLE +0, C +0, V +0  [369s]
[115 k=3 kc=1] (((λv0.v0) (v0 ⊤)) ⊤) @ v0≡⊤;[] — 12 d, 2 c, 300 runs, 3010 calls, CYCLE +0, C +0, V +0  [369s]
[121 k=3 kc=1] (λv0.(λ⊤.0)) @ v0≡((⊤ ⊤) (λ⊤.0));[((λ⊤.⊤) v0)] — 3 d, 23 c, 300 runs, 2979 calls, CYCLE +0, C +0, V +0  [369s]
[127 k=3 kc=1] (v0 (λv0.(λ⊤.1))) @ v0≡(λ⊤.(λ⊤.(1 (0 ⊤))));[((λ⊤.v0) v0)] — 92 d, 19 c, 300 runs, 18205 calls, CYCLE +0, C +0, V +0  [376s]
[133 k=3 kc=1] ((λ⊤.v0) (λ⊤.0)) @ v0≡⊤;[(⊤ (λv0.0))] — 4 d, 9 c, 300 runs, 1948 calls, CYCLE +0, C +0, V +0  [376s]
[139 k=3 kc=1] (v0 (⊤ (λv0.(λ0.v0)))) @ v0≡(⊤ (λ⊤.⊤)), v1≡(⊤ v0);[v0] — 30 d, 96 c, 300 runs, 3787 calls, CYCLE +0, C +0, V +0  [376s]
[145 k=3 kc=1] (⊤ (λ⊤.(λ⊤.⊤))) @ v0≤((λ⊤.(⊤ ⊤)) ⊤);[((⊤ v0) ⊤), (v0 ⊤)] — 2 d, 41 c, 300 runs, 672 calls, CYCLE +0, C +0, V +0  [376s]
[151 k=3 kc=1] (λ⊤.(λv1.(⊤ (λv1.v1)))) @ v0≡(λ⊤.(λ0.(0 0))), v1≤(λ(v0 ⊤).(λ0.(λv0.((λ1.v0) v0))));[v0, (⊤ (λ⊤.⊤))] — 2 d, 1447 c, 300 runs, 1780 calls, CYCLE +0, C +0, V +0  [377s]
[157 k=3 kc=1] (v1 v2) @ v0≤(((⊤ ⊤) ⊤) ⊤), v1≡(((⊤ (λv0.(v0 ⊤))) ⊤) v0), v2≡(v0 (v0 (λv0.(v1 ⊤))));[⊤] — 12 d, 95 c, 300 runs, 6722 calls, CYCLE +0, C +0, V +0  [380s]
[163 k=3 kc=1] ((v1 v0) (v1 (v1 v1))) @ v0≡((λ⊤.0) (λ⊤.(0 0))), v1≡(λv0.((0 (v0 0)) v0));[] skipped (memory)
[169 k=3 kc=1] ((λ⊤.(⊤ ⊤)) (λ⊤.(⊤ 0))) @ v0≡(λ⊤.(λ⊤.((0 ⊤) 0)));[] — 8 d, 2 c, 256 runs, 1728 calls, CYCLE +0, C +0, V +0  [393s]
[175 k=3 kc=1] (v0 (v0 (λv0.(λv0.(λ1.(1 ⊤)))))) @ v0≡(λ⊤.⊤);[] — 16 d, 2 c, 300 runs, 6594 calls, CYCLE +0, C +0, V +0  [393s]
[181 k=3 kc=1] (v0 (⊤ (v1 (v0 ⊤)))) @ v0≡(λ⊤.⊤), v1≡v0, v2≡(⊤ (λv1.0));[(v2 (λv1.⊤)), (λ⊤.(0 v1))] — 14 d, 574 c, 300 runs, 4199 calls, CYCLE +0, C +0, V +0  [394s]
[187 k=3 kc=1] (λ⊤.(λ(λv0.⊤).((λv0.(λ2.(λ1.⊤))) ⊤))) @ v0≡((λ⊤.0) ⊤);[(v0 v0), (λv0.(λv0.⊤))] — 544 d, 364 c, 300 runs, 10853 calls, CYCLE +0, C +0, V +0  [396s]
[193 k=3 kc=1] (v0 ⊤) @ v0≡((λ⊤.(λ0.(⊤ 1))) ⊤);[(λ⊤.(λ⊤.0))] — 8 d, 20 c, 300 runs, 3375 calls, CYCLE +0, C +0, V +0  [396s]
[199 k=3 kc=1] ((λ⊤.((λ⊤.v2) ⊤)) ((v2 ⊤) ⊤)) @ v0≤⊤, v1≡(λ⊤.((0 v0) 0)), v2≡(λv1.((0 v0) (λv1.(⊤ ⊤))));[(v2 v2)] — 5508 d, 250 c, 300 runs, 22631 calls, CYCLE +0, C +0, V +0  [411s]
[205 k=3 kc=1] (⊤ ((λ⊤.⊤) ⊤)) @ v0≡(λ(λ⊤.⊤).((⊤ (0 0)) (0 ⊤))), v1≡(v0 v0);[(⊤ v0), (v1 ⊤)] — 3 d, 868 c, 300 runs, 968 calls, CYCLE +0, C +0, V +0  [411s]
[211 k=3 kc=1] ((λ⊤.(λ⊤.((λ1.(λ2.2)) v0))) ⊤) @ v0≡(λ⊤.0);[] — 12 d, 2 c, 300 runs, 4549 calls, CYCLE +0, C +0, V +0  [412s]
[217 k=3 kc=1] (v0 ⊤) @ v0≡(⊤ (λ⊤.((0 (⊤ ⊤)) ⊤)));[] — 4 d, 4 c, 256 runs, 1968 calls, CYCLE +0, C +0, V +0  [412s]
[223 k=3 kc=1] (λ⊤.(v0 (λv2.(λ0.1)))) @ v0≡⊤, v1≡(λv0.(λ⊤.(λ⊤.(0 (λ⊤.0))))), v2≡((λv0.v1) (⊤ v1));[(λ⊤.(⊤ 0))] — 74 d, 669 c, 300 runs, 9447 calls, CYCLE +0, C +0, V +0  [416s]
[229 k=3 kc=1] (λ⊤.v0) @ v0≡(⊤ (λ⊤.(⊤ (λ0.1)))), v1≡(λv0.(0 v0));[] — 4 d, 65 c, 300 runs, 1854 calls, CYCLE +0, C +0, V +0  [417s]
[235 k=3 kc=1] (λv0.⊤) @ v0≡((⊤ ⊤) (⊤ (λ⊤.⊤))), v1≡(λv0.(λ⊤.v0));[(λv1.(λ0.0)), v0] — 5 d, 3088 c, 300 runs, 2278 calls, CYCLE +0, C +0, V +0  [417s]
[241 k=3 kc=1] (λ(⊤ v1).(((v0 ⊤) (⊤ (λ⊤.v1))) ⊤)) @ v0≡(⊤ ⊤), v1≡((λ⊤.(v0 v0)) v0), v2≤v0;[(λv2.(v2 v0))] — 9408 d, 1960 c, 300 runs, 10575 calls, CYCLE +0, C +0, V +0  [419s]
[247 k=3 kc=1] (v0 (((λv0.v1) (⊤ v1)) (λv0.0))) @ v0≡((((λ⊤.0) ⊤) (λ⊤.0)) ⊤), v1≡(v0 (λv0.⊤));[v1, ⊤] — 24480 d, 464 c, 300 runs, 25256 calls, CYCLE +0, C +0, V +0  [429s]
[5 k=3 kc=2] (x x) @ w≡(⊤ ⊤), x≡(λ⊤.((0 0) w));[] — 112 d, 10 c, 300 runs, 9601 calls, CYCLE +0, C +0, V +0  [431s]
[11 k=3 kc=2] x @ w≡(⊤ ⊤), x≡(λ⊤.(0 (0 w)));[x] — 28 d, 65 c, 300 runs, 6544 calls, CYCLE +0, C +0, V +0  [431s]
[17 k=3 kc=2] ((x x) w) @ w≡((λ⊤.0) ⊤), x≡(λ⊤.((0 0) w));[] — 740 d, 17 c, 300 runs, 14424 calls, CYCLE +0, C +0, V +0  [434s]
[23 k=3 kc=2] (y y) @ w≡((λ⊤.0) ⊤), x≡(λ⊤.((0 0) w)), y≡x;[] — 70 d, 69 c, 300 runs, 10718 calls, CYCLE +0, C +0, V +0  [437s]
[29 k=3 kc=2] x @ w≡(((⊤ ⊤) (⊤ ⊤)) ((⊤ ⊤) (⊤ ⊤))), x≡((λ⊤.((λ⊤.0) (0 0))) w);[] skipped (33049 d, 561817 c)
[35 k=3 kc=2] ((λ⊤.(0 0)) ((λ⊤.0) x)) @ x≡(⊤ ⊤);[] — 3840 d, 3 c, 300 runs, 8928 calls, CYCLE +0, C +0, V +0  [438s]
[41 k=3 kc=2] (λ⊤.(0 0)) @ x≡(((⊤ ⊤) (⊤ ⊤)) ((⊤ ⊤) (⊤ ⊤)));[((λ⊤.((λ⊤.0) (0 0))) x)] skipped (memory)
[47 k=3 kc=2] (u u) @ w≡(λ⊤.0), u≡(λ⊤.(w 0));[] — 40 d, 7 c, 300 runs, 7881 calls, CYCLE +0, C +0, V +0  [450s]
[53 k=3 kc=2] (v2 ⊤) @ v0≤((⊤ ⊤) ⊤), v1≡(λv0.(λv0.(λv0.(λ2.(λ1.4))))), v2≤((λ⊤.(⊤ (λv0.1))) (λ⊤.⊤));[v2, (λv0.(v2 v1))] — 1 d, 168 c, 300 runs, 900 calls, CYCLE +0, C +0, V +0  [450s]
[59 k=3 kc=2] (λv0.((v0 v1) (λ⊤.((1 1) ⊤)))) @ v0≡(λ⊤.(0 0)), v1≡⊤;[] — 40 d, 3 c, 300 runs, 7624 calls, CYCLE +0, C +0, V +0  [450s]
[65 k=3 kc=2] (v1 v0) @ v0≡(λ⊤.⊤), v1≡(λ(λv0.0).((0 (0 (v0 ⊤))) ⊤)), v2≡((λv1.(λv0.(v0 v1))) v0);[(v2 ⊤), (λ⊤.(⊤ v2))] skipped (74 d, 5663380 c)
[71 k=3 kc=2] (λv1.((0 (λv0.⊤)) 0)) @ v0≤(λ⊤.(0 (λ0.0))), v1≤(λ⊤.(λ⊤.((λ0.⊤) v0))), v2≡((λv1.v0) (⊤ (v1 v0)));[(v2 (λv1.v0))] — 36 d, 146 c, 300 runs, 8220 calls, CYCLE +0, C +0, V +0  [455s]
[77 k=3 kc=2] (λ⊤.(0 0)) @ v0≡((⊤ ⊤) (λ⊤.0));[⊤] — 4 d, 8 c, 300 runs, 1961 calls, CYCLE +0, C +0, V +0  [455s]
[83 k=3 kc=2] ((λv2.(λv1.(λv1.2))) ⊤) @ v0≤(λ(⊤ ⊤).((⊤ ⊤) (⊤ (0 0)))), v1≡⊤, v2≡((λ⊤.(λ⊤.⊤)) ((⊤ v1) ⊤));[(v0 v1), (λ⊤.v1)] — 60 d, 1435 c, 300 runs, 5487 calls, CYCLE +0, C +0, V +0  [456s]
[89 k=3 kc=2] (λv1.(λ(λ⊤.v0).(λ0.(((λ⊤.v2) v1) 1)))) @ v0≤(λ⊤.(λ0.(λ1.2))), v1≡(λv0.(⊤ (λv0.(λ⊤.1)))), v2≡(λ⊤.(λ⊤.((0 (λ0.v1)) 0)));[(λv0.v1), v0] — 288 d, 385 c, 300 runs, 11143 calls, CYCLE +0, C +0, V +0  [462s]
[95 k=3 kc=2] ((λ⊤.(⊤ v0)) (v0 ⊤)) @ v0≡(λ⊤.⊤);[] — 12 d, 2 c, 300 runs, 2985 calls, CYCLE +0, C +0, V +0  [462s]
[101 k=3 kc=2] (λ⊤.((v0 0) (λ0.(λ0.1)))) @ v0≡(((⊤ ((⊤ ⊤) ⊤)) ⊤) ⊤);[(λv0.(λ0.v0)), (λv0.⊤)] — 1156 d, 324 c, 300 runs, 16335 calls, CYCLE +0, C +0, V +0  [467s]
[107 k=3 kc=2] (v0 v1) @ v0≡(λ⊤.(λ0.(λ1.(λ1.1)))), v1≤⊤, v2≡(λ⊤.v0);[(λv2.v0), (v2 v1)] — 61 d, 211 c, 300 runs, 10389 calls, CYCLE +0, C +0, V +0  [471s]
[113 k=3 kc=2] (λ⊤.(v0 (⊤ v1))) @ v0≡(⊤ ⊤), v1≡⊤;[v1, (λ⊤.⊤)] — 9 d, 42 c, 300 runs, 2300 calls, CYCLE +0, C +0, V +0  [471s]
[119 k=3 kc=2] (λ(λv0.v2).((λv1.(λ1.(v0 (v1 2)))) v2)) @ v0≡(λ⊤.0), v1≡((λv0.⊤) v0), v2≡⊤;[] — 2240 d, 14 c, 300 runs, 12318 calls, CYCLE +0, C +0, V +0  [473s]
[125 k=3 kc=2] (((λv0.0) ⊤) ((⊤ v0) v0)) @ v0≡(λ⊤.(((⊤ 0) ⊤) 0));[⊤] — 84 d, 8 c, 300 runs, 7906 calls, CYCLE +0, C +0, V +0  [473s]
[131 k=3 kc=2] (λv1.(v0 ⊤)) @ v0≡(⊤ (⊤ ⊤)), v1≡((λ⊤.(λ0.1)) v0);[((λv0.⊤) ⊤), (⊤ ⊤)] — 404 d, 24216 c, 300 runs, 6635 calls, CYCLE +0, C +0, V +0  [474s]
[137 k=3 kc=2] ((λv1.(⊤ 0)) (λv1.(λ⊤.v1))) @ v0≡((⊤ ⊤) ⊤), v1≤(λv0.((v0 (λ0.(λ1.1))) 0));[(⊤ (⊤ v1))] — 4 d, 157 c, 300 runs, 2972 calls, CYCLE +0, C +0, V +0  [474s]
[143 k=3 kc=2] ((λv0.⊤) (λ⊤.v0)) @ v0≤(λ⊤.(λ0.(λ1.(λ1.0)))), v1≡(v0 (⊤ ⊤)), v2≡(⊤ (((v0 ⊤) ⊤) v1));[] — 2 d, 21 c, 300 runs, 1718 calls, CYCLE +0, C +0, V +0  [475s]
[149 k=3 kc=2] (λ⊤.((v2 (λv1.v1)) v1)) @ v0≡(⊤ (λ⊤.(⊤ ⊤))), v1≡v0, v2≡(v0 ⊤);[] — 625 d, 69 c, 300 runs, 7850 calls, CYCLE +0, C +0, V +0  [476s]
[155 k=3 kc=2] (λv1.((λv0.v0) (0 0))) @ v0≡(λ⊤.(λ0.(1 ⊤))), v1≡(λv0.(λ0.(λ1.2)));[(λv1.v1)] — 1800 d, 50 c, 300 runs, 22099 calls, CYCLE +0, C +0, V +0  [483s]
[161 k=3 kc=2] ((v0 v1) ⊤) @ v0≡(⊤ ⊤), v1≤(λ⊤.(λv0.(⊤ 1)));[] — 3 d, 19 c, 300 runs, 1898 calls, CYCLE +0, C +0, V +0  [483s]
[167 k=3 kc=2] (v2 ((λ⊤.(v0 v1)) ⊤)) @ v0≤(((λ⊤.0) (⊤ ⊤)) ⊤), v1≤((v0 v0) v0), v2≡((⊤ (λ⊤.(λ⊤.1))) ⊤);[] — 6 d, 21 c, 300 runs, 3626 calls, CYCLE +0, C +0, V +0  [483s]
[173 k=3 kc=2] (λ(v1 ⊤).(λv0.(1 (λ0.(λ⊤.(v0 ⊤)))))) @ v0≡(⊤ ((⊤ ⊤) (λ⊤.⊤))), v1≤v0, v2≡((λ⊤.(λ⊤.(λ0.v1))) (v1 ⊤));[(⊤ v0), (λv2.(λv1.v2))] — 960 d, 2139 c, 300 runs, 14848 calls, CYCLE +0, C +0, V +0  [490s]
[179 k=3 kc=2] (v0 v0) @ v0≡(λ⊤.(λ⊤.(λ⊤.1)));[(λv0.(λv0.0))] — 12 d, 10 c, 300 runs, 8540 calls, CYCLE +0, C +0, V +0  [492s]
[185 k=3 kc=2] ((⊤ (⊤ v0)) ((λ⊤.(λv0.⊤)) ⊤)) @ v0≡(⊤ (λ⊤.⊤));[(λv0.(λ0.⊤))] — 30 d, 12 c, 300 runs, 3666 calls, CYCLE +0, C +0, V +0  [492s]
[191 k=3 kc=2] ((λ⊤.⊤) ⊤) @ v0≡((⊤ ⊤) (⊤ (⊤ ⊤)));[(λv0.(v0 ⊤))] — 2 d, 350 c, 300 runs, 1113 calls, CYCLE +0, C +0, V +0  [492s]
[197 k=3 kc=2] (λ⊤.0) @ v0≡(⊤ (λ⊤.(λ⊤.(λ⊤.0))));[(v0 v0)] — 10 d, 30 c, 300 runs, 3655 calls, CYCLE +0, C +0, V +0  [492s]
[203 k=3 kc=2] (λv1.(λv2.(v0 1))) @ v0≡(⊤ ⊤), v1≡(((λv0.(λv0.1)) (λv0.v0)) v0), v2≡⊤;[] — 15072 d, 7535 c, 300 runs, 9800 calls, CYCLE +0, C +0, V +0  [495s]
[209 k=3 kc=2] ((v0 (v0 v0)) (λv0.0)) @ v0≡((λ⊤.((λ⊤.(λ1.⊤)) ⊤)) ⊤);[((λ⊤.0) v0)] — 1225 d, 134 c, 300 runs, 14316 calls, CYCLE +0, C +0, V +0  [497s]
[215 k=3 kc=2] (⊤ (λv0.v1)) @ v0≡((λ⊤.(λ⊤.0)) ((λ⊤.⊤) ⊤)), v1≡v0;[(⊤ (λv1.⊤)), ((λ⊤.v1) ⊤)] — 31 d, 3197 c, 300 runs, 6197 calls, CYCLE +0, C +0, V +0  [498s]
[221 k=3 kc=2] ((λv2.(λv2.v1)) (λv1.v0)) @ v0≤(λ⊤.⊤), v1≡⊤, v2≡(λv1.(v1 (λ0.(λv0.2))));[(λ⊤.⊤), (v1 (λv2.v0))] — 120 d, 180 c, 300 runs, 8188 calls, CYCLE +0, C +0, V +0  [499s]
[227 k=3 kc=2] (λv0.(λ⊤.(λv0.v0))) @ v0≡⊤;[(λv0.0), ⊤] — 8 d, 12 c, 300 runs, 2791 calls, CYCLE +0, C +0, V +0  [499s]
[233 k=3 kc=2] ((v1 v0) v1) @ v0≤((⊤ ⊤) ⊤), v1≡((λ⊤.⊤) (v0 v0)), v2≤(λ⊤.(⊤ ⊤));[(v0 v1), ⊤] — 9 d, 351 c, 300 runs, 4622 calls, CYCLE +0, C +0, V +0  [500s]
[239 k=3 kc=2] (v2 (⊤ ((v1 (⊤ v1)) (λ⊤.v1)))) @ v0≡(λ⊤.(0 (λ0.(⊤ ⊤)))), v1≡(λ⊤.(λ0.(λ0.1))), v2≡v0;[] — 7582 d, 13 c, 300 runs, 22527 calls, CYCLE +0, C +0, V +0  [509s]
[245 k=3 kc=2] (v0 ((λv0.(λ⊤.(λv0.1))) (λ⊤.v0))) @ v0≡((λ⊤.((λ0.⊤) 0)) (⊤ ⊤));[⊤, v0] skipped (551124 d, 861 c)
DONE
A_trigger_repeat 4
calls 2077268
ext 179461
ext_fetch_stored 31330
fetched_stored_after_own_last_pull 30918
fetched_stored_before_own_last_pull 3865
int 3453
pulls 182914
runs 91962
skipped_memory 4
skipped_size 11
