shard 0/6: 248 configurations, 166 items
[0 k=2 kc=1] ((λ⊤.(0 0)) (λ⊤.(0 0))) @ ε;[] — 10 d, 1 c, 100 runs, 2323 calls, CYCLE +0, C +0, V +0  [0s]
[6 k=2 kc=1] ((x x) w) @ w≡(⊤ ⊤), x≡(λ⊤.((0 0) w));[] — 156 d, 10 c, 1000 runs, 30291 calls, CYCLE +0, C +0, V +0  [3s]
[12 k=2 kc=1] (y y) @ w≡(⊤ ⊤), x≡(λ⊤.((0 0) w)), y≡x;[] — 9 d, 21 c, 1000 runs, 14808 calls, CYCLE +0, C +0, V +0  [5s]
[18 k=2 kc=1] x @ w≡((λ⊤.0) ⊤), x≡(λ⊤.((0 0) w));[x] — 13 d, 60 c, 1000 runs, 15158 calls, CYCLE +0, C +0, V +0  [6s]
[24 k=2 kc=1] (y x) @ w≡((λ⊤.0) ⊤), x≡(λ⊤.((0 0) w)), y≡x;[] — 12 d, 27 c, 1000 runs, 19682 calls, CYCLE +0, C +0, V +0  [9s]
[30 k=2 kc=1] (x x) @ w≡(((⊤ ⊤) (⊤ ⊤)) ((⊤ ⊤) (⊤ ⊤))), x≡((λ⊤.((λ⊤.0) (0 0))) w);[] skipped (42025 d, 3469 c)
[36 k=2 kc=1] ((λ⊤.0) ((λ⊤.0) x)) @ x≡(λ⊤.(0 0));[] — 64 d, 2 c, 1000 runs, 24652 calls, CYCLE +0, C +0, V +0  [10s]
[42 k=2 kc=1] ((λ⊤.0) ((λ⊤.((λ⊤.0) (0 0))) x)) @ x≡(λ⊤.(0 0));[] — 2808 d, 2 c, 1000 runs, 56051 calls, CYCLE +0, C +0, V +0  [18s]
[48 k=2 kc=1] (λ⊤.0) @ v0≤(λ⊤.((λ0.(λ1.(2 ⊤))) 0));[v0, (λ⊤.0)] — 2 d, 15 c, 900 runs, 3375 calls, CYCLE +0, C +0, V +0  [18s]
[54 k=2 kc=1] (λv0.(λ(λ⊤.v0).(λ1.(λ1.(1 (λ3.1)))))) @ v0≡((⊤ ⊤) ⊤);[(⊤ v0), ⊤] — 450 d, 39 c, 1000 runs, 29714 calls, CYCLE +0, C +0, V +0  [20s]
[60 k=2 kc=1] (⊤ ⊤) @ v0≡(λ⊤.(λ⊤.⊤));[v0] — 2 d, 7 c, 196 runs, 294 calls, CYCLE +0, C +0, V +0  [20s]
[66 k=2 kc=1] ((v1 (λv1.(0 (⊤ v2)))) v1) @ v0≤(⊤ ⊤), v1≡(λ⊤.(⊤ ⊤)), v2≡((λv1.⊤) v1);[((λ⊤.v2) ⊤)] — 378 d, 1003 c, 1000 runs, 28064 calls, CYCLE +0, C +0, V +0  [24s]
[72 k=2 kc=1] (λv0.0) @ v0≡⊤, v1≡v0, v2≡(λ⊤.(⊤ (⊤ 0)));[v1] — 6 d, 96 c, 1000 runs, 5484 calls, CYCLE +0, C +0, V +0  [25s]
[78 k=2 kc=1] (⊤ v2) @ v0≤(λ⊤.((λ⊤.⊤) (λ⊤.1))), v1≡(λ⊤.0), v2≡(((λv1.(0 v0)) v0) v1);[⊤] — 12 d, 172 c, 1000 runs, 13543 calls, CYCLE +0, C +0, V +0  [27s]
[84 k=2 kc=1] (λ⊤.(λ⊤.(λ⊤.0))) @ v0≡(λ⊤.(λ0.(⊤ 1))), v1≡(λv0.(λ⊤.(1 (λ⊤.2))));[(v1 v1), v1] — 1 d, 190 c, 1000 runs, 7000 calls, CYCLE +0, C +0, V +0  [28s]
[90 k=2 kc=1] (λv1.(((λ0.v1) v0) v0)) @ v0≡((⊤ ⊤) ⊤), v1≡v0;[(v1 ⊤)] — 576 d, 45 c, 1000 runs, 24640 calls, CYCLE +0, C +0, V +0  [30s]
[96 k=2 kc=1] (λv0.(λ(λ⊤.v0).(1 (λ1.(1 (⊤ 0)))))) @ v0≡((λ⊤.(0 (0 ⊤))) ⊤);[(λ⊤.v0)] — 450 d, 19 c, 1000 runs, 50607 calls, CYCLE +0, C +0, V +0  [38s]
[102 k=2 kc=1] (v1 (v1 v0)) @ v0≤(λ⊤.(⊤ ⊤)), v1≡(((⊤ ⊤) ⊤) (v0 (⊤ ⊤)));[(v1 (⊤ ⊤))] — 25 d, 183 c, 1000 runs, 20491 calls, CYCLE +0, C +0, V +0  [41s]
[108 k=2 kc=1] (λ⊤.⊤) @ v0≡(λ⊤.(⊤ (λ0.1)));[(λv0.v0)] — 1 d, 30 c, 900 runs, 2700 calls, CYCLE +0, C +0, V +0  [41s]
[114 k=2 kc=1] (λv0.(v0 0)) @ v0≡(⊤ (⊤ ((λ⊤.(0 0)) ⊤)));[(λ⊤.(λ⊤.v0))] — 245 d, 41 c, 1000 runs, 25945 calls, CYCLE +0, C +0, V +0  [44s]
[120 k=2 kc=1] (λv0.(λ0.(λ0.((⊤ v0) (λ2.⊤))))) @ v0≡(⊤ ((⊤ (λ⊤.(⊤ 0))) ⊤));[(v0 ⊤)] — 1080 d, 34 c, 1000 runs, 33780 calls, CYCLE +0, C +0, V +0  [49s]
[126 k=2 kc=1] (v0 (λ⊤.v1)) @ v0≡⊤, v1≡(λ⊤.(v0 (0 (v0 ⊤)))), v2≤⊤;[] — 10 d, 10 c, 1000 runs, 15919 calls, CYCLE +0, C +0, V +0  [50s]
[132 k=2 kc=1] (λ⊤.(λ0.((v0 1) (λ1.0)))) @ v0≡(λ⊤.⊤);[(⊤ (λv0.v0))] — 432 d, 13 c, 1000 runs, 31880 calls, CYCLE +0, C +0, V +0  [54s]
[138 k=2 kc=1] (λv2.v1) @ v0≤(λ⊤.(λ⊤.0)), v1≡((⊤ ⊤) ⊤), v2≡(λv1.(λv0.(λ⊤.1)));[(⊤ v0)] — 12 d, 108 c, 1000 runs, 15571 calls, CYCLE +0, C +0, V +0  [55s]
[144 k=2 kc=1] ((λ⊤.(0 v0)) v0) @ v0≡((λ⊤.(0 ⊤)) (⊤ ⊤)), v1≡v0;[((λv1.v1) v0)] — 567 d, 1916 c, 1000 runs, 29429 calls, CYCLE +0, C +0, V +0  [60s]
[150 k=2 kc=1] (λv1.(λv1.(λ1.(λ0.(3 (λ1.4)))))) @ v0≡((λ⊤.(⊤ (λ0.0))) ⊤), v1≡(⊤ v0);[] — 36 d, 26 c, 1000 runs, 22938 calls, CYCLE +0, C +0, V +0  [63s]
[156 k=2 kc=1] ((λ⊤.v0) (λv0.v0)) @ v0≤⊤;[] — 2 d, 2 c, 16 runs, 92 calls, CYCLE +0, C +0, V +0  [63s]
[162 k=2 kc=1] (λ⊤.(λv1.(λ⊤.(v0 v0)))) @ v0≡((⊤ ⊤) (λ⊤.⊤)), v1≡(v0 (⊤ v0)), v2≡(v0 (λv0.⊤));[] — 117 d, 334 c, 1000 runs, 31066 calls, CYCLE +0, C +0, V +0  [71s]
[168 k=2 kc=1] (λv0.(λv0.(⊤ (v0 0)))) @ v0≡(λ(λ⊤.⊤).((0 ⊤) (0 (⊤ 0))));[] — 126 d, 3 c, 1000 runs, 40540 calls, CYCLE +0, C +0, V +0  [78s]
[174 k=2 kc=1] (λ(⊤ v0).((λv0.(v0 v0)) (λ0.(⊤ 1)))) @ v0≡⊤;[(⊤ ⊤)] — 432 d, 8 c, 1000 runs, 16432 calls, CYCLE +0, C +0, V +0  [78s]
[180 k=2 kc=1] (λv1.((λv1.(v1 1)) v1)) @ v0≡(⊤ (λ⊤.(⊤ (λ⊤.1)))), v1≡(λ(λv0.v0).((v0 v0) (λ0.(λv0.⊤))));[] skipped (memory)
[186 k=2 kc=1] ((v0 ⊤) (⊤ ⊤)) @ v0≡⊤;[] — 4 d, 2 c, 64 runs, 400 calls, CYCLE +0, C +0, V +0  [116s]
[192 k=2 kc=1] (v1 ⊤) @ v0≤(λ⊤.(λ0.(⊤ 0))), v1≡(λ⊤.(λ⊤.(λ⊤.v0))), v2≡(v0 (v0 ((⊤ v1) ⊤)));[v1] — 2 d, 78 c, 1000 runs, 8243 calls, CYCLE +0, C +0, V +0  [117s]
[198 k=2 kc=1] (⊤ (v0 ⊤)) @ v0≡(⊤ (λ⊤.((0 0) (0 ⊤))));[] — 4 d, 3 c, 144 runs, 750 calls, CYCLE +0, C +0, V +0  [117s]
[204 k=2 kc=1] (λ⊤.(v1 v0)) @ v0≡⊤, v1≡(λv0.(⊤ (0 ⊤)));[] — 14 d, 9 c, 1000 runs, 11414 calls, CYCLE +0, C +0, V +0  [118s]
[210 k=2 kc=1] ((λ⊤.⊤) (v0 (v0 ⊤))) @ v0≤((⊤ ⊤) ⊤);[] — 2 d, 3 c, 36 runs, 279 calls, CYCLE +0, C +0, V +0  [118s]
[216 k=2 kc=1] (((λv0.(λ⊤.0)) (λ⊤.v0)) ⊤) @ v0≡(λ⊤.(⊤ (0 (⊤ ⊤))));[(⊤ v0)] — 40 d, 27 c, 1000 runs, 18838 calls, CYCLE +0, C +0, V +0  [119s]
[222 k=2 kc=1] (λv1.(λ⊤.v0)) @ v0≡(⊤ ⊤), v1≤((λv0.v0) v0);[(λv0.v0), (v0 ⊤)] — 3 d, 12133 c, 1000 runs, 6415 calls, CYCLE +0, C +0, V +0  [120s]
[228 k=2 kc=1] (v2 (v1 v1)) @ v0≡(λ⊤.(λ0.(λ0.(λ1.2)))), v1≡(⊤ ⊤), v2≡(λv1.(⊤ v0));[(⊤ v0)] — 90 d, 445 c, 1000 runs, 15666 calls, CYCLE +0, C +0, V +0  [123s]
[234 k=2 kc=1] ((⊤ ((⊤ v1) v0)) (⊤ (⊤ ⊤))) @ v0≡(⊤ (⊤ ⊤)), v1≡(v0 ⊤);[⊤] — 75 d, 62 c, 1000 runs, 13915 calls, CYCLE +0, C +0, V +0  [124s]
[240 k=2 kc=1] (λ⊤.((v0 ⊤) (0 v0))) @ v0≡⊤;[(λ⊤.(λv0.v0))] — 20 d, 10 c, 1000 runs, 16689 calls, CYCLE +0, C +0, V +0  [124s]
[246 k=2 kc=1] (v1 (λv1.((λv0.1) 0))) @ v0≡((⊤ ⊤) ((λ⊤.0) (⊤ ⊤))), v1≡(λv0.(λ⊤.((v0 v0) ⊤))), v2≡(λ⊤.0);[] skipped (9592200 d, 12395 c)
[4 k=2 kc=2] (x (λ⊤.(0 0))) @ x≡(λ⊤.(0 0));[] — 5 d, 2 c, 100 runs, 1820 calls, CYCLE +0, C +0, V +0  [139s]
[10 k=2 kc=2] (x x) @ w≡(⊤ ⊤), x≡(λ⊤.(0 (0 w)));[] — 52 d, 10 c, 1000 runs, 26798 calls, CYCLE +0, C +0, V +0  [142s]
[16 k=2 kc=2] (x x) @ w≡((λ⊤.0) ⊤), x≡(λ⊤.((0 0) w));[] — 52 d, 17 c, 1000 runs, 32718 calls, CYCLE +0, C +0, V +0  [146s]
[22 k=2 kc=2] x @ w≡((λ⊤.0) ⊤), x≡(λ⊤.(0 (0 w)));[x] — 13 d, 113 c, 1000 runs, 17480 calls, CYCLE +0, C +0, V +0  [149s]
[28 k=2 kc=2] x @ w≤⊤, x≡(λ⊤.(0 0));[w] — 5 d, 9 c, 1000 runs, 7125 calls, CYCLE +0, C +0, V +0  [149s]
[34 k=2 kc=2] ((λ⊤.0) ((λ⊤.0) x)) @ x≡(⊤ ⊤);[] — 165 d, 3 c, 1000 runs, 18041 calls, CYCLE +0, C +0, V +0  [150s]
[40 k=2 kc=2] (λ⊤.0) @ x≡(((⊤ ⊤) (⊤ ⊤)) ((⊤ ⊤) (⊤ ⊤)));[((λ⊤.((λ⊤.0) (0 0))) x)] skipped (205 d, 561833 c)
[46 k=2 kc=2] (x (λ⊤.((0 0) v))) @ v≡(⊤ ⊤), x≡(λ⊤.(0 0));[] — 15 d, 4 c, 1000 runs, 25586 calls, CYCLE +0, C +0, V +0  [153s]
[52 k=2 kc=2] (v1 ((⊤ ⊤) (⊤ ⊤))) @ v0≡⊤, v1≡(λ⊤.(λ0.((v0 ⊤) v0)));[(v0 ⊤)] — 84 d, 47 c, 1000 runs, 20321 calls, CYCLE +0, C +0, V +0  [155s]
[58 k=2 kc=2] (λv0.((v0 (λv0.v0)) v1)) @ v0≤((⊤ ⊤) ⊤), v1≡(((λv0.(λv0.(λ0.⊤))) ⊤) ⊤);[(λv1.(λ⊤.0))] — 5 d, 78 c, 1000 runs, 19116 calls, CYCLE +0, C +0, V +0  [159s]
[64 k=2 kc=2] (⊤ v1) @ v0≡(⊤ (λ⊤.(0 0))), v1≡(v0 v0), v2≤(⊤ (λv0.((λv1.v0) v0)));[] — 11 d, 8345 c, 1000 runs, 9461 calls, CYCLE +0, C +0, V +0  [161s]
[70 k=2 kc=2] (λv0.(⊤ ⊤)) @ v0≡(λ⊤.(λ0.1)), v1≡(λv0.(⊤ (0 (⊤ v0)))), v2≡(v1 (⊤ ⊤));[(λv2.v1), (λ⊤.(λ0.v2))] skipped (4 d, 719347 c)
[76 k=2 kc=2] (λ(v0 ⊤).(λv2.((0 v1) (λ0.v1)))) @ v0≡((⊤ ⊤) (⊤ ⊤)), v1≡(λv0.(λ0.(⊤ (λv0.(λ1.3))))), v2≡⊤;[((v2 v2) v2)] — 9610 d, 1368 c, 1000 runs, 49192 calls, CYCLE +0, C +0, V +0  [182s]
[82 k=2 kc=2] (⊤ (λv1.((0 v0) 0))) @ v0≡(λ⊤.(⊤ (λ⊤.⊤))), v1≡(λ⊤.v0);[] — 13 d, 10 c, 1000 runs, 16259 calls, CYCLE +0, C +0, V +0  [184s]
[88 k=2 kc=2] (λ⊤.(λ0.((λv0.((1 2) 2)) v1))) @ v0≤(⊤ ⊤), v1≡((λ⊤.⊤) (λ⊤.((v0 0) ⊤)));[] — 6 d, 7 c, 1000 runs, 20533 calls, CYCLE +0, C +0, V +0  [186s]
[94 k=2 kc=2] (λ(v0 v0).((0 (λv0.0)) (λ⊤.1))) @ v0≤⊤;[(v0 (λv0.⊤))] — 4 d, 4 c, 256 runs, 5248 calls, CYCLE +0, C +0, V +0  [186s]
[100 k=2 kc=2] (λ⊤.v1) @ v0≡(⊤ (⊤ ((λ⊤.⊤) (⊤ ⊤)))), v1≡(λ⊤.((λv0.⊤) ⊤));[] — 9 d, 57 c, 1000 runs, 13355 calls, CYCLE +0, C +0, V +0  [189s]
[106 k=2 kc=2] (λv0.(λ⊤.((λ⊤.1) v0))) @ v0≡(λ⊤.(λ⊤.⊤));[] — 8 d, 2 c, 256 runs, 3904 calls, CYCLE +0, C +0, V +0  [189s]
[112 k=2 kc=2] (λ⊤.v1) @ v0≡((λ⊤.⊤) ⊤), v1≡v0, v2≤(⊤ v0);[] — 4 d, 41 c, 1000 runs, 7185 calls, CYCLE +0, C +0, V +0  [190s]
[118 k=2 kc=2] ((v1 v0) v2) @ v0≤⊤, v1≡((λv0.0) v0), v2≡⊤;[⊤, (⊤ (λv1.v2))] — 8 d, 148 c, 1000 runs, 10066 calls, CYCLE +0, C +0, V +0  [190s]
[124 k=2 kc=2] (v0 v0) @ v0≡(λ⊤.(λ0.⊤));[(λ⊤.(⊤ v0)), v0] — 6 d, 25 c, 1000 runs, 12924 calls, CYCLE +0, C +0, V +0  [191s]
[130 k=2 kc=2] (λ(v0 v0).((0 (0 (λv0.(λ1.2)))) ⊤)) @ v0≡⊤;[] — 8 d, 2 c, 256 runs, 4416 calls, CYCLE +0, C +0, V +0  [191s]
[136 k=2 kc=2] ((λ⊤.(λv1.1)) ⊤) @ v0≤((⊤ ⊤) (⊤ ((⊤ ⊤) ⊤))), v1≡(λv0.(λv0.0));[⊤] — 6 d, 29 c, 1000 runs, 10401 calls, CYCLE +0, C +0, V +0  [192s]
[142 k=2 kc=2] ((λv0.⊤) ⊤) @ v0≡(⊤ (λ⊤.(λ0.1)));[⊤, ⊤] — 4 d, 15 c, 1000 runs, 5559 calls, CYCLE +0, C +0, V +0  [193s]
[148 k=2 kc=2] ((⊤ v0) (λ⊤.0)) @ v0≡((λ⊤.0) ((⊤ ⊤) (λ⊤.⊤)));[(λ⊤.(0 v0))] — 10 d, 90 c, 1000 runs, 16972 calls, CYCLE +0, C +0, V +0  [195s]
[154 k=2 kc=2] ((λv1.((v2 ⊤) (v1 (v0 ⊤)))) v2) @ v0≡(λ⊤.(⊤ (λ0.1))), v1≡(v0 (λ⊤.((0 0) (λ⊤.v0)))), v2≤(v0 (⊤ v0));[] — 660 d, 2421 c, 1000 runs, 54021 calls, CYCLE +0, C +0, V +0  [229s]
[160 k=2 kc=2] (v0 v1) @ v0≡⊤, v1≡v0;[] — 6 d, 5 c, 900 runs, 4755 calls, CYCLE +0, C +0, V +0  [229s]
[166 k=2 kc=2] (v0 (λv1.(λ0.(λv0.⊤)))) @ v0≡(λ⊤.(0 0)), v1≡((⊤ (⊤ ⊤)) (⊤ v0));[v1] — 100 d, 236 c, 1000 runs, 41724 calls, CYCLE +0, C +0, V +0  [239s]
[172 k=2 kc=2] (((λv1.v2) v1) v0) @ v0≤(λ⊤.((0 ⊤) ⊤)), v1≡(λv0.⊤), v2≤(⊤ v0);[(λ⊤.⊤)] — 6 d, 26 c, 1000 runs, 9417 calls, CYCLE +0, C +0, V +0  [239s]
[178 k=2 kc=2] (v2 ⊤) @ v0≡(⊤ ((⊤ (⊤ (⊤ ⊤))) ⊤)), v1≡⊤, v2≡(λ⊤.(λv0.((λ⊤.v1) ⊤)));[] — 25 d, 169 c, 1000 runs, 16254 calls, CYCLE +0, C +0, V +0  [243s]
[184 k=2 kc=2] (λv0.(λv0.(λv1.(v0 v1)))) @ v0≤⊤, v1≡v0;[(λ⊤.(λ⊤.1)), ⊤] — 4 d, 19 c, 1000 runs, 10505 calls, CYCLE +0, C +0, V +0  [244s]
[190 k=2 kc=2] ((λ⊤.(v0 (0 0))) ⊤) @ v0≡(λ⊤.⊤);[⊤] — 8 d, 5 c, 1000 runs, 12736 calls, CYCLE +0, C +0, V +0  [244s]
[196 k=2 kc=2] ((v0 (v1 (v0 (v1 v1)))) v0) @ v0≡(λ⊤.⊤), v1≡(λv0.((⊤ (v0 v0)) v0));[] skipped (74088 d, 41 c)
[202 k=2 kc=2] (λv0.((⊤ (λv0.(0 (λ1.2)))) v2)) @ v0≡((⊤ (⊤ (λ⊤.⊤))) ⊤), v1≤(λv0.(v0 ⊤)), v2≤((v0 (v0 (λv1.(λv0.0)))) ⊤);[(λv1.0), (v2 ⊤)] skipped (68 d, 39299 c)
[208 k=2 kc=2] ((λv0.(λv1.0)) (v0 ⊤)) @ v0≡(λ⊤.(0 (⊤ ⊤))), v1≡v0;[] — 80 d, 10 c, 1000 runs, 22562 calls, CYCLE +0, C +0, V +0  [246s]
[214 k=2 kc=2] ((((v0 (λ⊤.v0)) v0) v0) (λ⊤.0)) @ v0≡(⊤ (⊤ ⊤));[] — 256 d, 4 c, 1000 runs, 21379 calls, CYCLE +0, C +0, V +0  [247s]
[220 k=2 kc=2] ((λv0.(λ⊤.0)) (λv0.((0 v1) v2))) @ v0≡(λ⊤.((0 ⊤) (λ⊤.0))), v1≡(λ⊤.(((λ⊤.1) (λ0.1)) 0)), v2≡(v1 (λv0.(v0 v0)));[(v1 v0)] skipped (3150 d, 266575 c)
[226 k=2 kc=2] (λ(v0 v0).(λ⊤.(λ⊤.((v0 (λ2.⊤)) 1)))) @ v0≡((⊤ ⊤) (λ⊤.(⊤ (0 0))));[] — 125 d, 5 c, 1000 runs, 33920 calls, CYCLE +0, C +0, V +0  [252s]
[232 k=2 kc=2] (λ(v1 v1).((⊤ (λ0.((v1 ⊤) ⊤))) 0)) @ v0≤((⊤ ⊤) (⊤ ⊤)), v1≡(λv0.⊤);[(⊤ (v0 v0))] — 84 d, 32 c, 1000 runs, 22218 calls, CYCLE +0, C +0, V +0  [253s]
[238 k=2 kc=2] (v0 v0) @ v0≡⊤;[(λ⊤.(λv0.⊤)), ⊤] — 4 d, 12 c, 1000 runs, 4516 calls, CYCLE +0, C +0, V +0  [254s]
[244 k=2 kc=2] ((λv1.v2) v2) @ v0≡((λ⊤.(λ0.((1 ⊤) 1))) ⊤), v1≡(v0 v0), v2≡(((λv0.0) v1) ((v0 ⊤) v1));[((v0 v1) v1), ⊤] skipped (memory)
[2 k=3 kc=1] x @ x≡(λ⊤.(0 0));[x] — 10 d, 7 c, 300 runs, 4038 calls, CYCLE +0, C +0, V +0  [269s]
[8 k=3 kc=1] (x x) @ w≡(⊤ ⊤), x≡(λ⊤.((0 0) w));[w] — 112 d, 73 c, 300 runs, 9612 calls, CYCLE +0, C +0, V +0  [270s]
[14 k=3 kc=1] x @ w≡(⊤ ⊤), x≡(λ⊤.((0 0) w)), y≡x;[y] — 28 d, 113 c, 300 runs, 4726 calls, CYCLE +0, C +0, V +0  [271s]
[20 k=3 kc=1] x @ w≡((λ⊤.0) ⊤), x≡(λ⊤.((0 0) w));[x, w] — 37 d, 282 c, 300 runs, 7568 calls, CYCLE +0, C +0, V +0  [272s]
[26 k=3 kc=1] y @ w≡((λ⊤.0) ⊤), x≡(λ⊤.((0 0) w)), y≡x;[x] — 14 d, 175 c, 300 runs, 5021 calls, CYCLE +0, C +0, V +0  [273s]
[32 k=3 kc=1] x @ w≡(((⊤ ⊤) (⊤ ⊤)) ((⊤ ⊤) (⊤ ⊤))), x≡((λ⊤.((λ⊤.0) (0 0))) w);[w] skipped (33049 d, 124662 c)
[38 k=3 kc=1] ((λ⊤.0) ((λ⊤.((λ⊤.0) (0 0))) x)) @ x≡(((⊤ ⊤) (⊤ ⊤)) ((⊤ ⊤) (⊤ ⊤)));[] skipped (memory)
[44 k=3 kc=1] v @ y≡(λ⊤.(0 0)), v≡(y ((⊤ ⊤) (⊤ ⊤)));[] — 105 d, 17 c, 300 runs, 5824 calls, CYCLE +0, C +0, V +0  [286s]
[50 k=3 kc=1] (λ⊤.((v0 0) (λ⊤.(v0 v0)))) @ v0≡((⊤ (λ⊤.(⊤ ⊤))) ⊤);[⊤] — 128 d, 11 c, 300 runs, 7903 calls, CYCLE +0, C +0, V +0  [287s]
[56 k=3 kc=1] (λv1.⊤) @ v0≡(⊤ ⊤), v1≡(⊤ ⊤);[(λv1.0), ⊤] — 3 d, 79 c, 300 runs, 1321 calls, CYCLE +0, C +0, V +0  [287s]
[62 k=3 kc=1] ((λv2.v2) v1) @ v0≡((⊤ ⊤) (⊤ (λ⊤.0))), v1≡⊤, v2≤v1;[((v0 v1) ⊤), ⊤] — 4 d, 993 c, 300 runs, 1353 calls, CYCLE +0, C +0, V +0  [287s]
[68 k=3 kc=1] (v1 (λv0.(λ⊤.(λ1.((λ0.v0) 0))))) @ v0≡(λ⊤.(λ⊤.(1 0))), v1≤(λv0.(λv0.(λ1.(1 (2 0)))));[(λv1.(v1 0))] — 8 d, 18 c, 300 runs, 6555 calls, CYCLE +0, C +0, V +0  [288s]
[74 k=3 kc=1] ((⊤ v0) (λ⊤.(λ0.⊤))) @ v0≡((λ⊤.(0 (λ0.0))) (⊤ ⊤));[] — 20 d, 19 c, 300 runs, 5896 calls, CYCLE +0, C +0, V +0  [289s]
[80 k=3 kc=1] (λ⊤.(λ0.1)) @ v0≡⊤;[v0] — 9 d, 7 c, 300 runs, 2413 calls, CYCLE +0, C +0, V +0  [289s]
[86 k=3 kc=1] (λv0.(0 v2)) @ v0≡(⊤ ⊤), v1≡(v0 ((λ⊤.⊤) ⊤)), v2≡(((λv0.(⊤ v0)) v0) v0);[v0] — 1740 d, 28660 c, 300 runs, 6139 calls, CYCLE +0, C +0, V +0  [290s]
[92 k=3 kc=1] ((λv0.(λv0.(λv0.0))) ⊤) @ v0≡⊤;[⊤, (⊤ ⊤)] — 36 d, 13 c, 300 runs, 3413 calls, CYCLE +0, C +0, V +0  [290s]
[98 k=3 kc=1] (λ(⊤ ⊤).(λ(⊤ v0).((v0 (λ1.0)) (1 1)))) @ v0≡(λ⊤.(λ0.0));[v0] — 3456 d, 7 c, 300 runs, 14102 calls, CYCLE +0, C +0, V +0  [293s]
[104 k=3 kc=1] (((v0 v0) v0) v0) @ v0≡((λ⊤.0) ⊤);[] — 256 d, 4 c, 300 runs, 7348 calls, CYCLE +0, C +0, V +0  [293s]
[110 k=3 kc=1] (λv0.(λ⊤.(λ0.(λ1.(λ1.(λ1.v0)))))) @ v0≤(λ⊤.((⊤ 0) 0));[(⊤ (λv0.⊤)), (⊤ (⊤ ⊤))] — 16 d, 47 c, 300 runs, 5149 calls, CYCLE +0, C +0, V +0  [294s]
[116 k=3 kc=1] (⊤ (λ⊤.(λv1.(λ0.1)))) @ v0≡((⊤ ⊤) (λ⊤.(λ⊤.(λ1.1)))), v1≡(⊤ ⊤), v2≡(v1 (λ⊤.(λv1.(⊤ v1))));[] — 4 d, 253 c, 300 runs, 1917 calls, CYCLE +0, C +0, V +0  [294s]
[122 k=3 kc=1] ((v0 (λv0.(λv0.(λ0.2)))) ⊤) @ v0≤⊤;[] — 1 d, 2 c, 4 runs, 44 calls, CYCLE +0, C +0, V +0  [294s]
[128 k=3 kc=1] (λv0.(⊤ (⊤ v0))) @ v0≤(λ⊤.((λ⊤.1) (λ0.⊤)));[(λ⊤.v0), (v0 ⊤)] — 3 d, 15 c, 300 runs, 1230 calls, CYCLE +0, C +0, V +0  [294s]
[134 k=3 kc=1] (λ⊤.(0 (λv0.(v1 0)))) @ v0≡(⊤ ⊤), v1≡(λv0.(λv0.(1 v0))), v2≡((λv0.v0) (λv1.v1));[(λv2.(⊤ v0))] skipped (32505 d, 51181 c)
[140 k=3 kc=1] ((λv1.(λv1.0)) (λv2.(λv1.1))) @ v0≡(λ⊤.0), v1≡(λ⊤.v0), v2≡((⊤ (λv1.⊤)) v0);[(λv1.0), (λ⊤.v1)] — 3240 d, 661 c, 300 runs, 13313 calls, CYCLE +0, C +0, V +0  [298s]
[146 k=3 kc=1] ((λ⊤.(λv0.(λ1.0))) ⊤) @ v0≤⊤;[v0, (⊤ ⊤)] — 9 d, 13 c, 300 runs, 2998 calls, CYCLE +0, C +0, V +0  [298s]
[152 k=3 kc=1] ((λ⊤.(λ0.v1)) ((λv1.v1) (λv2.v0))) @ v0≡((⊤ ⊤) ⊤), v1≡((λ⊤.⊤) ⊤), v2≡((λv0.v0) (λv1.⊤));[v2] skipped (5330664 d, 1624 c)
[158 k=3 kc=1] (⊤ ⊤) @ v0≡((⊤ (λ⊤.⊤)) ⊤);[⊤] — 2 d, 8 c, 256 runs, 384 calls, CYCLE +0, C +0, V +0  [305s]
[164 k=3 kc=1] (λv0.(λ0.(λv0.⊤))) @ v0≡(⊤ ⊤);[(λv0.(⊤ v0)), v0] — 117 d, 171 c, 300 runs, 4778 calls, CYCLE +0, C +0, V +0  [305s]
[170 k=3 kc=1] (λv0.0) @ v0≡((λ⊤.(λ0.(0 0))) ⊤);[((λv0.v0) v0), ((⊤ ⊤) v0)] — 1011 d, 185 c, 300 runs, 14201 calls, CYCLE +0, C +0, V +0  [309s]
[176 k=3 kc=1] (λ⊤.(((0 (⊤ ⊤)) v0) (v0 0))) @ v0≡(λ⊤.⊤);[⊤, v0] — 32 d, 11 c, 300 runs, 5155 calls, CYCLE +0, C +0, V +0  [309s]
[182 k=3 kc=1] (λ(λ⊤.v0).(λ⊤.(λ⊤.(λ⊤.(λ⊤.v0))))) @ v0≤(⊤ (⊤ ⊤));[(λv0.v0)] — 1 d, 8 c, 64 runs, 832 calls, CYCLE +0, C +0, V +0  [309s]
[188 k=3 kc=1] ((λ⊤.⊤) (λv2.v2)) @ v0≡(λ⊤.⊤), v1≡(v0 ⊤), v2≡(λv1.(λv1.(v0 1)));[] — 722 d, 41 c, 300 runs, 12654 calls, CYCLE +0, C +0, V +0  [312s]
[194 k=3 kc=1] ((λ⊤.v0) v0) @ v0≡⊤;[] — 8 d, 2 c, 256 runs, 1344 calls, CYCLE +0, C +0, V +0  [312s]
[200 k=3 kc=1] (λv0.0) @ v0≤(⊤ (λ⊤.0));[(v0 ⊤), ((v0 v0) ⊤)] — 2 d, 11 c, 300 runs, 1557 calls, CYCLE +0, C +0, V +0  [312s]
[206 k=3 kc=1] (λ⊤.(⊤ (λv0.v0))) @ v0≤(λ(⊤ ⊤).((λ0.1) ((λ0.0) ⊤)));[(λv0.v0)] — 2 d, 26 c, 300 runs, 1188 calls, CYCLE +0, C +0, V +0  [312s]
[212 k=3 kc=1] ((⊤ ⊤) ⊤) @ v0≤(λ⊤.((0 0) 0));[(⊤ (λ⊤.0)), (λ⊤.0)] — 2 d, 16 c, 300 runs, 1042 calls, CYCLE +0, C +0, V +0  [312s]
[218 k=3 kc=1] (v1 v0) @ v0≡(⊤ ⊤), v1≡((λv0.0) (v0 ⊤)), v2≡(((v0 ⊤) v1) (v1 ⊤));[(v0 v0)] skipped (120 d, 48151 c)
[224 k=3 kc=1] (λ⊤.((λv0.v0) (λv0.(λ⊤.2)))) @ v0≡(⊤ (λ⊤.0));[((v0 v0) ⊤), ((λv0.v0) ⊤)] — 360 d, 390 c, 300 runs, 7320 calls, CYCLE +0, C +0, V +0  [313s]
[230 k=3 kc=1] ((λ⊤.((v0 (0 ⊤)) (0 v0))) v0) @ v0≤((⊤ ((⊤ ⊤) ⊤)) (⊤ ⊤));[] — 4 d, 7 c, 300 runs, 4337 calls, CYCLE +0, C +0, V +0  [313s]
[236 k=3 kc=1] (λv0.(⊤ 0)) @ v0≡(⊤ (⊤ (λ⊤.(λ0.(1 ⊤))))), v1≡(λ⊤.(λ⊤.(λ0.(λ0.2))));[] — 8 d, 5 c, 300 runs, 1880 calls, CYCLE +0, C +0, V +0  [313s]
[242 k=3 kc=1] (λ⊤.(λ⊤.(1 (0 0)))) @ v0≡(((⊤ ⊤) (λ⊤.(λ⊤.⊤))) ⊤);[v0] — 4 d, 14 c, 300 runs, 5320 calls, CYCLE +0, C +0, V +0  [314s]
[0 k=3 kc=2] ((λ⊤.(0 0)) (λ⊤.(0 0))) @ ε;[] — 20 d, 1 c, 300 runs, 8345 calls, CYCLE +0, C +25, V +75  [314s]
[6 k=3 kc=2] ((x x) w) @ w≡(⊤ ⊤), x≡(λ⊤.((0 0) w));[] — 336 d, 10 c, 300 runs, 10752 calls, CYCLE +0, C +0, V +0  [316s]
[12 k=3 kc=2] (y y) @ w≡(⊤ ⊤), x≡(λ⊤.((0 0) w)), y≡x;[] — 70 d, 41 c, 300 runs, 8810 calls, CYCLE +0, C +0, V +0  [317s]
[18 k=3 kc=2] x @ w≡((λ⊤.0) ⊤), x≡(λ⊤.((0 0) w));[x] — 37 d, 113 c, 300 runs, 8082 calls, CYCLE +0, C +0, V +0  [319s]
[24 k=3 kc=2] (y x) @ w≡((λ⊤.0) ⊤), x≡(λ⊤.((0 0) w)), y≡x;[] — 70 d, 69 c, 300 runs, 10662 calls, CYCLE +0, C +0, V +0  [321s]
[30 k=3 kc=2] (x x) @ w≡(((⊤ ⊤) (⊤ ⊤)) ((⊤ ⊤) (⊤ ⊤))), x≡((λ⊤.((λ⊤.0) (0 0))) w);[] skipped (memory)
[36 k=3 kc=2] ((λ⊤.0) ((λ⊤.0) x)) @ x≡(λ⊤.(0 0));[] — 80 d, 2 c, 300 runs, 8002 calls, CYCLE +0, C +0, V +0  [334s]
[42 k=3 kc=2] ((λ⊤.0) ((λ⊤.((λ⊤.0) (0 0))) x)) @ x≡(λ⊤.(0 0));[] skipped (43560 d, 2 c)
[48 k=3 kc=2] (λ⊤.0) @ v0≤(λ⊤.((λ0.(λ1.(2 ⊤))) 0));[v0, (λ⊤.0)] — 2 d, 15 c, 300 runs, 1119 calls, CYCLE +0, C +0, V +0  [334s]
[54 k=3 kc=2] (λv0.(λ(λ⊤.v0).(λ1.(λ1.(1 (λ3.1)))))) @ v0≡((⊤ ⊤) ⊤);[(⊤ v0), ⊤] — 450 d, 39 c, 300 runs, 8843 calls, CYCLE +0, C +0, V +0  [335s]
[60 k=3 kc=2] (⊤ ⊤) @ v0≡(λ⊤.(λ⊤.⊤));[v0] — 2 d, 7 c, 196 runs, 294 calls, CYCLE +0, C +0, V +0  [335s]
[66 k=3 kc=2] ((v1 (λv1.(0 (⊤ v2)))) v1) @ v0≤(⊤ ⊤), v1≡(λ⊤.(⊤ ⊤)), v2≡((λv1.⊤) v1);[((λ⊤.v2) ⊤)] — 378 d, 2703 c, 300 runs, 8345 calls, CYCLE +0, C +0, V +0  [336s]
[72 k=3 kc=2] (λv0.0) @ v0≡⊤, v1≡v0, v2≡(λ⊤.(⊤ (⊤ 0)));[v1] — 8 d, 127 c, 300 runs, 1813 calls, CYCLE +0, C +0, V +0  [336s]
[78 k=3 kc=2] (⊤ v2) @ v0≤(λ⊤.((λ⊤.⊤) (λ⊤.1))), v1≡(λ⊤.0), v2≡(((λv1.(0 v0)) v0) v1);[⊤] — 12 d, 172 c, 300 runs, 3926 calls, CYCLE +0, C +0, V +0  [337s]
[84 k=3 kc=2] (λ⊤.(λ⊤.(λ⊤.0))) @ v0≡(λ⊤.(λ0.(⊤ 1))), v1≡(λv0.(λ⊤.(1 (λ⊤.2))));[(v1 v1), v1] — 1 d, 3390 c, 300 runs, 2100 calls, CYCLE +0, C +0, V +0  [338s]
[90 k=3 kc=2] (λv1.(((λ0.v1) v0) v0)) @ v0≡((⊤ ⊤) ⊤), v1≡v0;[(v1 ⊤)] — 864 d, 65 c, 300 runs, 8005 calls, CYCLE +0, C +0, V +0  [338s]
[96 k=3 kc=2] (λv0.(λ(λ⊤.v0).(1 (λ1.(1 (⊤ 0)))))) @ v0≡((λ⊤.(0 (0 ⊤))) ⊤);[(λ⊤.v0)] — 1800 d, 34 c, 300 runs, 17652 calls, CYCLE +0, C +0, V +0  [343s]
[102 k=3 kc=2] (v1 (v1 v0)) @ v0≤(λ⊤.(⊤ ⊤)), v1≡(((⊤ ⊤) ⊤) (v0 (⊤ ⊤)));[(v1 (⊤ ⊤))] — 25 d, 183 c, 300 runs, 6101 calls, CYCLE +0, C +0, V +0  [343s]
[108 k=3 kc=2] (λ⊤.⊤) @ v0≡(λ⊤.(⊤ (λ0.1)));[(λv0.v0)] — 1 d, 30 c, 300 runs, 900 calls, CYCLE +0, C +0, V +0  [343s]
[114 k=3 kc=2] (λv0.(v0 0)) @ v0≡(⊤ (⊤ ((λ⊤.(0 0)) ⊤)));[(λ⊤.(λ⊤.v0))] — 392 d, 62 c, 300 runs, 8686 calls, CYCLE +0, C +0, V +0  [345s]
[120 k=3 kc=2] (λv0.(λ0.(λ0.((⊤ v0) (λ2.⊤))))) @ v0≡(⊤ ((⊤ (λ⊤.(⊤ 0))) ⊤));[(v0 ⊤)] — 1080 d, 34 c, 300 runs, 10074 calls, CYCLE +0, C +0, V +0  [346s]
[126 k=3 kc=2] (v0 (λ⊤.v1)) @ v0≡⊤, v1≡(λ⊤.(v0 (0 (v0 ⊤)))), v2≤⊤;[] — 10 d, 10 c, 300 runs, 4781 calls, CYCLE +0, C +0, V +0  [347s]
[132 k=3 kc=2] (λ⊤.(λ0.((v0 1) (λ1.0)))) @ v0≡(λ⊤.⊤);[(⊤ (λv0.v0))] — 432 d, 13 c, 300 runs, 9339 calls, CYCLE +0, C +0, V +0  [348s]
[138 k=3 kc=2] (λv2.v1) @ v0≤(λ⊤.(λ⊤.0)), v1≡((⊤ ⊤) ⊤), v2≡(λv1.(λv0.(λ⊤.1)));[(⊤ v0)] — 12 d, 108 c, 300 runs, 4756 calls, CYCLE +0, C +0, V +0  [348s]
[144 k=3 kc=2] ((λ⊤.(0 v0)) v0) @ v0≡((λ⊤.(0 ⊤)) (⊤ ⊤)), v1≡v0;[((λv1.v1) v0)] skipped (891 d, 32608 c)
[150 k=3 kc=2] (λv1.(λv1.(λ1.(λ0.(3 (λ1.4)))))) @ v0≡((λ⊤.(⊤ (λ0.0))) ⊤), v1≡(⊤ v0);[] — 49 d, 31 c, 300 runs, 7538 calls, CYCLE +0, C +0, V +0  [349s]
[156 k=3 kc=2] ((λ⊤.v0) (λv0.v0)) @ v0≤⊤;[] — 2 d, 2 c, 16 runs, 92 calls, CYCLE +0, C +0, V +0  [349s]
[162 k=3 kc=2] (λ⊤.(λv1.(λ⊤.(v0 v0)))) @ v0≡((⊤ ⊤) (λ⊤.⊤)), v1≡(v0 (⊤ v0)), v2≡(v0 (λv0.⊤));[] — 117 d, 334 c, 300 runs, 9286 calls, CYCLE +0, C +0, V +0  [352s]
[168 k=3 kc=2] (λv0.(λv0.(⊤ (v0 0)))) @ v0≡(λ(λ⊤.⊤).((0 ⊤) (0 (⊤ 0))));[] — 126 d, 3 c, 300 runs, 12183 calls, CYCLE +0, C +0, V +0  [354s]
[174 k=3 kc=2] (λ(⊤ v0).((λv0.(v0 v0)) (λ0.(⊤ 1)))) @ v0≡⊤;[(⊤ ⊤)] — 432 d, 8 c, 300 runs, 4951 calls, CYCLE +0, C +0, V +0  [354s]
[180 k=3 kc=2] (λv1.((λv1.(v1 1)) v1)) @ v0≡(⊤ (λ⊤.(⊤ (λ⊤.1)))), v1≡(λ(λv0.v0).((v0 v0) (λ0.(λv0.⊤))));[] skipped (memory)
[186 k=3 kc=2] ((v0 ⊤) (⊤ ⊤)) @ v0≡⊤;[] — 4 d, 2 c, 64 runs, 400 calls, CYCLE +0, C +0, V +0  [401s]
[192 k=3 kc=2] (v1 ⊤) @ v0≤(λ⊤.(λ0.(⊤ 0))), v1≡(λ⊤.(λ⊤.(λ⊤.v0))), v2≡(v0 (v0 ((⊤ v1) ⊤)));[v1] — 2 d, 78 c, 300 runs, 2433 calls, CYCLE +0, C +0, V +0  [402s]
[198 k=3 kc=2] (⊤ (v0 ⊤)) @ v0≡(⊤ (λ⊤.((0 0) (0 ⊤))));[] — 4 d, 3 c, 144 runs, 750 calls, CYCLE +0, C +0, V +0  [402s]
[204 k=3 kc=2] (λ⊤.(v1 v0)) @ v0≡⊤, v1≡(λv0.(⊤ (0 ⊤)));[] — 18 d, 9 c, 300 runs, 3650 calls, CYCLE +0, C +0, V +0  [402s]
[210 k=3 kc=2] ((λ⊤.⊤) (v0 (v0 ⊤))) @ v0≤((⊤ ⊤) ⊤);[] — 2 d, 3 c, 36 runs, 279 calls, CYCLE +0, C +0, V +0  [402s]
[216 k=3 kc=2] (((λv0.(λ⊤.0)) (λ⊤.v0)) ⊤) @ v0≡(λ⊤.(⊤ (0 (⊤ ⊤))));[(⊤ v0)] — 40 d, 27 c, 300 runs, 5761 calls, CYCLE +0, C +0, V +0  [402s]
[222 k=3 kc=2] (λv1.(λ⊤.v0)) @ v0≡(⊤ ⊤), v1≤((λv0.v0) v0);[(λv0.v0), (v0 ⊤)] — 3 d, 12133 c, 300 runs, 1935 calls, CYCLE +0, C +0, V +0  [402s]
[228 k=3 kc=2] (v2 (v1 v1)) @ v0≡(λ⊤.(λ0.(λ0.(λ1.2)))), v1≡(⊤ ⊤), v2≡(λv1.(⊤ v0));[(⊤ v0)] — 90 d, 445 c, 300 runs, 4799 calls, CYCLE +0, C +0, V +0  [403s]
[234 k=3 kc=2] ((⊤ ((⊤ v1) v0)) (⊤ (⊤ ⊤))) @ v0≡(⊤ (⊤ ⊤)), v1≡(v0 ⊤);[⊤] — 75 d, 62 c, 300 runs, 4226 calls, CYCLE +0, C +0, V +0  [404s]
[240 k=3 kc=2] (λ⊤.((v0 ⊤) (0 v0))) @ v0≡⊤;[(λ⊤.(λv0.v0))] — 20 d, 10 c, 300 runs, 5052 calls, CYCLE +0, C +0, V +0  [404s]
[246 k=3 kc=2] (v1 (λv1.((λv0.1) 0))) @ v0≡((⊤ ⊤) ((λ⊤.0) (⊤ ⊤))), v1≡(λv0.(λ⊤.((v0 v0) ⊤))), v2≡(λ⊤.0);[] skipped (memory)
DONE
C_stored_piece_refetched 25
V_frame_position_revisit 75
calls 1708162
ext 148831
ext_fetch_stored 28490
fetched_stored_after_own_last_pull 30122
fetched_stored_before_own_last_pull 2747
int 4379
pulls 153210
runs 85360
skipped_memory 6
skipped_size 13
EXAMPLE C {'time': 10, 'depth': 7, 'side': 1, 'var': 'z0', 'var_bt': 0, 'kind': 'ext', 'fetched': ('stk', 1, 1, ('d2', ('p',)), ('orig', 1)), 'frame_from': ('orig', 1), 'frame_to': ('orig', 1), 'trigger': ('d1', ('o', 'F', 'o', 'e', 'F', 'o', 'e')), 'piece_root': ('d2', ('p',)), 'puller_root': ('d2', ('o', 'F', 'p')), 'psize': 5, 'osize': 6, 'stack': 1, 'ctx': 2}
    cfg: ((λ⊤.(0 0)) (λ⊤.(0 0))) @ ε;[] k= 3 kc= 2 quad= (15, 0, 0, 0) {'t1': '((λ⊤.((λ⊤.((λ⊤.(0 0)) 0)) (λ⊤.(0 0)))) (λ⊤.(0 0)))', 't2': '((λ⊤.(0 0)) (λ⊤.(0 0)))', 'c1': 'ε;[]', 'c2': 'ε;[]'}
    {'time': 5, 'depth': 3, 'side': 1, 'var': 'z0', 'var_bt': 0, 'kind': 'ext', 'fetched': ('stk', 1, 1, ('d2', ('p',)), ('orig', 1)), 'frame_from': ('orig', 1), 'frame_to': ('orig', 1), 'trigger': ('d1', ('o', 'F', 'o')), 'piece_root': ('d2', ('p',)), 'puller_root': ('d2', ('o', 'F', 'o')), 'psize': 5, 'osize': 12, 'stack': 1, 'ctx': 1}
    {'time': 9, 'depth': 6, 'side': 1, 'var': 'z1', 'var_bt': 1, 'kind': 'ext', 'fetched': ('stk', 4, 1, ('d2', ('o', 'F', 'p')), ('orig', 1)), 'frame_from': ('orig', 1), 'frame_to': ('orig', 1), 'trigger': ('d1', ('o', 'F', 'o', 'e', 'F', 'o')), 'piece_root': ('d2', ('o', 'F', 'p')), 'puller_root': ('d2', ('p', 'F', 'o')), 'psize': 1, 'osize': 7, 'stack': 1, 'ctx': 2}
EXAMPLE V (1, ('orig', 1), ('d2', ('p',)))
    cfg: ((λ⊤.(0 0)) (λ⊤.(0 0))) @ ε;[] k= 3 kc= 2 quad= (15, 0, 0, 0) {'t1': '((λ⊤.((λ⊤.((λ⊤.(0 0)) 0)) (λ⊤.(0 0)))) (λ⊤.(0 0)))', 't2': '((λ⊤.(0 0)) (λ⊤.(0 0)))', 'c1': 'ε;[]', 'c2': 'ε;[]'}
    {'time': 5, 'depth': 3, 'side': 1, 'var': 'z0', 'var_bt': 0, 'kind': 'ext', 'fetched': ('stk', 1, 1, ('d2', ('p',)), ('orig', 1)), 'frame_from': ('orig', 1), 'frame_to': ('orig', 1), 'trigger': ('d1', ('o', 'F', 'o')), 'piece_root': ('d2', ('p',)), 'puller_root': ('d2', ('o', 'F', 'o')), 'psize': 5, 'osize': 12, 'stack': 1, 'ctx': 1}
    {'time': 9, 'depth': 6, 'side': 1, 'var': 'z1', 'var_bt': 1, 'kind': 'ext', 'fetched': ('stk', 4, 1, ('d2', ('o', 'F', 'p')), ('orig', 1)), 'frame_from': ('orig', 1), 'frame_to': ('orig', 1), 'trigger': ('d1', ('o', 'F', 'o', 'e', 'F', 'o')), 'piece_root': ('d2', ('o', 'F', 'p')), 'puller_root': ('d2', ('p', 'F', 'o')), 'psize': 1, 'osize': 7, 'stack': 1, 'ctx': 2}
    {'time': 10, 'depth': 7, 'side': 1, 'var': 'z0', 'var_bt': 0, 'kind': 'ext', 'fetched': ('stk', 1, 1, ('d2', ('p',)), ('orig', 1)), 'frame_from': ('orig', 1), 'frame_to': ('orig', 1), 'trigger': ('d1', ('o', 'F', 'o', 'e', 'F', 'o', 'e')), 'piece_root': ('d2', ('p',)), 'puller_root': ('d2', ('o', 'F', 'p')), 'psize': 5, 'osize': 6, 'stack': 1, 'ctx': 2}
