shard 1/6: 248 configurations, 166 items
[1 k=2 kc=1] (x x) @ x≡(λ⊤.(0 0));[] — 10 d, 2 c, 400 runs, 6092 calls, CYCLE +0, C +0, V +0  [0s]
[7 k=2 kc=1] x @ w≡(⊤ ⊤), x≡(λ⊤.((0 0) w));[x] — 13 d, 45 c, 1000 runs, 12722 calls, CYCLE +0, C +0, V +0  [1s]
[13 k=2 kc=1] (y x) @ w≡(⊤ ⊤), x≡(λ⊤.((0 0) w)), y≡x;[] — 12 d, 21 c, 1000 runs, 16961 calls, CYCLE +0, C +0, V +0  [3s]
[19 k=2 kc=1] (x x) @ w≡((λ⊤.0) ⊤), x≡(λ⊤.((0 0) w));[w] — 52 d, 97 c, 1000 runs, 32493 calls, CYCLE +0, C +0, V +0  [7s]
[25 k=2 kc=1] x @ w≡((λ⊤.0) ⊤), x≡(λ⊤.((0 0) w)), y≡x;[y] — 13 d, 149 c, 1000 runs, 13841 calls, CYCLE +0, C +0, V +0  [9s]
[31 k=2 kc=1] x @ w≡(((⊤ ⊤) (⊤ ⊤)) ((⊤ ⊤) (⊤ ⊤))), x≡((λ⊤.((λ⊤.0) (0 0))) w);[x] — 205 d, 20608 c, 1000 runs, 36429 calls, CYCLE +0, C +0, V +0  [22s]
[37 k=2 kc=1] ((λ⊤.(0 0)) ((λ⊤.0) x)) @ x≡(λ⊤.(0 0));[] — 392 d, 2 c, 1000 runs, 36888 calls, CYCLE +0, C +0, V +0  [25s]
[43 k=2 kc=1] (λ⊤.(0 0)) @ x≡(λ⊤.(0 0));[((λ⊤.((λ⊤.0) (0 0))) x)] — 625 d, 50 c, 1000 runs, 46961 calls, CYCLE +0, C +0, V +0  [34s]
[49 k=2 kc=1] ((λ⊤.v1) ((λ⊤.(λ0.1)) v0)) @ v0≡(λ⊤.((λ⊤.(λ0.(0 0))) ⊤)), v1≤(λ⊤.(λ⊤.(⊤ ⊤)));[((λv1.v1) v0), v1] — 54 d, 175 c, 1000 runs, 38399 calls, CYCLE +0, C +0, V +0  [42s]
[55 k=2 kc=1] ((λv1.v2) v0) @ v0≡(⊤ ⊤), v1≡v0, v2≡((λv1.⊤) ((v1 ⊤) (v1 ⊤)));[v1, (v0 v0)] — 195 d, 12141 c, 1000 runs, 20596 calls, CYCLE +0, C +0, V +0  [45s]
[61 k=2 kc=1] (λ(λ⊤.⊤).(λ(0 ⊤).((v0 v0) (λ⊤.(0 ⊤))))) @ v0≡(⊤ (⊤ (λ⊤.(⊤ 0))));[] — 25 d, 5 c, 1000 runs, 23455 calls, CYCLE +0, C +0, V +0  [47s]
[67 k=2 kc=1] ((v1 v1) (v2 (⊤ v0))) @ v0≡(λ⊤.⊤), v1≤(v0 (λv0.⊤)), v2≡(λv1.v0);[] — 9 d, 19 c, 1000 runs, 13518 calls, CYCLE +0, C +0, V +0  [48s]
[73 k=2 kc=1] (λv1.(v0 (λv0.v0))) @ v0≡((λ⊤.(0 ⊤)) ⊤), v1≤(λ⊤.(⊤ (λ0.(0 v0))));[(v1 (v1 ⊤)), (v1 (v1 v0))] — 64 d, 85 c, 1000 runs, 25657 calls, CYCLE +0, C +0, V +0  [53s]
[79 k=2 kc=1] (λv1.(λv1.0)) @ v0≤((⊤ ⊤) (⊤ (λ⊤.(⊤ 0)))), v1≡((⊤ v0) (λv0.(λv0.(λ1.2))));[((⊤ v0) v0)] — 9 d, 73 c, 1000 runs, 21799 calls, CYCLE +0, C +0, V +0  [56s]
[85 k=2 kc=1] (λ⊤.(λv0.(λ⊤.(v0 ⊤)))) @ v0≡((λ⊤.0) ((⊤ ⊤) ⊤));[(⊤ v0)] — 81 d, 71 c, 1000 runs, 27679 calls, CYCLE +0, C +0, V +0  [60s]
[91 k=2 kc=1] (λv0.(0 (λ0.(v1 1)))) @ v0≡(λ⊤.0), v1≤((λ⊤.v0) v0);[(⊤ v1)] — 54 d, 75 c, 1000 runs, 15131 calls, CYCLE +0, C +0, V +0  [61s]
[97 k=2 kc=1] (λv0.(λ⊤.((λv0.⊤) (0 ⊤)))) @ v0≡(λ⊤.((λ0.0) ⊤));[] — 20 d, 4 c, 1000 runs, 20719 calls, CYCLE +0, C +0, V +0  [63s]
[103 k=2 kc=1] ((v0 (λv1.(λ⊤.(v0 1)))) v1) @ v0≡(⊤ ⊤), v1≡(λv0.⊤);[v1, ((λ⊤.v0) ⊤)] — 144 d, 375 c, 1000 runs, 22172 calls, CYCLE +0, C +0, V +0  [64s]
[109 k=2 kc=1] ((v1 (λv1.v0)) ⊤) @ v0≡(⊤ ⊤), v1≤(v0 (λ⊤.⊤));[] — 3 d, 10 c, 900 runs, 7580 calls, CYCLE +0, C +0, V +0  [64s]
[115 k=2 kc=1] (((λv0.v0) (v0 ⊤)) ⊤) @ v0≡⊤;[] — 12 d, 2 c, 576 runs, 5728 calls, CYCLE +0, C +0, V +0  [65s]
[121 k=2 kc=1] (λv0.(λ⊤.0)) @ v0≡((⊤ ⊤) (λ⊤.0));[((λ⊤.⊤) v0)] — 3 d, 23 c, 1000 runs, 9970 calls, CYCLE +0, C +0, V +0  [65s]
[127 k=2 kc=1] (v0 (λv0.(λ⊤.1))) @ v0≡(λ⊤.(λ⊤.(1 (0 ⊤))));[((λ⊤.v0) v0)] — 14 d, 19 c, 1000 runs, 34999 calls, CYCLE +0, C +0, V +0  [71s]
[133 k=2 kc=1] ((λ⊤.v0) (λ⊤.0)) @ v0≡⊤;[(⊤ (λv0.0))] — 4 d, 9 c, 1000 runs, 6533 calls, CYCLE +0, C +0, V +0  [71s]
[139 k=2 kc=1] (v0 (⊤ (λv0.(λ0.v0)))) @ v0≡(⊤ (λ⊤.⊤)), v1≡(⊤ v0);[v0] — 30 d, 96 c, 1000 runs, 12747 calls, CYCLE +0, C +0, V +0  [72s]
[145 k=2 kc=1] (⊤ (λ⊤.(λ⊤.⊤))) @ v0≤((λ⊤.(⊤ ⊤)) ⊤);[((⊤ v0) ⊤), (v0 ⊤)] — 2 d, 41 c, 1000 runs, 2578 calls, CYCLE +0, C +0, V +0  [72s]
[151 k=2 kc=1] (λ⊤.(λv1.(⊤ (λv1.v1)))) @ v0≡(λ⊤.(λ0.(0 0))), v1≤(λ(v0 ⊤).(λ0.(λv0.((λ1.v0) v0))));[v0, (⊤ (λ⊤.⊤))] — 2 d, 1447 c, 1000 runs, 5984 calls, CYCLE +0, C +0, V +0  [73s]
[157 k=2 kc=1] (v1 v2) @ v0≤(((⊤ ⊤) ⊤) ⊤), v1≡(((⊤ (λv0.(v0 ⊤))) ⊤) v0), v2≡(v0 (v0 (λv0.(v1 ⊤))));[⊤] — 12 d, 95 c, 1000 runs, 22918 calls, CYCLE +0, C +0, V +0  [80s]
[163 k=2 kc=1] ((v1 v0) (v1 (v1 v1))) @ v0≡((λ⊤.0) (λ⊤.(0 0))), v1≡(λv0.((0 (v0 0)) v0));[] skipped (memory)
[169 k=2 kc=1] ((λ⊤.(⊤ ⊤)) (λ⊤.(⊤ 0))) @ v0≡(λ⊤.(λ⊤.((0 ⊤) 0)));[] — 8 d, 2 c, 256 runs, 1728 calls, CYCLE +0, C +0, V +0  [91s]
[175 k=2 kc=1] (v0 (v0 (λv0.(λv0.(λ1.(1 ⊤)))))) @ v0≡(λ⊤.⊤);[] — 16 d, 2 c, 1000 runs, 22114 calls, CYCLE +0, C +0, V +0  [92s]
[181 k=2 kc=1] (v0 (⊤ (v1 (v0 ⊤)))) @ v0≡(λ⊤.⊤), v1≡v0, v2≡(⊤ (λv1.0));[(v2 (λv1.⊤)), (λ⊤.(0 v1))] — 14 d, 574 c, 1000 runs, 13211 calls, CYCLE +0, C +0, V +0  [93s]
[187 k=2 kc=1] (λ⊤.(λ(λv0.⊤).((λv0.(λ2.(λ1.⊤))) ⊤))) @ v0≡((λ⊤.0) ⊤);[(v0 v0), (λv0.(λv0.⊤))] — 320 d, 364 c, 1000 runs, 34486 calls, CYCLE +0, C +0, V +0  [98s]
[193 k=2 kc=1] (v0 ⊤) @ v0≡((λ⊤.(λ0.(⊤ 1))) ⊤);[(λ⊤.(λ⊤.0))] — 8 d, 20 c, 1000 runs, 11026 calls, CYCLE +0, C +0, V +0  [99s]
[199 k=2 kc=1] ((λ⊤.((λ⊤.v2) ⊤)) ((v2 ⊤) ⊤)) @ v0≤⊤, v1≡(λ⊤.((0 v0) 0)), v2≡(λv1.((0 v0) (λv1.(⊤ ⊤))));[(v2 v2)] — 1156 d, 250 c, 1000 runs, 63213 calls, CYCLE +0, C +0, V +0  [128s]
[205 k=2 kc=1] (⊤ ((λ⊤.⊤) ⊤)) @ v0≡(λ(λ⊤.⊤).((⊤ (0 0)) (0 ⊤))), v1≡(v0 v0);[(⊤ v0), (v1 ⊤)] — 3 d, 868 c, 1000 runs, 3256 calls, CYCLE +0, C +0, V +0  [128s]
[211 k=2 kc=1] ((λ⊤.(λ⊤.((λ1.(λ2.2)) v0))) ⊤) @ v0≡(λ⊤.0);[] — 12 d, 2 c, 576 runs, 8896 calls, CYCLE +0, C +0, V +0  [129s]
[217 k=2 kc=1] (v0 ⊤) @ v0≡(⊤ (λ⊤.((0 (⊤ ⊤)) ⊤)));[] — 4 d, 4 c, 256 runs, 1968 calls, CYCLE +0, C +0, V +0  [129s]
[223 k=2 kc=1] (λ⊤.(v0 (λv2.(λ0.1)))) @ v0≡⊤, v1≡(λv0.(λ⊤.(λ⊤.(0 (λ⊤.0))))), v2≡((λv0.v1) (⊤ v1));[(λ⊤.(⊤ 0))] — 38 d, 669 c, 1000 runs, 27390 calls, CYCLE +0, C +0, V +0  [140s]
[229 k=2 kc=1] (λ⊤.v0) @ v0≡(⊤ (λ⊤.(⊤ (λ0.1)))), v1≡(λv0.(0 v0));[] — 4 d, 65 c, 1000 runs, 6316 calls, CYCLE +0, C +0, V +0  [141s]
[235 k=2 kc=1] (λv0.⊤) @ v0≡((⊤ ⊤) (⊤ (λ⊤.⊤))), v1≡(λv0.(λ⊤.v0));[(λv1.(λ0.0)), v0] — 5 d, 3088 c, 1000 runs, 7412 calls, CYCLE +0, C +0, V +0  [142s]
[241 k=2 kc=1] (λ(⊤ v1).(((v0 ⊤) (⊤ (λ⊤.v1))) ⊤)) @ v0≡(⊤ ⊤), v1≡((λ⊤.(v0 v0)) v0), v2≤v0;[(λv2.(v2 v0))] — 9408 d, 1960 c, 1000 runs, 35432 calls, CYCLE +0, C +0, V +0  [147s]
[247 k=2 kc=1] (v0 (((λv0.v1) (⊤ v1)) (λv0.0))) @ v0≡((((λ⊤.0) ⊤) (λ⊤.0)) ⊤), v1≡(v0 (λv0.⊤));[v1, ⊤] — 8800 d, 464 c, 1000 runs, 79554 calls, CYCLE +0, C +0, V +0  [176s]
[5 k=2 kc=2] (x x) @ w≡(⊤ ⊤), x≡(λ⊤.((0 0) w));[] — 52 d, 10 c, 1000 runs, 26812 calls, CYCLE +0, C +0, V +0  [179s]
[11 k=2 kc=2] x @ w≡(⊤ ⊤), x≡(λ⊤.(0 (0 w)));[x] — 13 d, 65 c, 1000 runs, 14972 calls, CYCLE +0, C +0, V +0  [181s]
[17 k=2 kc=2] ((x x) w) @ w≡((λ⊤.0) ⊤), x≡(λ⊤.((0 0) w));[] — 208 d, 17 c, 1000 runs, 39771 calls, CYCLE +0, C +0, V +0  [187s]
[23 k=2 kc=2] (y y) @ w≡((λ⊤.0) ⊤), x≡(λ⊤.((0 0) w)), y≡x;[] — 9 d, 69 c, 1000 runs, 19116 calls, CYCLE +0, C +0, V +0  [191s]
[29 k=2 kc=2] x @ w≡(((⊤ ⊤) (⊤ ⊤)) ((⊤ ⊤) (⊤ ⊤))), x≡((λ⊤.((λ⊤.0) (0 0))) w);[] skipped (205 d, 561817 c)
[35 k=2 kc=2] ((λ⊤.(0 0)) ((λ⊤.0) x)) @ x≡(⊤ ⊤);[] — 1500 d, 3 c, 1000 runs, 26994 calls, CYCLE +0, C +0, V +0  [193s]
[41 k=2 kc=2] (λ⊤.(0 0)) @ x≡(((⊤ ⊤) (⊤ ⊤)) ((⊤ ⊤) (⊤ ⊤)));[((λ⊤.((λ⊤.0) (0 0))) x)] skipped (42025 d, 561833 c)
[47 k=2 kc=2] (u u) @ w≡(λ⊤.0), u≡(λ⊤.(w 0));[] — 15 d, 7 c, 1000 runs, 19915 calls, CYCLE +0, C +0, V +0  [196s]
[53 k=2 kc=2] (v2 ⊤) @ v0≤((⊤ ⊤) ⊤), v1≡(λv0.(λv0.(λv0.(λ2.(λ1.4))))), v2≤((λ⊤.(⊤ (λv0.1))) (λ⊤.⊤));[v2, (λv0.(v2 v1))] — 1 d, 168 c, 1000 runs, 3000 calls, CYCLE +0, C +0, V +0  [196s]
[59 k=2 kc=2] (λv0.((v0 v1) (λ⊤.((1 1) ⊤)))) @ v0≡(λ⊤.(0 0)), v1≡⊤;[] — 20 d, 3 c, 1000 runs, 24053 calls, CYCLE +0, C +0, V +0  [198s]
[65 k=2 kc=2] (v1 v0) @ v0≡(λ⊤.⊤), v1≡(λ(λv0.0).((0 (0 (v0 ⊤))) ⊤)), v2≡((λv1.(λv0.(v0 v1))) v0);[(v2 ⊤), (λ⊤.(⊤ v2))] skipped (34 d, 5663380 c)
[71 k=2 kc=2] (λv1.((0 (λv0.⊤)) 0)) @ v0≤(λ⊤.(0 (λ0.0))), v1≤(λ⊤.(λ⊤.((λ0.⊤) v0))), v2≡((λv1.v0) (⊤ (v1 v0)));[(v2 (λv1.v0))] — 36 d, 146 c, 1000 runs, 27400 calls, CYCLE +0, C +0, V +0  [210s]
[77 k=2 kc=2] (λ⊤.(0 0)) @ v0≡((⊤ ⊤) (λ⊤.0));[⊤] — 4 d, 8 c, 1000 runs, 6498 calls, CYCLE +0, C +0, V +0  [210s]
[83 k=2 kc=2] ((λv2.(λv1.(λv1.2))) ⊤) @ v0≤(λ(⊤ ⊤).((⊤ ⊤) (⊤ (0 0)))), v1≡⊤, v2≡((λ⊤.(λ⊤.⊤)) ((⊤ v1) ⊤));[(v0 v1), (λ⊤.v1)] — 60 d, 1435 c, 1000 runs, 18777 calls, CYCLE +0, C +0, V +0  [214s]
[89 k=2 kc=2] (λv1.(λ(λ⊤.v0).(λ0.(((λ⊤.v2) v1) 1)))) @ v0≤(λ⊤.(λ0.(λ1.2))), v1≡(λv0.(⊤ (λv0.(λ⊤.1)))), v2≡(λ⊤.(λ⊤.((0 (λ0.v1)) 0)));[(λv0.v1), v0] — 288 d, 385 c, 1000 runs, 37513 calls, CYCLE +0, C +0, V +0  [234s]
[95 k=2 kc=2] ((λ⊤.(⊤ v0)) (v0 ⊤)) @ v0≡(λ⊤.⊤);[] — 12 d, 2 c, 576 runs, 5696 calls, CYCLE +0, C +0, V +0  [234s]
[101 k=2 kc=2] (λ⊤.((v0 0) (λ0.(λ0.1)))) @ v0≡(((⊤ ((⊤ ⊤) ⊤)) ⊤) ⊤);[(λv0.(λ0.v0)), (λv0.⊤)] — 1156 d, 324 c, 1000 runs, 54608 calls, CYCLE +0, C +0, V +0  [251s]
[107 k=2 kc=2] (v0 v1) @ v0≡(λ⊤.(λ0.(λ1.(λ1.1)))), v1≤⊤, v2≡(λ⊤.v0);[(λv2.v0), (v2 v1)] — 17 d, 211 c, 1000 runs, 24499 calls, CYCLE +0, C +0, V +0  [259s]
[113 k=2 kc=2] (λ⊤.(v0 (⊤ v1))) @ v0≡(⊤ ⊤), v1≡⊤;[v1, (λ⊤.⊤)] — 9 d, 42 c, 1000 runs, 7594 calls, CYCLE +0, C +0, V +0  [260s]
[119 k=2 kc=2] (λ(λv0.v2).((λv1.(λ1.(v0 (v1 2)))) v2)) @ v0≡(λ⊤.0), v1≡((λv0.⊤) v0), v2≡⊤;[] — 1344 d, 14 c, 1000 runs, 38098 calls, CYCLE +0, C +0, V +0  [266s]
[125 k=2 kc=2] (((λv0.0) ⊤) ((⊤ v0) v0)) @ v0≡(λ⊤.(((⊤ 0) ⊤) 0));[⊤] — 84 d, 8 c, 1000 runs, 25686 calls, CYCLE +0, C +0, V +0  [268s]
[131 k=2 kc=2] (λv1.(v0 ⊤)) @ v0≡(⊤ (⊤ ⊤)), v1≡((λ⊤.(λ0.1)) v0);[((λv0.⊤) ⊤), (⊤ ⊤)] — 68 d, 24216 c, 1000 runs, 19427 calls, CYCLE +0, C +0, V +0  [270s]
[137 k=2 kc=2] ((λv1.(⊤ 0)) (λv1.(λ⊤.v1))) @ v0≡((⊤ ⊤) ⊤), v1≤(λv0.((v0 (λ0.(λ1.1))) 0));[(⊤ (⊤ v1))] — 4 d, 157 c, 1000 runs, 9759 calls, CYCLE +0, C +0, V +0  [272s]
[143 k=2 kc=2] ((λv0.⊤) (λ⊤.v0)) @ v0≤(λ⊤.(λ0.(λ1.(λ1.0)))), v1≡(v0 (⊤ ⊤)), v2≡(⊤ (((v0 ⊤) ⊤) v1));[] — 2 d, 21 c, 1000 runs, 5787 calls, CYCLE +0, C +0, V +0  [273s]
[149 k=2 kc=2] (λ⊤.((v2 (λv1.v1)) v1)) @ v0≡(⊤ (λ⊤.(⊤ ⊤))), v1≡v0, v2≡(v0 ⊤);[] — 625 d, 69 c, 1000 runs, 26292 calls, CYCLE +0, C +0, V +0  [277s]
[155 k=2 kc=2] (λv1.((λv0.v0) (0 0))) @ v0≡(λ⊤.(λ0.(1 ⊤))), v1≡(λv0.(λ0.(λ1.2)));[(λv1.v1)] — 450 d, 50 c, 1000 runs, 60061 calls, CYCLE +0, C +0, V +0  [296s]
[161 k=2 kc=2] ((v0 v1) ⊤) @ v0≡(⊤ ⊤), v1≤(λ⊤.(λv0.(⊤ 1)));[] — 3 d, 19 c, 1000 runs, 6453 calls, CYCLE +0, C +0, V +0  [296s]
[167 k=2 kc=2] (v2 ((λ⊤.(v0 v1)) ⊤)) @ v0≤(((λ⊤.0) (⊤ ⊤)) ⊤), v1≤((v0 v0) v0), v2≡((⊤ (λ⊤.(λ⊤.1))) ⊤);[] — 6 d, 21 c, 1000 runs, 11909 calls, CYCLE +0, C +0, V +0  [298s]
[173 k=2 kc=2] (λ(v1 ⊤).(λv0.(1 (λ0.(λ⊤.(v0 ⊤)))))) @ v0≡(⊤ ((⊤ ⊤) (λ⊤.⊤))), v1≤v0, v2≡((λ⊤.(λ⊤.(λ0.v1))) (v1 ⊤));[(⊤ v0), (λv2.(λv1.v2))] — 960 d, 2139 c, 1000 runs, 49162 calls, CYCLE +0, C +0, V +0  [328s]
[179 k=2 kc=2] (v0 v0) @ v0≡(λ⊤.(λ⊤.(λ⊤.1)));[(λv0.(λv0.0))] — 6 d, 10 c, 1000 runs, 19372 calls, CYCLE +0, C +0, V +0  [330s]
[185 k=2 kc=2] ((⊤ (⊤ v0)) ((λ⊤.(λv0.⊤)) ⊤)) @ v0≡(⊤ (λ⊤.⊤));[(λv0.(λ0.⊤))] — 30 d, 12 c, 1000 runs, 12465 calls, CYCLE +0, C +0, V +0  [331s]
[191 k=2 kc=2] ((λ⊤.⊤) ⊤) @ v0≡((⊤ ⊤) (⊤ (⊤ ⊤)));[(λv0.(v0 ⊤))] — 2 d, 350 c, 1000 runs, 3720 calls, CYCLE +0, C +0, V +0  [331s]
[197 k=2 kc=2] (λ⊤.0) @ v0≡(⊤ (λ⊤.(λ⊤.(λ⊤.0))));[(v0 v0)] — 10 d, 30 c, 1000 runs, 11647 calls, CYCLE +0, C +0, V +0  [333s]
[203 k=2 kc=2] (λv1.(λv2.(v0 1))) @ v0≡(⊤ ⊤), v1≡(((λv0.(λv0.1)) (λv0.v0)) v0), v2≡⊤;[] — 3408 d, 7535 c, 1000 runs, 29613 calls, CYCLE +0, C +0, V +0  [341s]
[209 k=2 kc=2] ((v0 (v0 v0)) (λv0.0)) @ v0≡((λ⊤.((λ⊤.(λ1.⊤)) ⊤)) ⊤);[((λ⊤.0) v0)] — 1225 d, 134 c, 1000 runs, 47449 calls, CYCLE +0, C +0, V +0  [347s]
[215 k=2 kc=2] (⊤ (λv0.v1)) @ v0≡((λ⊤.(λ⊤.0)) ((λ⊤.⊤) ⊤)), v1≡v0;[(⊤ (λv1.⊤)), ((λ⊤.v1) ⊤)] — 31 d, 3197 c, 1000 runs, 21047 calls, CYCLE +0, C +0, V +0  [350s]
[221 k=2 kc=2] ((λv2.(λv2.v1)) (λv1.v0)) @ v0≤(λ⊤.⊤), v1≡⊤, v2≡(λv1.(v1 (λ0.(λv0.2))));[(λ⊤.⊤), (v1 (λv2.v0))] — 120 d, 180 c, 1000 runs, 26873 calls, CYCLE +0, C +0, V +0  [355s]
[227 k=2 kc=2] (λv0.(λ⊤.(λv0.v0))) @ v0≡⊤;[(λv0.0), ⊤] — 8 d, 12 c, 1000 runs, 9231 calls, CYCLE +0, C +0, V +0  [355s]
[233 k=2 kc=2] ((v1 v0) v1) @ v0≤((⊤ ⊤) ⊤), v1≡((λ⊤.⊤) (v0 v0)), v2≤(λ⊤.(⊤ ⊤));[(v0 v1), ⊤] — 9 d, 351 c, 1000 runs, 15469 calls, CYCLE +0, C +0, V +0  [357s]
[239 k=2 kc=2] (v2 (⊤ ((v1 (⊤ v1)) (λ⊤.v1)))) @ v0≡(λ⊤.(0 (λ0.(⊤ ⊤)))), v1≡(λ⊤.(λ0.(λ0.1))), v2≡v0;[] — 316 d, 13 c, 1000 runs, 42364 calls, CYCLE +0, C +0, V +0  [368s]
[245 k=2 kc=2] (v0 ((λv0.(λ⊤.(λv0.1))) (λ⊤.v0))) @ v0≡((λ⊤.((λ0.⊤) 0)) (⊤ ⊤));[⊤, v0] skipped (551124 d, 861 c)
[3 k=3 kc=1] (λ⊤.(0 0)) @ x≡(λ⊤.(0 0));[x] — 18 d, 7 c, 300 runs, 5432 calls, CYCLE +0, C +0, V +0  [370s]
[9 k=3 kc=1] x @ w≡(⊤ ⊤), x≡(λ⊤.((0 0) w));[x, w] — 28 d, 210 c, 300 runs, 6058 calls, CYCLE +0, C +0, V +0  [370s]
[15 k=3 kc=1] y @ w≡(⊤ ⊤), x≡(λ⊤.((0 0) w)), y≡x;[x] — 14 d, 133 c, 300 runs, 4374 calls, CYCLE +0, C +0, V +0  [371s]
[21 k=3 kc=1] (x x) @ w≡((λ⊤.0) ⊤), x≡(λ⊤.(0 (0 w)));[] — 185 d, 13 c, 300 runs, 12541 calls, CYCLE +0, C +0, V +0  [374s]
[27 k=3 kc=1] (x w) @ w≤⊤, x≡(λ⊤.(0 0));[] — 5 d, 3 c, 225 runs, 2043 calls, CYCLE +0, C +0, V +0  [374s]
[33 k=3 kc=1] (x w) @ w≡(((⊤ ⊤) (⊤ ⊤)) ((⊤ ⊤) (⊤ ⊤))), x≡((λ⊤.((λ⊤.0) (0 0))) w);[] skipped (561833 d, 3469 c)
[39 k=3 kc=1] ((λ⊤.(0 0)) ((λ⊤.((λ⊤.0) (0 0))) x)) @ x≡(((⊤ ⊤) (⊤ ⊤)) ((⊤ ⊤) (⊤ ⊤)));[] skipped (memory)
[45 k=3 kc=1] (x (λ⊤.(0 v))) @ v≡(⊤ ⊤), x≡(λ⊤.(0 0));[] — 87 d, 4 c, 300 runs, 8593 calls, CYCLE +0, C +0, V +0  [389s]
[51 k=3 kc=1] ((λ⊤.⊤) (λ⊤.0)) @ v0≡(λ⊤.0), v1≡((λ⊤.(0 v0)) (λv0.⊤));[v0] — 2 d, 135 c, 300 runs, 1732 calls, CYCLE +0, C +0, V +0  [389s]
[57 k=3 kc=1] (λ⊤.(λ⊤.((0 v1) (λ1.v2)))) @ v0≡((⊤ ⊤) (⊤ ⊤)), v1≤(λv0.(λ⊤.((0 (v0 ⊤)) ⊤))), v2≡(λv0.(λv1.(λv0.v0)));[(λv0.v1)] skipped (756 d, 251381 c)
[63 k=3 kc=1] (λ⊤.(⊤ (λv0.1))) @ v0≡(λ⊤.(λ⊤.(λ⊤.2)));[v0] — 7 d, 7 c, 300 runs, 4031 calls, CYCLE +0, C +0, V +0  [389s]
[69 k=3 kc=1] ((v2 ⊤) ((λv2.0) v1)) @ v0≤(⊤ (λ⊤.((0 0) (0 ⊤)))), v1≡(((λv0.⊤) v0) (λv0.⊤)), v2≡((v1 (⊤ v0)) ⊤);[⊤] — 609 d, 188 c, 300 runs, 14142 calls, CYCLE +0, C +0, V +0  [396s]
[75 k=3 kc=1] (((⊤ v2) (v2 (v1 v0))) (λv0.v1)) @ v0≡((λ⊤.⊤) (λ⊤.⊤)), v1≤(((⊤ ⊤) v0) ⊤), v2≡⊤;[(v1 v0), v0] — 54 d, 1307 c, 300 runs, 6908 calls, CYCLE +0, C +0, V +0  [397s]
[81 k=3 kc=1] ((λv0.0) v0) @ v0≡(((λ⊤.0) ⊤) (λ⊤.0));[v0] — 84 d, 19 c, 300 runs, 8610 calls, CYCLE +0, C +0, V +0  [397s]
[87 k=3 kc=1] (λv0.(λv1.⊤)) @ v0≤((⊤ ⊤) (λ⊤.(0 ⊤))), v1≡⊤;[] — 2 d, 4 c, 64 runs, 368 calls, CYCLE +0, C +0, V +0  [397s]
[93 k=3 kc=1] (λ⊤.((0 v0) v1)) @ v0≡(λ⊤.((⊤ 0) 0)), v1≡(λv0.(λv0.(1 1)));[] — 30 d, 28 c, 300 runs, 8604 calls, CYCLE +0, C +0, V +0  [399s]
[99 k=3 kc=1] (λv0.(λv0.v0)) @ v0≡⊤;[] — 8 d, 2 c, 256 runs, 1856 calls, CYCLE +0, C +0, V +0  [399s]
[105 k=3 kc=1] (λ⊤.((λv1.(λv1.v2)) v1)) @ v0≡⊤, v1≡((⊤ v0) (⊤ ⊤)), v2≡(v0 (λv1.(λv1.(1 (λv1.2)))));[] skipped (269304 d, 3251 c)
[111 k=3 kc=1] (v0 (v0 (⊤ v1))) @ v0≡((⊤ ⊤) ⊤), v1≤(λ⊤.(⊤ v0));[v1, (λv1.(v1 0))] — 18 d, 59 c, 300 runs, 3500 calls, CYCLE +0, C +0, V +0  [407s]
[117 k=3 kc=1] (λv1.(v0 (v1 (λv1.1)))) @ v0≡((⊤ ⊤) ((⊤ ⊤) ⊤)), v1≡(λ⊤.(λv0.(0 (λ1.v0))));[] skipped (256880 d, 126 c)
[123 k=3 kc=1] ((v0 (λ⊤.⊤)) v0) @ v0≡(((λ⊤.(λ⊤.⊤)) ⊤) (λ⊤.⊤));[] — 9 d, 3 c, 300 runs, 7320 calls, CYCLE +0, C +0, V +0  [416s]
[129 k=3 kc=1] (λ(v0 v1).(λ⊤.(v1 (⊤ (0 v0))))) @ v0≡(λ⊤.(λ⊤.((λ⊤.⊤) (1 ⊤)))), v1≡(λ⊤.v0);[(λv1.v1)] — 448 d, 50 c, 300 runs, 16245 calls, CYCLE +0, C +0, V +0  [421s]
[135 k=3 kc=1] (λv0.0) @ v0≤(λ⊤.(0 ⊤)), v1≤(v0 ((⊤ v0) (λv0.(0 ⊤))));[(λ⊤.0)] — 2 d, 16 c, 300 runs, 1566 calls, CYCLE +0, C +0, V +0  [421s]
[141 k=3 kc=1] (λv0.0) @ v0≡(⊤ ⊤);[⊤] — 6 d, 8 c, 300 runs, 1544 calls, CYCLE +0, C +0, V +0  [421s]
[147 k=3 kc=1] (λv2.(λv2.⊤)) @ v0≡((λ⊤.⊤) ⊤), v1≤((λv0.(⊤ 0)) v0), v2≤(λv0.(λv1.(1 ⊤)));[v0] — 1 d, 2905 c, 300 runs, 1500 calls, CYCLE +0, C +0, V +0  [421s]
[153 k=3 kc=1] ((λv2.(λv0.(v2 (v2 v2)))) v1) @ v0≡(λ⊤.(0 ⊤)), v1≡(v0 (λ⊤.((λv0.(λv0.⊤)) ⊤))), v2≤(λv0.(λ0.(0 (v0 ⊤))));[v1] — 100 d, 848 c, 300 runs, 12383 calls, CYCLE +0, C +0, V +0  [427s]
[159 k=3 kc=1] (λ⊤.(v1 v1)) @ v0≤(λ⊤.(λ0.0)), v1≡(λ⊤.((v0 v0) ⊤)), v2≡(λ⊤.v0);[⊤, v2] — 4 d, 38 c, 300 runs, 4664 calls, CYCLE +0, C +0, V +0  [427s]
[165 k=3 kc=1] (λv0.(λ0.((0 (v1 v2)) v2))) @ v0≡(λ⊤.(λ0.⊤)), v1≡(λv0.0), v2≡v0;[(v0 v2)] — 1260 d, 55 c, 300 runs, 13536 calls, CYCLE +0, C +0, V +0  [430s]
[171 k=3 kc=1] (v1 (λ⊤.(v1 (λ⊤.(v0 v1))))) @ v0≡⊤, v1≡⊤;[] — 16 d, 3 c, 300 runs, 4188 calls, CYCLE +0, C +0, V +0  [430s]
[177 k=3 kc=1] ((λv0.v1) (λ⊤.(v0 v0))) @ v0≡(λ⊤.⊤), v1≤(λv0.⊤);[(λv1.v1), (v0 v1)] — 12 d, 20 c, 300 runs, 4008 calls, CYCLE +0, C +0, V +0  [430s]
[183 k=3 kc=1] (⊤ (λv0.(λ⊤.((1 v0) v1)))) @ v0≡⊤, v1≡⊤;[(v0 ⊤)] — 9 d, 14 c, 300 runs, 3023 calls, CYCLE +0, C +0, V +0  [430s]
[189 k=3 kc=1] (λ⊤.(((v0 v0) (λv0.⊤)) 0)) @ v0≡(λ⊤.(λ0.(λ1.(λ⊤.0))));[(λ⊤.0), ⊤] — 152 d, 9 c, 300 runs, 14950 calls, CYCLE +0, C +0, V +0  [432s]
[195 k=3 kc=1] ((⊤ (v0 ⊤)) (λv0.⊤)) @ v0≤⊤;[⊤] — 2 d, 5 c, 100 runs, 600 calls, CYCLE +0, C +0, V +0  [432s]
[201 k=3 kc=1] (v1 ((⊤ v0) v1)) @ v0≡⊤, v1≡(v0 v0);[(v0 ⊤)] — 75 d, 47 c, 300 runs, 4476 calls, CYCLE +0, C +0, V +0  [433s]
[207 k=3 kc=1] (λv2.((λv0.0) (((λ0.⊤) v0) 0))) @ v0≡(λ⊤.((λ0.⊤) (λ0.1))), v1≡(v0 ((⊤ v0) (⊤ ⊤))), v2≡(v1 v0);[((λv2.v2) v1)] skipped (memory)
[213 k=3 kc=1] (λ(⊤ ⊤).(λ(λ⊤.v0).((v0 (1 v0)) (λ⊤.⊤)))) @ v0≡(⊤ (⊤ ⊤));[] — 128 d, 4 c, 300 runs, 6436 calls, CYCLE +0, C +0, V +0  [445s]
[219 k=3 kc=1] ((v1 (⊤ (v1 (⊤ v0)))) v1) @ v0≡((⊤ ⊤) (⊤ (⊤ (λ⊤.0)))), v1≤(⊤ (λ⊤.0)), v2≡(λv1.((λv1.(λ0.1)) 0));[(v0 ⊤), (v2 (v1 ⊤))] — 9 d, 3042 c, 300 runs, 3651 calls, CYCLE +0, C +0, V +0  [446s]
[225 k=3 kc=1] (v0 (λv0.(λ⊤.v0))) @ v0≡((λ⊤.(⊤ ⊤)) (⊤ ⊤));[(v0 (⊤ v0))] — 729 d, 819 c, 300 runs, 6379 calls, CYCLE +0, C +0, V +0  [446s]
[231 k=3 kc=1] (λ⊤.v0) @ v0≡((λ⊤.(λ0.((0 ⊤) ⊤))) ⊤), v1≡(λv0.(λv0.v0)), v2≡((⊤ ⊤) v1);[v2, v2] — 13 d, 2837 c, 300 runs, 6724 calls, CYCLE +0, C +0, V +0  [449s]
[237 k=3 kc=1] ((⊤ v1) (v2 v1)) @ v0≤(⊤ (λ⊤.⊤)), v1≤(v0 (v0 ⊤)), v2≤(λv1.(λ0.(λ⊤.v1)));[(⊤ (v2 v0)), (v0 ⊤)] — 2 d, 68 c, 300 runs, 1678 calls, CYCLE +0, C +0, V +0  [449s]
[243 k=3 kc=1] (λv1.(0 ⊤)) @ v0≡⊤, v1≡((λv0.v0) ⊤);[(⊤ v0)] — 28 d, 94 c, 300 runs, 3709 calls, CYCLE +0, C +0, V +0  [450s]
[1 k=3 kc=2] (x x) @ x≡(λ⊤.(0 0));[] — 20 d, 2 c, 300 runs, 5859 calls, CYCLE +0, C +0, V +0  [450s]
[7 k=3 kc=2] x @ w≡(⊤ ⊤), x≡(λ⊤.((0 0) w));[x] — 28 d, 65 c, 300 runs, 6431 calls, CYCLE +0, C +0, V +0  [451s]
[13 k=3 kc=2] (y x) @ w≡(⊤ ⊤), x≡(λ⊤.((0 0) w)), y≡x;[] — 56 d, 41 c, 300 runs, 8311 calls, CYCLE +0, C +0, V +0  [452s]
[19 k=3 kc=2] (x x) @ w≡((λ⊤.0) ⊤), x≡(λ⊤.((0 0) w));[w] — 185 d, 161 c, 300 runs, 12524 calls, CYCLE +0, C +0, V +0  [454s]
[25 k=3 kc=2] x @ w≡((λ⊤.0) ⊤), x≡(λ⊤.((0 0) w)), y≡x;[y] — 37 d, 456 c, 300 runs, 7009 calls, CYCLE +0, C +0, V +0  [456s]
[31 k=3 kc=2] x @ w≡(((⊤ ⊤) (⊤ ⊤)) ((⊤ ⊤) (⊤ ⊤))), x≡((λ⊤.((λ⊤.0) (0 0))) w);[x] skipped (memory)
[37 k=3 kc=2] ((λ⊤.(0 0)) ((λ⊤.0) x)) @ x≡(λ⊤.(0 0));[] — 648 d, 2 c, 300 runs, 12276 calls, CYCLE +0, C +0, V +0  [470s]
[43 k=3 kc=2] (λ⊤.(0 0)) @ x≡(λ⊤.(0 0));[((λ⊤.((λ⊤.0) (0 0))) x)] — 11881 d, 218 c, 300 runs, 19760 calls, CYCLE +0, C +0, V +0  [475s]
[49 k=3 kc=2] ((λ⊤.v1) ((λ⊤.(λ0.1)) v0)) @ v0≡(λ⊤.((λ⊤.(λ0.(0 0))) ⊤)), v1≤(λ⊤.(λ⊤.(⊤ ⊤)));[((λv1.v1) v0), v1] — 96 d, 255 c, 300 runs, 12469 calls, CYCLE +0, C +0, V +0  [478s]
[55 k=3 kc=2] ((λv1.v2) v0) @ v0≡(⊤ ⊤), v1≡v0, v2≡((λv1.⊤) ((v1 ⊤) (v1 ⊤)));[v1, (v0 v0)] skipped (1215 d, 153161 c)
[61 k=3 kc=2] (λ(λ⊤.⊤).(λ(0 ⊤).((v0 v0) (λ⊤.(0 ⊤))))) @ v0≡(⊤ (⊤ (λ⊤.(⊤ 0))));[] — 25 d, 5 c, 300 runs, 7114 calls, CYCLE +0, C +0, V +0  [478s]
[67 k=3 kc=2] ((v1 v1) (v2 (⊤ v0))) @ v0≡(λ⊤.⊤), v1≤(v0 (λv0.⊤)), v2≡(λv1.v0);[] — 9 d, 19 c, 300 runs, 4036 calls, CYCLE +0, C +0, V +0  [479s]
[73 k=3 kc=2] (λv1.(v0 (λv0.v0))) @ v0≡((λ⊤.(0 ⊤)) ⊤), v1≤(λ⊤.(⊤ (λ0.(0 v0))));[(v1 (v1 ⊤)), (v1 (v1 v0))] — 64 d, 126 c, 300 runs, 7746 calls, CYCLE +0, C +0, V +0  [481s]
[79 k=3 kc=2] (λv1.(λv1.0)) @ v0≤((⊤ ⊤) (⊤ (λ⊤.(⊤ 0)))), v1≡((⊤ v0) (λv0.(λv0.(λ1.2))));[((⊤ v0) v0)] — 9 d, 73 c, 300 runs, 6611 calls, CYCLE +0, C +0, V +0  [482s]
[85 k=3 kc=2] (λ⊤.(λv0.(λ⊤.(v0 ⊤)))) @ v0≡((λ⊤.0) ((⊤ ⊤) ⊤));[(⊤ v0)] — 81 d, 107 c, 300 runs, 8267 calls, CYCLE +0, C +0, V +0  [483s]
[91 k=3 kc=2] (λv0.(0 (λ0.(v1 1)))) @ v0≡(λ⊤.0), v1≤((λ⊤.v0) v0);[(⊤ v1)] — 54 d, 75 c, 300 runs, 4531 calls, CYCLE +0, C +0, V +0  [483s]
[97 k=3 kc=2] (λv0.(λ⊤.((λv0.⊤) (0 ⊤)))) @ v0≡(λ⊤.((λ0.0) ⊤));[] — 20 d, 4 c, 300 runs, 6271 calls, CYCLE +0, C +0, V +0  [484s]
[103 k=3 kc=2] ((v0 (λv1.(λ⊤.(v0 1)))) v1) @ v0≡(⊤ ⊤), v1≡(λv0.⊤);[v1, ((λ⊤.v0) ⊤)] — 144 d, 647 c, 300 runs, 6616 calls, CYCLE +0, C +0, V +0  [484s]
[109 k=3 kc=2] ((v1 (λv1.v0)) ⊤) @ v0≡(⊤ ⊤), v1≤(v0 (λ⊤.⊤));[] — 3 d, 10 c, 300 runs, 2548 calls, CYCLE +0, C +0, V +0  [484s]
[115 k=3 kc=2] (((λv0.v0) (v0 ⊤)) ⊤) @ v0≡⊤;[] — 12 d, 2 c, 300 runs, 2948 calls, CYCLE +0, C +0, V +0  [484s]
[121 k=3 kc=2] (λv0.(λ⊤.0)) @ v0≡((⊤ ⊤) (λ⊤.0));[((λ⊤.⊤) v0)] — 3 d, 23 c, 300 runs, 2953 calls, CYCLE +0, C +0, V +0  [485s]
[127 k=3 kc=2] (v0 (λv0.(λ⊤.1))) @ v0≡(λ⊤.(λ⊤.(1 (0 ⊤))));[((λ⊤.v0) v0)] — 92 d, 19 c, 300 runs, 17878 calls, CYCLE +0, C +0, V +0  [489s]
[133 k=3 kc=2] ((λ⊤.v0) (λ⊤.0)) @ v0≡⊤;[(⊤ (λv0.0))] — 4 d, 9 c, 300 runs, 1963 calls, CYCLE +0, C +0, V +0  [489s]
[139 k=3 kc=2] (v0 (⊤ (λv0.(λ0.v0)))) @ v0≡(⊤ (λ⊤.⊤)), v1≡(⊤ v0);[v0] — 30 d, 96 c, 300 runs, 3796 calls, CYCLE +0, C +0, V +0  [489s]
[145 k=3 kc=2] (⊤ (λ⊤.(λ⊤.⊤))) @ v0≤((λ⊤.(⊤ ⊤)) ⊤);[((⊤ v0) ⊤), (v0 ⊤)] — 2 d, 41 c, 300 runs, 780 calls, CYCLE +0, C +0, V +0  [489s]
[151 k=3 kc=2] (λ⊤.(λv1.(⊤ (λv1.v1)))) @ v0≡(λ⊤.(λ0.(0 0))), v1≤(λ(v0 ⊤).(λ0.(λv0.((λ1.v0) v0))));[v0, (⊤ (λ⊤.⊤))] — 2 d, 2167 c, 300 runs, 1772 calls, CYCLE +0, C +0, V +0  [490s]
[157 k=3 kc=2] (v1 v2) @ v0≤(((⊤ ⊤) ⊤) ⊤), v1≡(((⊤ (λv0.(v0 ⊤))) ⊤) v0), v2≡(v0 (v0 (λv0.(v1 ⊤))));[⊤] — 12 d, 95 c, 300 runs, 6705 calls, CYCLE +0, C +0, V +0  [492s]
[163 k=3 kc=2] ((v1 v0) (v1 (v1 v1))) @ v0≡((λ⊤.0) (λ⊤.(0 0))), v1≡(λv0.((0 (v0 0)) v0));[] skipped (memory)
[169 k=3 kc=2] ((λ⊤.(⊤ ⊤)) (λ⊤.(⊤ 0))) @ v0≡(λ⊤.(λ⊤.((0 ⊤) 0)));[] — 8 d, 2 c, 256 runs, 1728 calls, CYCLE +0, C +0, V +0  [502s]
[175 k=3 kc=2] (v0 (v0 (λv0.(λv0.(λ1.(1 ⊤)))))) @ v0≡(λ⊤.⊤);[] — 16 d, 2 c, 300 runs, 6588 calls, CYCLE +0, C +0, V +0  [503s]
[181 k=3 kc=2] (v0 (⊤ (v1 (v0 ⊤)))) @ v0≡(λ⊤.⊤), v1≡v0, v2≡(⊤ (λv1.0));[(v2 (λv1.⊤)), (λ⊤.(0 v1))] — 14 d, 1989 c, 300 runs, 4180 calls, CYCLE +0, C +0, V +0  [503s]
[187 k=3 kc=2] (λ⊤.(λ(λv0.⊤).((λv0.(λ2.(λ1.⊤))) ⊤))) @ v0≡((λ⊤.0) ⊤);[(v0 v0), (λv0.(λv0.⊤))] — 544 d, 1092 c, 300 runs, 10899 calls, CYCLE +0, C +0, V +0  [505s]
[193 k=3 kc=2] (v0 ⊤) @ v0≡((λ⊤.(λ0.(⊤ 1))) ⊤);[(λ⊤.(λ⊤.0))] — 8 d, 20 c, 300 runs, 3321 calls, CYCLE +0, C +0, V +0  [505s]
[199 k=3 kc=2] ((λ⊤.((λ⊤.v2) ⊤)) ((v2 ⊤) ⊤)) @ v0≤⊤, v1≡(λ⊤.((0 v0) 0)), v2≡(λv1.((0 v0) (λv1.(⊤ ⊤))));[(v2 v2)] — 5508 d, 3850 c, 300 runs, 23954 calls, CYCLE +0, C +0, V +0  [519s]
[205 k=3 kc=2] (⊤ ((λ⊤.⊤) ⊤)) @ v0≡(λ(λ⊤.⊤).((⊤ (0 0)) (0 ⊤))), v1≡(v0 v0);[(⊤ v0), (v1 ⊤)] — 3 d, 6348 c, 300 runs, 1002 calls, CYCLE +0, C +0, V +0  [520s]
[211 k=3 kc=2] ((λ⊤.(λ⊤.((λ1.(λ2.2)) v0))) ⊤) @ v0≡(λ⊤.0);[] — 12 d, 2 c, 300 runs, 4644 calls, CYCLE +0, C +0, V +0  [520s]
[217 k=3 kc=2] (v0 ⊤) @ v0≡(⊤ (λ⊤.((0 (⊤ ⊤)) ⊤)));[] — 4 d, 4 c, 256 runs, 1968 calls, CYCLE +0, C +0, V +0  [520s]
[223 k=3 kc=2] (λ⊤.(v0 (λv2.(λ0.1)))) @ v0≡⊤, v1≡(λv0.(λ⊤.(λ⊤.(0 (λ⊤.0))))), v2≡((λv0.v1) (⊤ v1));[(λ⊤.(⊤ 0))] — 74 d, 1335 c, 300 runs, 9530 calls, CYCLE +0, C +0, V +0  [523s]
[229 k=3 kc=2] (λ⊤.v0) @ v0≡(⊤ (λ⊤.(⊤ (λ0.1)))), v1≡(λv0.(0 v0));[] — 4 d, 65 c, 300 runs, 1936 calls, CYCLE +0, C +0, V +0  [523s]
[235 k=3 kc=2] (λv0.⊤) @ v0≡((⊤ ⊤) (⊤ (λ⊤.⊤))), v1≡(λv0.(λ⊤.v0));[(λv1.(λ0.0)), v0] skipped (5 d, 38632 c)
[241 k=3 kc=2] (λ(⊤ v1).(((v0 ⊤) (⊤ (λ⊤.v1))) ⊤)) @ v0≡(⊤ ⊤), v1≡((λ⊤.(v0 v0)) v0), v2≤v0;[(λv2.(v2 v0))] — 9408 d, 1960 c, 300 runs, 10693 calls, CYCLE +0, C +0, V +0  [525s]
[247 k=3 kc=2] (v0 (((λv0.v1) (⊤ v1)) (λv0.0))) @ v0≡((((λ⊤.0) ⊤) (λ⊤.0)) ⊤), v1≡(v0 (λv0.⊤));[v1, ⊤] — 24480 d, 2757 c, 300 runs, 26004 calls, CYCLE +0, C +0, V +0  [536s]
DONE
calls 2196646
ext 186971
ext_fetch_stored 38072
fetched_stored_after_own_last_pull 40581
fetched_stored_before_own_last_pull 2919
int 5428
pulls 192399
runs 95797
skipped_memory 5
skipped_size 10
