shard 2/6: 248 configurations, 165 items
[2 k=2 kc=1] x @ x≡(λ⊤.(0 0));[x] — 5 d, 7 c, 1000 runs, 8446 calls, CYCLE +0, C +0, V +0  [0s]
[8 k=2 kc=1] (x x) @ w≡(⊤ ⊤), x≡(λ⊤.((0 0) w));[w] — 52 d, 73 c, 1000 runs, 26823 calls, CYCLE +0, C +0, V +0  [3s]
[14 k=2 kc=1] x @ w≡(⊤ ⊤), x≡(λ⊤.((0 0) w)), y≡x;[y] — 13 d, 113 c, 1000 runs, 11728 calls, CYCLE +0, C +0, V +0  [4s]
[20 k=2 kc=1] x @ w≡((λ⊤.0) ⊤), x≡(λ⊤.((0 0) w));[x, w] — 13 d, 282 c, 1000 runs, 16451 calls, CYCLE +0, C +0, V +0  [6s]
[26 k=2 kc=1] y @ w≡((λ⊤.0) ⊤), x≡(λ⊤.((0 0) w)), y≡x;[x] — 3 d, 175 c, 1000 runs, 7570 calls, CYCLE +0, C +0, V +0  [7s]
[32 k=2 kc=1] x @ w≡(((⊤ ⊤) (⊤ ⊤)) ((⊤ ⊤) (⊤ ⊤))), x≡((λ⊤.((λ⊤.0) (0 0))) w);[w] skipped (205 d, 124662 c)
[38 k=2 kc=1] ((λ⊤.0) ((λ⊤.((λ⊤.0) (0 0))) x)) @ x≡(((⊤ ⊤) (⊤ ⊤)) ((⊤ ⊤) (⊤ ⊤)));[] skipped (6807888 d, 17 c)
[44 k=2 kc=1] v @ y≡(λ⊤.(0 0)), v≡(y ((⊤ ⊤) (⊤ ⊤)));[] — 9 d, 17 c, 1000 runs, 10632 calls, CYCLE +0, C +0, V +0  [16s]
[50 k=2 kc=1] (λ⊤.((v0 0) (λ⊤.(v0 v0)))) @ v0≡((⊤ (λ⊤.(⊤ ⊤))) ⊤);[⊤] — 128 d, 11 c, 1000 runs, 26244 calls, CYCLE +0, C +0, V +0  [18s]
[56 k=2 kc=1] (λv1.⊤) @ v0≡(⊤ ⊤), v1≡(⊤ ⊤);[(λv1.0), ⊤] — 3 d, 79 c, 1000 runs, 4367 calls, CYCLE +0, C +0, V +0  [18s]
[62 k=2 kc=1] ((λv2.v2) v1) @ v0≡((⊤ ⊤) (⊤ (λ⊤.0))), v1≡⊤, v2≤v1;[((v0 v1) ⊤), ⊤] — 4 d, 993 c, 1000 runs, 4504 calls, CYCLE +0, C +0, V +0  [19s]
[68 k=2 kc=1] (v1 (λv0.(λ⊤.(λ1.((λ0.v0) 0))))) @ v0≡(λ⊤.(λ⊤.(1 0))), v1≤(λv0.(λv0.(λ1.(1 (2 0)))));[(λv1.(v1 0))] — 8 d, 18 c, 1000 runs, 22266 calls, CYCLE +0, C +0, V +0  [23s]
[74 k=2 kc=1] ((⊤ v0) (λ⊤.(λ0.⊤))) @ v0≡((λ⊤.(0 (λ0.0))) (⊤ ⊤));[] — 20 d, 19 c, 1000 runs, 19447 calls, CYCLE +0, C +0, V +0  [25s]
[80 k=2 kc=1] (λ⊤.(λ0.1)) @ v0≡⊤;[v0] — 9 d, 7 c, 1000 runs, 8018 calls, CYCLE +0, C +0, V +0  [25s]
[86 k=2 kc=1] (λv0.(0 v2)) @ v0≡(⊤ ⊤), v1≡(v0 ((λ⊤.⊤) ⊤)), v2≡(((λv0.(⊤ v0)) v0) v0);[v0] — 1740 d, 28660 c, 1000 runs, 20396 calls, CYCLE +0, C +0, V +0  [29s]
[92 k=2 kc=1] ((λv0.(λv0.(λv0.0))) ⊤) @ v0≡⊤;[⊤, (⊤ ⊤)] — 36 d, 13 c, 1000 runs, 11325 calls, CYCLE +0, C +0, V +0  [30s]
[98 k=2 kc=1] (λ(⊤ ⊤).(λ(⊤ v0).((v0 (λ1.0)) (1 1)))) @ v0≡(λ⊤.(λ0.0));[v0] — 810 d, 7 c, 1000 runs, 40732 calls, CYCLE +0, C +0, V +0  [34s]
[104 k=2 kc=1] (((v0 v0) v0) v0) @ v0≡((λ⊤.0) ⊤);[] — 256 d, 4 c, 1000 runs, 24640 calls, CYCLE +0, C +0, V +0  [36s]
[110 k=2 kc=1] (λv0.(λ⊤.(λ0.(λ1.(λ1.(λ1.v0)))))) @ v0≤(λ⊤.((⊤ 0) 0));[(⊤ (λv0.⊤)), (⊤ (⊤ ⊤))] — 16 d, 47 c, 1000 runs, 17052 calls, CYCLE +0, C +0, V +0  [37s]
[116 k=2 kc=1] (⊤ (λ⊤.(λv1.(λ0.1)))) @ v0≡((⊤ ⊤) (λ⊤.(λ⊤.(λ1.1)))), v1≡(⊤ ⊤), v2≡(v1 (λ⊤.(λv1.(⊤ v1))));[] — 4 d, 253 c, 1000 runs, 6565 calls, CYCLE +0, C +0, V +0  [38s]
[122 k=2 kc=1] ((v0 (λv0.(λv0.(λ0.2)))) ⊤) @ v0≤⊤;[] — 1 d, 2 c, 4 runs, 44 calls, CYCLE +0, C +0, V +0  [38s]
[128 k=2 kc=1] (λv0.(⊤ (⊤ v0))) @ v0≤(λ⊤.((λ⊤.1) (λ0.⊤)));[(λ⊤.v0), (v0 ⊤)] — 3 d, 15 c, 1000 runs, 4078 calls, CYCLE +0, C +0, V +0  [38s]
[134 k=2 kc=1] (λ⊤.(0 (λv0.(v1 0)))) @ v0≡(⊤ ⊤), v1≡(λv0.(λv0.(1 v0))), v2≡((λv0.v0) (λv1.v1));[(λv2.(⊤ v0))] skipped (2145 d, 51181 c)
[140 k=2 kc=1] ((λv1.(λv1.0)) (λv2.(λv1.1))) @ v0≡(λ⊤.0), v1≡(λ⊤.v0), v2≡((⊤ (λv1.⊤)) v0);[(λv1.0), (λ⊤.v1)] — 1260 d, 661 c, 1000 runs, 38110 calls, CYCLE +0, C +0, V +0  [45s]
[146 k=2 kc=1] ((λ⊤.(λv0.(λ1.0))) ⊤) @ v0≤⊤;[v0, (⊤ ⊤)] — 9 d, 13 c, 1000 runs, 10053 calls, CYCLE +0, C +0, V +0  [45s]
[152 k=2 kc=1] ((λ⊤.(λ0.v1)) ((λv1.v1) (λv2.v0))) @ v0≡((⊤ ⊤) ⊤), v1≡((λ⊤.⊤) ⊤), v2≡((λv0.v0) (λv1.⊤));[v2] skipped (439560 d, 1624 c)
[158 k=2 kc=1] (⊤ ⊤) @ v0≡((⊤ (λ⊤.⊤)) ⊤);[⊤] — 2 d, 8 c, 256 runs, 384 calls, CYCLE +0, C +0, V +0  [46s]
[164 k=2 kc=1] (λv0.(λ0.(λv0.⊤))) @ v0≡(⊤ ⊤);[(λv0.(⊤ v0)), v0] — 117 d, 171 c, 1000 runs, 16062 calls, CYCLE +0, C +0, V +0  [46s]
[170 k=2 kc=1] (λv0.0) @ v0≡((λ⊤.(λ0.(0 0))) ⊤);[((λv0.v0) v0), ((⊤ ⊤) v0)] — 57 d, 185 c, 1000 runs, 33271 calls, CYCLE +0, C +0, V +0  [52s]
[176 k=2 kc=1] (λ⊤.(((0 (⊤ ⊤)) v0) (v0 0))) @ v0≡(λ⊤.⊤);[⊤, v0] — 32 d, 11 c, 1000 runs, 17516 calls, CYCLE +0, C +0, V +0  [53s]
[182 k=2 kc=1] (λ(λ⊤.v0).(λ⊤.(λ⊤.(λ⊤.(λ⊤.v0))))) @ v0≤(⊤ (⊤ ⊤));[(λv0.v0)] — 1 d, 8 c, 64 runs, 832 calls, CYCLE +0, C +0, V +0  [53s]
[188 k=2 kc=1] ((λ⊤.⊤) (λv2.v2)) @ v0≡(λ⊤.⊤), v1≡(v0 ⊤), v2≡(λv1.(λv1.(v0 1)));[] — 162 d, 41 c, 1000 runs, 35041 calls, CYCLE +0, C +0, V +0  [59s]
[194 k=2 kc=1] ((λ⊤.v0) v0) @ v0≡⊤;[] — 8 d, 2 c, 256 runs, 1344 calls, CYCLE +0, C +0, V +0  [59s]
[200 k=2 kc=1] (λv0.0) @ v0≤(⊤ (λ⊤.0));[(v0 ⊤), ((v0 v0) ⊤)] — 2 d, 11 c, 484 runs, 2541 calls, CYCLE +0, C +0, V +0  [59s]
[206 k=2 kc=1] (λ⊤.(⊤ (λv0.v0))) @ v0≤(λ(⊤ ⊤).((λ0.1) ((λ0.0) ⊤)));[(λv0.v0)] — 2 d, 26 c, 1000 runs, 4040 calls, CYCLE +0, C +0, V +0  [59s]
[212 k=2 kc=1] ((⊤ ⊤) ⊤) @ v0≤(λ⊤.((0 0) 0));[(⊤ (λ⊤.0)), (λ⊤.0)] — 2 d, 16 c, 1000 runs, 3448 calls, CYCLE +0, C +0, V +0  [59s]
[218 k=2 kc=1] (v1 v0) @ v0≡(⊤ ⊤), v1≡((λv0.0) (v0 ⊤)), v2≡(((v0 ⊤) v1) (v1 ⊤));[(v0 v0)] skipped (66 d, 48151 c)
[224 k=2 kc=1] (λ⊤.((λv0.v0) (λv0.(λ⊤.2)))) @ v0≡(⊤ (λ⊤.0));[((v0 v0) ⊤), ((λv0.v0) ⊤)] — 360 d, 390 c, 1000 runs, 23863 calls, CYCLE +0, C +0, V +0  [62s]
[230 k=2 kc=1] ((λ⊤.((v0 (0 ⊤)) (0 v0))) v0) @ v0≤((⊤ ((⊤ ⊤) ⊤)) (⊤ ⊤));[] — 4 d, 7 c, 784 runs, 11368 calls, CYCLE +0, C +0, V +0  [63s]
[236 k=2 kc=1] (λv0.(⊤ 0)) @ v0≡(⊤ (⊤ (λ⊤.(λ0.(1 ⊤))))), v1≡(λ⊤.(λ⊤.(λ0.(λ0.2))));[] — 8 d, 5 c, 1000 runs, 6511 calls, CYCLE +0, C +0, V +0  [64s]
[242 k=2 kc=1] (λ⊤.(λ⊤.(1 (0 0)))) @ v0≡(((⊤ ⊤) (λ⊤.(λ⊤.⊤))) ⊤);[v0] — 4 d, 14 c, 1000 runs, 17765 calls, CYCLE +0, C +0, V +0  [65s]
[0 k=2 kc=2] ((λ⊤.(0 0)) (λ⊤.(0 0))) @ ε;[] — 10 d, 1 c, 100 runs, 2323 calls, CYCLE +0, C +0, V +0  [65s]
[6 k=2 kc=2] ((x x) w) @ w≡(⊤ ⊤), x≡(λ⊤.((0 0) w));[] — 156 d, 10 c, 1000 runs, 30393 calls, CYCLE +0, C +0, V +0  [69s]
[12 k=2 kc=2] (y y) @ w≡(⊤ ⊤), x≡(λ⊤.((0 0) w)), y≡x;[] — 9 d, 41 c, 1000 runs, 16316 calls, CYCLE +0, C +0, V +0  [70s]
[18 k=2 kc=2] x @ w≡((λ⊤.0) ⊤), x≡(λ⊤.((0 0) w));[x] — 13 d, 113 c, 1000 runs, 18051 calls, CYCLE +0, C +0, V +0  [73s]
[24 k=2 kc=2] (y x) @ w≡((λ⊤.0) ⊤), x≡(λ⊤.((0 0) w)), y≡x;[] — 12 d, 69 c, 1000 runs, 20871 calls, CYCLE +0, C +0, V +0  [76s]
[30 k=2 kc=2] (x x) @ w≡(((⊤ ⊤) (⊤ ⊤)) ((⊤ ⊤) (⊤ ⊤))), x≡((λ⊤.((λ⊤.0) (0 0))) w);[] skipped (42025 d, 561817 c)
[36 k=2 kc=2] ((λ⊤.0) ((λ⊤.0) x)) @ x≡(λ⊤.(0 0));[] — 64 d, 2 c, 1000 runs, 24356 calls, CYCLE +0, C +0, V +0  [78s]
[42 k=2 kc=2] ((λ⊤.0) ((λ⊤.((λ⊤.0) (0 0))) x)) @ x≡(λ⊤.(0 0));[] — 2808 d, 2 c, 1000 runs, 55707 calls, CYCLE +0, C +0, V +0  [86s]
[48 k=2 kc=2] (λ⊤.0) @ v0≤(λ⊤.((λ0.(λ1.(2 ⊤))) 0));[v0, (λ⊤.0)] — 2 d, 15 c, 900 runs, 3375 calls, CYCLE +0, C +0, V +0  [86s]
[54 k=2 kc=2] (λv0.(λ(λ⊤.v0).(λ1.(λ1.(1 (λ3.1)))))) @ v0≡((⊤ ⊤) ⊤);[(⊤ v0), ⊤] — 450 d, 39 c, 1000 runs, 29307 calls, CYCLE +0, C +0, V +0  [88s]
[60 k=2 kc=2] (⊤ ⊤) @ v0≡(λ⊤.(λ⊤.⊤));[v0] — 2 d, 7 c, 196 runs, 294 calls, CYCLE +0, C +0, V +0  [88s]
[66 k=2 kc=2] ((v1 (λv1.(0 (⊤ v2)))) v1) @ v0≤(⊤ ⊤), v1≡(λ⊤.(⊤ ⊤)), v2≡((λv1.⊤) v1);[((λ⊤.v2) ⊤)] — 378 d, 2703 c, 1000 runs, 27857 calls, CYCLE +0, C +0, V +0  [93s]
[72 k=2 kc=2] (λv0.0) @ v0≡⊤, v1≡v0, v2≡(λ⊤.(⊤ (⊤ 0)));[v1] — 6 d, 127 c, 1000 runs, 5565 calls, CYCLE +0, C +0, V +0  [93s]
[78 k=2 kc=2] (⊤ v2) @ v0≤(λ⊤.((λ⊤.⊤) (λ⊤.1))), v1≡(λ⊤.0), v2≡(((λv1.(0 v0)) v0) v1);[⊤] — 12 d, 172 c, 1000 runs, 13377 calls, CYCLE +0, C +0, V +0  [96s]
[84 k=2 kc=2] (λ⊤.(λ⊤.(λ⊤.0))) @ v0≡(λ⊤.(λ0.(⊤ 1))), v1≡(λv0.(λ⊤.(1 (λ⊤.2))));[(v1 v1), v1] — 1 d, 3390 c, 1000 runs, 7000 calls, CYCLE +0, C +0, V +0  [98s]
[90 k=2 kc=2] (λv1.(((λ0.v1) v0) v0)) @ v0≡((⊤ ⊤) ⊤), v1≡v0;[(v1 ⊤)] — 576 d, 65 c, 1000 runs, 25056 calls, CYCLE +0, C +0, V +0  [100s]
[96 k=2 kc=2] (λv0.(λ(λ⊤.v0).(1 (λ1.(1 (⊤ 0)))))) @ v0≡((λ⊤.(0 (0 ⊤))) ⊤);[(λ⊤.v0)] — 450 d, 34 c, 1000 runs, 52373 calls, CYCLE +0, C +0, V +0  [109s]
[102 k=2 kc=2] (v1 (v1 v0)) @ v0≤(λ⊤.(⊤ ⊤)), v1≡(((⊤ ⊤) ⊤) (v0 (⊤ ⊤)));[(v1 (⊤ ⊤))] — 25 d, 183 c, 1000 runs, 20357 calls, CYCLE +0, C +0, V +0  [112s]
[108 k=2 kc=2] (λ⊤.⊤) @ v0≡(λ⊤.(⊤ (λ0.1)));[(λv0.v0)] — 1 d, 30 c, 900 runs, 2700 calls, CYCLE +0, C +0, V +0  [112s]
[114 k=2 kc=2] (λv0.(v0 0)) @ v0≡(⊤ (⊤ ((λ⊤.(0 0)) ⊤)));[(λ⊤.(λ⊤.v0))] — 245 d, 62 c, 1000 runs, 26559 calls, CYCLE +0, C +0, V +0  [116s]
[120 k=2 kc=2] (λv0.(λ0.(λ0.((⊤ v0) (λ2.⊤))))) @ v0≡(⊤ ((⊤ (λ⊤.(⊤ 0))) ⊤));[(v0 ⊤)] — 1080 d, 34 c, 1000 runs, 33735 calls, CYCLE +0, C +0, V +0  [121s]
[126 k=2 kc=2] (v0 (λ⊤.v1)) @ v0≡⊤, v1≡(λ⊤.(v0 (0 (v0 ⊤)))), v2≤⊤;[] — 10 d, 10 c, 1000 runs, 15782 calls, CYCLE +0, C +0, V +0  [123s]
[132 k=2 kc=2] (λ⊤.(λ0.((v0 1) (λ1.0)))) @ v0≡(λ⊤.⊤);[(⊤ (λv0.v0))] — 432 d, 13 c, 1000 runs, 31910 calls, CYCLE +0, C +0, V +0  [127s]
[138 k=2 kc=2] (λv2.v1) @ v0≤(λ⊤.(λ⊤.0)), v1≡((⊤ ⊤) ⊤), v2≡(λv1.(λv0.(λ⊤.1)));[(⊤ v0)] — 12 d, 108 c, 1000 runs, 15709 calls, CYCLE +0, C +0, V +0  [129s]
[144 k=2 kc=2] ((λ⊤.(0 v0)) v0) @ v0≡((λ⊤.(0 ⊤)) (⊤ ⊤)), v1≡v0;[((λv1.v1) v0)] skipped (567 d, 32608 c)
[150 k=2 kc=2] (λv1.(λv1.(λ1.(λ0.(3 (λ1.4)))))) @ v0≡((λ⊤.(⊤ (λ0.0))) ⊤), v1≡(⊤ v0);[] — 36 d, 31 c, 1000 runs, 23050 calls, CYCLE +0, C +0, V +0  [132s]
[156 k=2 kc=2] ((λ⊤.v0) (λv0.v0)) @ v0≤⊤;[] — 2 d, 2 c, 16 runs, 92 calls, CYCLE +0, C +0, V +0  [132s]
[162 k=2 kc=2] (λ⊤.(λv1.(λ⊤.(v0 v0)))) @ v0≡((⊤ ⊤) (λ⊤.⊤)), v1≡(v0 (⊤ v0)), v2≡(v0 (λv0.⊤));[] — 117 d, 334 c, 1000 runs, 30831 calls, CYCLE +0, C +0, V +0  [141s]
[168 k=2 kc=2] (λv0.(λv0.(⊤ (v0 0)))) @ v0≡(λ(λ⊤.⊤).((0 ⊤) (0 (⊤ 0))));[] — 126 d, 3 c, 1000 runs, 40883 calls, CYCLE +0, C +0, V +0  [148s]
[174 k=2 kc=2] (λ(⊤ v0).((λv0.(v0 v0)) (λ0.(⊤ 1)))) @ v0≡⊤;[(⊤ ⊤)] — 432 d, 8 c, 1000 runs, 16560 calls, CYCLE +0, C +0, V +0  [149s]
[180 k=2 kc=2] (λv1.((λv1.(v1 1)) v1)) @ v0≡(⊤ (λ⊤.(⊤ (λ⊤.1)))), v1≡(λ(λv0.v0).((v0 v0) (λ0.(λv0.⊤))));[] skipped (memory)
[186 k=2 kc=2] ((v0 ⊤) (⊤ ⊤)) @ v0≡⊤;[] — 4 d, 2 c, 64 runs, 400 calls, CYCLE +0, C +0, V +0  [189s]
[192 k=2 kc=2] (v1 ⊤) @ v0≤(λ⊤.(λ0.(⊤ 0))), v1≡(λ⊤.(λ⊤.(λ⊤.v0))), v2≡(v0 (v0 ((⊤ v1) ⊤)));[v1] — 2 d, 78 c, 1000 runs, 8110 calls, CYCLE +0, C +0, V +0  [190s]
[198 k=2 kc=2] (⊤ (v0 ⊤)) @ v0≡(⊤ (λ⊤.((0 0) (0 ⊤))));[] — 4 d, 3 c, 144 runs, 750 calls, CYCLE +0, C +0, V +0  [190s]
[204 k=2 kc=2] (λ⊤.(v1 v0)) @ v0≡⊤, v1≡(λv0.(⊤ (0 ⊤)));[] — 14 d, 9 c, 1000 runs, 11520 calls, CYCLE +0, C +0, V +0  [191s]
[210 k=2 kc=2] ((λ⊤.⊤) (v0 (v0 ⊤))) @ v0≤((⊤ ⊤) ⊤);[] — 2 d, 3 c, 36 runs, 279 calls, CYCLE +0, C +0, V +0  [191s]
[216 k=2 kc=2] (((λv0.(λ⊤.0)) (λ⊤.v0)) ⊤) @ v0≡(λ⊤.(⊤ (0 (⊤ ⊤))));[(⊤ v0)] — 40 d, 27 c, 1000 runs, 18923 calls, CYCLE +0, C +0, V +0  [193s]
[222 k=2 kc=2] (λv1.(λ⊤.v0)) @ v0≡(⊤ ⊤), v1≤((λv0.v0) v0);[(λv0.v0), (v0 ⊤)] — 3 d, 12133 c, 1000 runs, 6427 calls, CYCLE +0, C +0, V +0  [193s]
[228 k=2 kc=2] (v2 (v1 v1)) @ v0≡(λ⊤.(λ0.(λ0.(λ1.2)))), v1≡(⊤ ⊤), v2≡(λv1.(⊤ v0));[(⊤ v0)] — 90 d, 445 c, 1000 runs, 15969 calls, CYCLE +0, C +0, V +0  [196s]
[234 k=2 kc=2] ((⊤ ((⊤ v1) v0)) (⊤ (⊤ ⊤))) @ v0≡(⊤ (⊤ ⊤)), v1≡(v0 ⊤);[⊤] — 75 d, 62 c, 1000 runs, 14205 calls, CYCLE +0, C +0, V +0  [197s]
[240 k=2 kc=2] (λ⊤.((v0 ⊤) (0 v0))) @ v0≡⊤;[(λ⊤.(λv0.v0))] — 20 d, 10 c, 1000 runs, 16664 calls, CYCLE +0, C +0, V +0  [199s]
[246 k=2 kc=2] (v1 (λv1.((λv0.1) 0))) @ v0≡((⊤ ⊤) ((λ⊤.0) (⊤ ⊤))), v1≡(λv0.(λ⊤.((v0 v0) ⊤))), v2≡(λ⊤.0);[] skipped (9592200 d, 83523 c)
[4 k=3 kc=1] (x (λ⊤.(0 0))) @ x≡(λ⊤.(0 0));[] — 11 d, 2 c, 300 runs, 6878 calls, CYCLE +0, C +0, V +0  [215s]
[10 k=3 kc=1] (x x) @ w≡(⊤ ⊤), x≡(λ⊤.(0 (0 w)));[] — 112 d, 10 c, 300 runs, 9712 calls, CYCLE +0, C +0, V +0  [216s]
[16 k=3 kc=1] (x x) @ w≡((λ⊤.0) ⊤), x≡(λ⊤.((0 0) w));[] — 185 d, 13 c, 300 runs, 12280 calls, CYCLE +0, C +0, V +0  [219s]
[22 k=3 kc=1] x @ w≡((λ⊤.0) ⊤), x≡(λ⊤.(0 (0 w)));[x] — 37 d, 60 c, 300 runs, 7315 calls, CYCLE +0, C +0, V +0  [220s]
[28 k=3 kc=1] x @ w≤⊤, x≡(λ⊤.(0 0));[w] — 5 d, 9 c, 300 runs, 2142 calls, CYCLE +0, C +0, V +0  [220s]
[34 k=3 kc=1] ((λ⊤.0) ((λ⊤.0) x)) @ x≡(⊤ ⊤);[] — 255 d, 3 c, 300 runs, 5916 calls, CYCLE +0, C +0, V +0  [220s]
[40 k=3 kc=1] (λ⊤.0) @ x≡(((⊤ ⊤) (⊤ ⊤)) ((⊤ ⊤) (⊤ ⊤)));[((λ⊤.((λ⊤.0) (0 0))) x)] skipped (33049 d, 3485 c)
[46 k=3 kc=1] (x (λ⊤.((0 0) v))) @ v≡(⊤ ⊤), x≡(λ⊤.(0 0));[] — 159 d, 4 c, 300 runs, 11682 calls, CYCLE +0, C +0, V +0  [222s]
[52 k=3 kc=1] (v1 ((⊤ ⊤) (⊤ ⊤))) @ v0≡⊤, v1≡(λ⊤.(λ0.((v0 ⊤) v0)));[(v0 ⊤)] — 84 d, 47 c, 300 runs, 6055 calls, CYCLE +0, C +0, V +0  [223s]
[58 k=3 kc=1] (λv0.((v0 (λv0.v0)) v1)) @ v0≤((⊤ ⊤) ⊤), v1≡(((λv0.(λv0.(λ0.⊤))) ⊤) ⊤);[(λv1.(λ⊤.0))] — 5 d, 52 c, 300 runs, 5766 calls, CYCLE +0, C +0, V +0  [224s]
[64 k=3 kc=1] (⊤ v1) @ v0≡(⊤ (λ⊤.(0 0))), v1≡(v0 v0), v2≤(⊤ (λv0.((λv1.v0) v0)));[] — 11 d, 2297 c, 300 runs, 2771 calls, CYCLE +0, C +0, V +0  [225s]
[70 k=3 kc=1] (λv0.(⊤ ⊤)) @ v0≡(λ⊤.(λ0.1)), v1≡(λv0.(⊤ (0 (⊤ v0)))), v2≡(v1 (⊤ ⊤));[(λv2.v1), (λ⊤.(λ0.v2))] — 4 d, 10649 c, 300 runs, 2126 calls, CYCLE +0, C +0, V +0  [226s]
[76 k=3 kc=1] (λ(v0 ⊤).(λv2.((0 v1) (λ0.v1)))) @ v0≡((⊤ ⊤) (⊤ ⊤)), v1≡(λv0.(λ0.(⊤ (λv0.(λ1.3))))), v2≡⊤;[((v2 v2) v2)] — 9610 d, 1368 c, 300 runs, 14684 calls, CYCLE +0, C +0, V +0  [232s]
[82 k=3 kc=1] (⊤ (λv1.((0 v0) 0))) @ v0≡(λ⊤.(⊤ (λ⊤.⊤))), v1≡(λ⊤.v0);[] — 13 d, 10 c, 300 runs, 5199 calls, CYCLE +0, C +0, V +0  [232s]
[88 k=3 kc=1] (λ⊤.(λ0.((λv0.((1 2) 2)) v1))) @ v0≤(⊤ ⊤), v1≡((λ⊤.⊤) (λ⊤.((v0 0) ⊤)));[] — 6 d, 7 c, 300 runs, 6211 calls, CYCLE +0, C +0, V +0  [233s]
[94 k=3 kc=1] (λ(v0 v0).((0 (λv0.0)) (λ⊤.1))) @ v0≤⊤;[(v0 (λv0.⊤))] — 4 d, 4 c, 256 runs, 5248 calls, CYCLE +0, C +0, V +0  [233s]
[100 k=3 kc=1] (λ⊤.v1) @ v0≡(⊤ (⊤ ((λ⊤.⊤) (⊤ ⊤)))), v1≡(λ⊤.((λv0.⊤) ⊤));[] — 9 d, 57 c, 300 runs, 3863 calls, CYCLE +0, C +0, V +0  [234s]
[106 k=3 kc=1] (λv0.(λ⊤.((λ⊤.1) v0))) @ v0≡(λ⊤.(λ⊤.⊤));[] — 8 d, 2 c, 256 runs, 3904 calls, CYCLE +0, C +0, V +0  [234s]
[112 k=3 kc=1] (λ⊤.v1) @ v0≡((λ⊤.⊤) ⊤), v1≡v0, v2≤(⊤ v0);[] — 4 d, 41 c, 300 runs, 2121 calls, CYCLE +0, C +0, V +0  [234s]
[118 k=3 kc=1] ((v1 v0) v2) @ v0≤⊤, v1≡((λv0.0) v0), v2≡⊤;[⊤, (⊤ (λv1.v2))] — 8 d, 132 c, 300 runs, 3045 calls, CYCLE +0, C +0, V +0  [235s]
[124 k=3 kc=1] (v0 v0) @ v0≡(λ⊤.(λ0.⊤));[(λ⊤.(⊤ v0)), v0] — 8 d, 25 c, 300 runs, 4520 calls, CYCLE +0, C +0, V +0  [235s]
[130 k=3 kc=1] (λ(v0 v0).((0 (0 (λv0.(λ1.2)))) ⊤)) @ v0≡⊤;[] — 8 d, 2 c, 256 runs, 4416 calls, CYCLE +0, C +0, V +0  [235s]
[136 k=3 kc=1] ((λ⊤.(λv1.1)) ⊤) @ v0≤((⊤ ⊤) (⊤ ((⊤ ⊤) ⊤))), v1≡(λv0.(λv0.0));[⊤] — 6 d, 29 c, 300 runs, 3052 calls, CYCLE +0, C +0, V +0  [235s]
[142 k=3 kc=1] ((λv0.⊤) ⊤) @ v0≡(⊤ (λ⊤.(λ0.1)));[⊤, ⊤] — 4 d, 15 c, 300 runs, 1713 calls, CYCLE +0, C +0, V +0  [236s]
[148 k=3 kc=1] ((⊤ v0) (λ⊤.0)) @ v0≡((λ⊤.0) ((⊤ ⊤) (λ⊤.⊤)));[(λ⊤.(0 v0))] — 10 d, 54 c, 300 runs, 5071 calls, CYCLE +0, C +0, V +0  [236s]
[154 k=3 kc=1] ((λv1.((v2 ⊤) (v1 (v0 ⊤)))) v2) @ v0≡(λ⊤.(⊤ (λ0.1))), v1≡(v0 (λ⊤.((0 0) (λ⊤.v0)))), v2≤(v0 (⊤ v0));[] — 2280 d, 337 c, 300 runs, 22393 calls, CYCLE +0, C +0, V +0  [247s]
[160 k=3 kc=1] (v0 v1) @ v0≡⊤, v1≡v0;[] — 6 d, 5 c, 300 runs, 1613 calls, CYCLE +0, C +0, V +0  [247s]
[166 k=3 kc=1] (v0 (λv1.(λ0.(λv0.⊤)))) @ v0≡(λ⊤.(0 0)), v1≡((⊤ (⊤ ⊤)) (⊤ v0));[v1] — 8720 d, 179 c, 300 runs, 18887 calls, CYCLE +0, C +0, V +0  [253s]
[172 k=3 kc=1] (((λv1.v2) v1) v0) @ v0≤(λ⊤.((0 ⊤) ⊤)), v1≡(λv0.⊤), v2≤(⊤ v0);[(λ⊤.⊤)] — 6 d, 26 c, 300 runs, 2765 calls, CYCLE +0, C +0, V +0  [253s]
[178 k=3 kc=1] (v2 ⊤) @ v0≡(⊤ ((⊤ (⊤ (⊤ ⊤))) ⊤)), v1≡⊤, v2≡(λ⊤.(λv0.((λ⊤.v1) ⊤)));[] — 25 d, 169 c, 300 runs, 4851 calls, CYCLE +0, C +0, V +0  [254s]
[184 k=3 kc=1] (λv0.(λv0.(λv1.(v0 v1)))) @ v0≤⊤, v1≡v0;[(λ⊤.(λ⊤.1)), ⊤] — 4 d, 19 c, 300 runs, 3150 calls, CYCLE +0, C +0, V +0  [254s]
[190 k=3 kc=1] ((λ⊤.(v0 (0 0))) ⊤) @ v0≡(λ⊤.⊤);[⊤] — 8 d, 5 c, 300 runs, 3825 calls, CYCLE +0, C +0, V +0  [254s]
[196 k=3 kc=1] ((v0 (v1 (v0 (v1 v1)))) v0) @ v0≡(λ⊤.⊤), v1≡(λv0.((⊤ (v0 v0)) v0));[] skipped (74088 d, 41 c)
[202 k=3 kc=1] (λv0.((⊤ (λv0.(0 (λ1.2)))) v2)) @ v0≡((⊤ (⊤ (λ⊤.⊤))) ⊤), v1≤(λv0.(v0 ⊤)), v2≤((v0 (v0 (λv1.(λv0.0)))) ⊤);[(λv1.0), (v2 ⊤)] skipped (68 d, 39299 c)
[208 k=3 kc=1] ((λv0.(λv1.0)) (v0 ⊤)) @ v0≡(λ⊤.(0 (⊤ ⊤))), v1≡v0;[] — 80 d, 10 c, 300 runs, 6718 calls, CYCLE +0, C +0, V +0  [255s]
[214 k=3 kc=1] ((((v0 (λ⊤.v0)) v0) v0) (λ⊤.0)) @ v0≡(⊤ (⊤ ⊤));[] — 256 d, 4 c, 300 runs, 6349 calls, CYCLE +0, C +0, V +0  [256s]
[220 k=3 kc=1] ((λv0.(λ⊤.0)) (λv0.((0 v1) v2))) @ v0≡(λ⊤.((0 ⊤) (λ⊤.0))), v1≡(λ⊤.(((λ⊤.1) (λ0.1)) 0)), v2≡(v1 (λv0.(v0 v0)));[(v1 v0)] skipped (478782 d, 1759 c)
[226 k=3 kc=1] (λ(v0 v0).(λ⊤.(λ⊤.((v0 (λ2.⊤)) 1)))) @ v0≡((⊤ ⊤) (λ⊤.(⊤ (0 0))));[] — 125 d, 5 c, 300 runs, 10146 calls, CYCLE +0, C +0, V +0  [259s]
[232 k=3 kc=1] (λ(v1 v1).((⊤ (λ0.((v1 ⊤) ⊤))) 0)) @ v0≤((⊤ ⊤) (⊤ ⊤)), v1≡(λv0.⊤);[(⊤ (v0 v0))] — 84 d, 32 c, 300 runs, 6562 calls, CYCLE +0, C +0, V +0  [259s]
[238 k=3 kc=1] (v0 v0) @ v0≡⊤;[(λ⊤.(λv0.⊤)), ⊤] — 4 d, 12 c, 300 runs, 1373 calls, CYCLE +0, C +0, V +0  [260s]
[244 k=3 kc=1] ((λv1.v2) v2) @ v0≡((λ⊤.(λ0.((1 ⊤) 1))) ⊤), v1≡(v0 v0), v2≡(((λv0.0) v1) ((v0 ⊤) v1));[((v0 v1) v1), ⊤] skipped (memory)
[2 k=3 kc=2] x @ x≡(λ⊤.(0 0));[x] — 10 d, 7 c, 300 runs, 4103 calls, CYCLE +0, C +0, V +0  [284s]
[8 k=3 kc=2] (x x) @ w≡(⊤ ⊤), x≡(λ⊤.((0 0) w));[w] — 112 d, 73 c, 300 runs, 9729 calls, CYCLE +0, C +0, V +0  [286s]
[14 k=3 kc=2] x @ w≡(⊤ ⊤), x≡(λ⊤.((0 0) w)), y≡x;[y] — 28 d, 264 c, 300 runs, 5532 calls, CYCLE +0, C +0, V +0  [286s]
[20 k=3 kc=2] x @ w≡((λ⊤.0) ⊤), x≡(λ⊤.((0 0) w));[x, w] — 37 d, 777 c, 300 runs, 8475 calls, CYCLE +0, C +0, V +0  [288s]
[26 k=3 kc=2] y @ w≡((λ⊤.0) ⊤), x≡(λ⊤.((0 0) w)), y≡x;[x] — 14 d, 729 c, 300 runs, 5890 calls, CYCLE +0, C +0, V +0  [289s]
[32 k=3 kc=2] x @ w≡(((⊤ ⊤) (⊤ ⊤)) ((⊤ ⊤) (⊤ ⊤))), x≡((λ⊤.((λ⊤.0) (0 0))) w);[w] skipped (33049 d, 20192346 c)
[38 k=3 kc=2] ((λ⊤.0) ((λ⊤.((λ⊤.0) (0 0))) x)) @ x≡(((⊤ ⊤) (⊤ ⊤)) ((⊤ ⊤) (⊤ ⊤)));[] skipped (memory)
[44 k=3 kc=2] v @ y≡(λ⊤.(0 0)), v≡(y ((⊤ ⊤) (⊤ ⊤)));[] — 105 d, 209 c, 300 runs, 5885 calls, CYCLE +0, C +0, V +0  [309s]
[50 k=3 kc=2] (λ⊤.((v0 0) (λ⊤.(v0 v0)))) @ v0≡((⊤ (λ⊤.(⊤ ⊤))) ⊤);[⊤] — 128 d, 11 c, 300 runs, 7894 calls, CYCLE +0, C +0, V +0  [310s]
[56 k=3 kc=2] (λv1.⊤) @ v0≡(⊤ ⊤), v1≡(⊤ ⊤);[(λv1.0), ⊤] — 3 d, 79 c, 300 runs, 1325 calls, CYCLE +0, C +0, V +0  [310s]
[62 k=3 kc=2] ((λv2.v2) v1) @ v0≡((⊤ ⊤) (⊤ (λ⊤.0))), v1≡⊤, v2≤v1;[((v0 v1) ⊤), ⊤] — 4 d, 993 c, 300 runs, 1337 calls, CYCLE +0, C +0, V +0  [310s]
[68 k=3 kc=2] (v1 (λv0.(λ⊤.(λ1.((λ0.v0) 0))))) @ v0≡(λ⊤.(λ⊤.(1 0))), v1≤(λv0.(λv0.(λ1.(1 (2 0)))));[(λv1.(v1 0))] — 8 d, 18 c, 300 runs, 6750 calls, CYCLE +0, C +0, V +0  [311s]
[74 k=3 kc=2] ((⊤ v0) (λ⊤.(λ0.⊤))) @ v0≡((λ⊤.(0 (λ0.0))) (⊤ ⊤));[] — 20 d, 19 c, 300 runs, 5962 calls, CYCLE +0, C +0, V +0  [312s]
[80 k=3 kc=2] (λ⊤.(λ0.1)) @ v0≡⊤;[v0] — 9 d, 7 c, 300 runs, 2416 calls, CYCLE +0, C +0, V +0  [312s]
[86 k=3 kc=2] (λv0.(0 v2)) @ v0≡(⊤ ⊤), v1≡(v0 ((λ⊤.⊤) ⊤)), v2≡(((λv0.(⊤ v0)) v0) v0);[v0] — 1740 d, 28660 c, 300 runs, 6272 calls, CYCLE +0, C +0, V +0  [313s]
[92 k=3 kc=2] ((λv0.(λv0.(λv0.0))) ⊤) @ v0≡⊤;[⊤, (⊤ ⊤)] — 36 d, 13 c, 300 runs, 3402 calls, CYCLE +0, C +0, V +0  [313s]
[98 k=3 kc=2] (λ(⊤ ⊤).(λ(⊤ v0).((v0 (λ1.0)) (1 1)))) @ v0≡(λ⊤.(λ0.0));[v0] — 3456 d, 7 c, 300 runs, 14226 calls, CYCLE +0, C +0, V +0  [315s]
[104 k=3 kc=2] (((v0 v0) v0) v0) @ v0≡((λ⊤.0) ⊤);[] — 256 d, 4 c, 300 runs, 7390 calls, CYCLE +0, C +0, V +0  [315s]
[110 k=3 kc=2] (λv0.(λ⊤.(λ0.(λ1.(λ1.(λ1.v0)))))) @ v0≤(λ⊤.((⊤ 0) 0));[(⊤ (λv0.⊤)), (⊤ (⊤ ⊤))] — 16 d, 47 c, 300 runs, 5144 calls, CYCLE +0, C +0, V +0  [316s]
[116 k=3 kc=2] (⊤ (λ⊤.(λv1.(λ0.1)))) @ v0≡((⊤ ⊤) (λ⊤.(λ⊤.(λ1.1)))), v1≡(⊤ ⊤), v2≡(v1 (λ⊤.(λv1.(⊤ v1))));[] — 4 d, 253 c, 300 runs, 1845 calls, CYCLE +0, C +0, V +0  [316s]
[122 k=3 kc=2] ((v0 (λv0.(λv0.(λ0.2)))) ⊤) @ v0≤⊤;[] — 1 d, 2 c, 4 runs, 44 calls, CYCLE +0, C +0, V +0  [316s]
[128 k=3 kc=2] (λv0.(⊤ (⊤ v0))) @ v0≤(λ⊤.((λ⊤.1) (λ0.⊤)));[(λ⊤.v0), (v0 ⊤)] — 3 d, 15 c, 300 runs, 1248 calls, CYCLE +0, C +0, V +0  [316s]
[134 k=3 kc=2] (λ⊤.(0 (λv0.(v1 0)))) @ v0≡(⊤ ⊤), v1≡(λv0.(λv0.(1 v0))), v2≡((λv0.v0) (λv1.v1));[(λv2.(⊤ v0))] skipped (memory)
[140 k=3 kc=2] ((λv1.(λv1.0)) (λv2.(λv1.1))) @ v0≡(λ⊤.0), v1≡(λ⊤.v0), v2≡((⊤ (λv1.⊤)) v0);[(λv1.0), (λ⊤.v1)] — 3240 d, 1661 c, 300 runs, 13544 calls, CYCLE +0, C +0, V +0  [334s]
[146 k=3 kc=2] ((λ⊤.(λv0.(λ1.0))) ⊤) @ v0≤⊤;[v0, (⊤ ⊤)] — 9 d, 13 c, 300 runs, 3013 calls, CYCLE +0, C +0, V +0  [334s]
[152 k=3 kc=2] ((λ⊤.(λ0.v1)) ((λv1.v1) (λv2.v0))) @ v0≡((⊤ ⊤) ⊤), v1≡((λ⊤.⊤) ⊤), v2≡((λv0.v0) (λv1.⊤));[v2] skipped (5330664 d, 10226 c)
[158 k=3 kc=2] (⊤ ⊤) @ v0≡((⊤ (λ⊤.⊤)) ⊤);[⊤] — 2 d, 8 c, 256 runs, 384 calls, CYCLE +0, C +0, V +0  [341s]
[164 k=3 kc=2] (λv0.(λ0.(λv0.⊤))) @ v0≡(⊤ ⊤);[(λv0.(⊤ v0)), v0] — 117 d, 171 c, 300 runs, 4870 calls, CYCLE +0, C +0, V +0  [341s]
[170 k=3 kc=2] (λv0.0) @ v0≡((λ⊤.(λ0.(0 0))) ⊤);[((λv0.v0) v0), ((⊤ ⊤) v0)] — 1011 d, 761 c, 300 runs, 14974 calls, CYCLE +0, C +0, V +0  [345s]
[176 k=3 kc=2] (λ⊤.(((0 (⊤ ⊤)) v0) (v0 0))) @ v0≡(λ⊤.⊤);[⊤, v0] — 32 d, 11 c, 300 runs, 5230 calls, CYCLE +0, C +0, V +0  [346s]
[182 k=3 kc=2] (λ(λ⊤.v0).(λ⊤.(λ⊤.(λ⊤.(λ⊤.v0))))) @ v0≤(⊤ (⊤ ⊤));[(λv0.v0)] — 1 d, 8 c, 64 runs, 832 calls, CYCLE +0, C +0, V +0  [346s]
[188 k=3 kc=2] ((λ⊤.⊤) (λv2.v2)) @ v0≡(λ⊤.⊤), v1≡(v0 ⊤), v2≡(λv1.(λv1.(v0 1)));[] — 722 d, 91 c, 300 runs, 12806 calls, CYCLE +0, C +0, V +0  [349s]
[194 k=3 kc=2] ((λ⊤.v0) v0) @ v0≡⊤;[] — 8 d, 2 c, 256 runs, 1344 calls, CYCLE +0, C +0, V +0  [349s]
[200 k=3 kc=2] (λv0.0) @ v0≤(⊤ (λ⊤.0));[(v0 ⊤), ((v0 v0) ⊤)] — 2 d, 11 c, 300 runs, 1548 calls, CYCLE +0, C +0, V +0  [349s]
[206 k=3 kc=2] (λ⊤.(⊤ (λv0.v0))) @ v0≤(λ(⊤ ⊤).((λ0.1) ((λ0.0) ⊤)));[(λv0.v0)] — 2 d, 26 c, 300 runs, 1228 calls, CYCLE +0, C +0, V +0  [349s]
[212 k=3 kc=2] ((⊤ ⊤) ⊤) @ v0≤(λ⊤.((0 0) 0));[(⊤ (λ⊤.0)), (λ⊤.0)] — 2 d, 16 c, 300 runs, 1060 calls, CYCLE +0, C +0, V +0  [349s]
[218 k=3 kc=2] (v1 v0) @ v0≡(⊤ ⊤), v1≡((λv0.0) (v0 ⊤)), v2≡(((v0 ⊤) v1) (v1 ⊤));[(v0 v0)] skipped (120 d, 4784350 c)
[224 k=3 kc=2] (λ⊤.((λv0.v0) (λv0.(λ⊤.2)))) @ v0≡(⊤ (λ⊤.0));[((v0 v0) ⊤), ((λv0.v0) ⊤)] — 360 d, 390 c, 300 runs, 7159 calls, CYCLE +0, C +0, V +0  [352s]
[230 k=3 kc=2] ((λ⊤.((v0 (0 ⊤)) (0 v0))) v0) @ v0≤((⊤ ((⊤ ⊤) ⊤)) (⊤ ⊤));[] — 4 d, 7 c, 300 runs, 4363 calls, CYCLE +0, C +0, V +0  [353s]
[236 k=3 kc=2] (λv0.(⊤ 0)) @ v0≡(⊤ (⊤ (λ⊤.(λ0.(1 ⊤))))), v1≡(λ⊤.(λ⊤.(λ0.(λ0.2))));[] — 8 d, 5 c, 300 runs, 1977 calls, CYCLE +0, C +0, V +0  [353s]
[242 k=3 kc=2] (λ⊤.(λ⊤.(1 (0 0)))) @ v0≡(((⊤ ⊤) (λ⊤.(λ⊤.⊤))) ⊤);[v0] — 4 d, 14 c, 300 runs, 5324 calls, CYCLE +0, C +0, V +0  [354s]
DONE
calls 1605960
ext 149786
ext_fetch_stored 23917
fetched_stored_after_own_last_pull 26368
fetched_stored_before_own_last_pull 1883
int 4334
pulls 154120
runs 85052
skipped_memory 4
skipped_size 15
